Archive member included to satisfy reference by file (symbol)

c:/st/stm32cubeide_1.6.0/stm32cubeide/plugins/com.st.stm32cube.ide.mcu.externaltools.gnu-tools-for-stm32.9-2020-q2-update.win32_1.5.0.202011040924/tools/bin/../lib/gcc/arm-none-eabi/9.3.1/../../../../arm-none-eabi/lib/thumb/v7e-m+fp/hard\libc_nano.a(lib_a-errno.o)
                              Example/SW4STM32/syscalls.o (__errno)
c:/st/stm32cubeide_1.6.0/stm32cubeide/plugins/com.st.stm32cube.ide.mcu.externaltools.gnu-tools-for-stm32.9-2020-q2-update.win32_1.5.0.202011040924/tools/bin/../lib/gcc/arm-none-eabi/9.3.1/../../../../arm-none-eabi/lib/thumb/v7e-m+fp/hard\libc_nano.a(lib_a-exit.o)
                              c:/st/stm32cubeide_1.6.0/stm32cubeide/plugins/com.st.stm32cube.ide.mcu.externaltools.gnu-tools-for-stm32.9-2020-q2-update.win32_1.5.0.202011040924/tools/bin/../lib/gcc/arm-none-eabi/9.3.1/../../../../arm-none-eabi/lib/thumb/v7e-m+fp/hard/crt0.o (exit)
c:/st/stm32cubeide_1.6.0/stm32cubeide/plugins/com.st.stm32cube.ide.mcu.externaltools.gnu-tools-for-stm32.9-2020-q2-update.win32_1.5.0.202011040924/tools/bin/../lib/gcc/arm-none-eabi/9.3.1/../../../../arm-none-eabi/lib/thumb/v7e-m+fp/hard\libc_nano.a(lib_a-impure.o)
                              c:/st/stm32cubeide_1.6.0/stm32cubeide/plugins/com.st.stm32cube.ide.mcu.externaltools.gnu-tools-for-stm32.9-2020-q2-update.win32_1.5.0.202011040924/tools/bin/../lib/gcc/arm-none-eabi/9.3.1/../../../../arm-none-eabi/lib/thumb/v7e-m+fp/hard\libc_nano.a(lib_a-exit.o) (_global_impure_ptr)
c:/st/stm32cubeide_1.6.0/stm32cubeide/plugins/com.st.stm32cube.ide.mcu.externaltools.gnu-tools-for-stm32.9-2020-q2-update.win32_1.5.0.202011040924/tools/bin/../lib/gcc/arm-none-eabi/9.3.1/../../../../arm-none-eabi/lib/thumb/v7e-m+fp/hard\libc_nano.a(lib_a-init.o)
                              c:/st/stm32cubeide_1.6.0/stm32cubeide/plugins/com.st.stm32cube.ide.mcu.externaltools.gnu-tools-for-stm32.9-2020-q2-update.win32_1.5.0.202011040924/tools/bin/../lib/gcc/arm-none-eabi/9.3.1/../../../../arm-none-eabi/lib/thumb/v7e-m+fp/hard/crt0.o (__libc_init_array)
c:/st/stm32cubeide_1.6.0/stm32cubeide/plugins/com.st.stm32cube.ide.mcu.externaltools.gnu-tools-for-stm32.9-2020-q2-update.win32_1.5.0.202011040924/tools/bin/../lib/gcc/arm-none-eabi/9.3.1/../../../../arm-none-eabi/lib/thumb/v7e-m+fp/hard\libc_nano.a(lib_a-memset.o)
                              c:/st/stm32cubeide_1.6.0/stm32cubeide/plugins/com.st.stm32cube.ide.mcu.externaltools.gnu-tools-for-stm32.9-2020-q2-update.win32_1.5.0.202011040924/tools/bin/../lib/gcc/arm-none-eabi/9.3.1/../../../../arm-none-eabi/lib/thumb/v7e-m+fp/hard/crt0.o (memset)
c:/st/stm32cubeide_1.6.0/stm32cubeide/plugins/com.st.stm32cube.ide.mcu.externaltools.gnu-tools-for-stm32.9-2020-q2-update.win32_1.5.0.202011040924/tools/bin/../lib/gcc/arm-none-eabi/9.3.1/thumb/v7e-m+fp/hard\libgcc.a(_aeabi_ldivmod.o)
                              Drivers/STM32F7xx_HAL_Driver/stm32f7xx_hal_rcc.o (__aeabi_ldivmod)
c:/st/stm32cubeide_1.6.0/stm32cubeide/plugins/com.st.stm32cube.ide.mcu.externaltools.gnu-tools-for-stm32.9-2020-q2-update.win32_1.5.0.202011040924/tools/bin/../lib/gcc/arm-none-eabi/9.3.1/thumb/v7e-m+fp/hard\libgcc.a(_aeabi_uldivmod.o)
                              Drivers/STM32F7xx_HAL_Driver/stm32f7xx_hal_rcc.o (__aeabi_uldivmod)
c:/st/stm32cubeide_1.6.0/stm32cubeide/plugins/com.st.stm32cube.ide.mcu.externaltools.gnu-tools-for-stm32.9-2020-q2-update.win32_1.5.0.202011040924/tools/bin/../lib/gcc/arm-none-eabi/9.3.1/thumb/v7e-m+fp/hard\libgcc.a(_udivmoddi4.o)
                              c:/st/stm32cubeide_1.6.0/stm32cubeide/plugins/com.st.stm32cube.ide.mcu.externaltools.gnu-tools-for-stm32.9-2020-q2-update.win32_1.5.0.202011040924/tools/bin/../lib/gcc/arm-none-eabi/9.3.1/thumb/v7e-m+fp/hard\libgcc.a(_aeabi_ldivmod.o) (__udivmoddi4)
c:/st/stm32cubeide_1.6.0/stm32cubeide/plugins/com.st.stm32cube.ide.mcu.externaltools.gnu-tools-for-stm32.9-2020-q2-update.win32_1.5.0.202011040924/tools/bin/../lib/gcc/arm-none-eabi/9.3.1/thumb/v7e-m+fp/hard\libgcc.a(_dvmd_tls.o)
                              c:/st/stm32cubeide_1.6.0/stm32cubeide/plugins/com.st.stm32cube.ide.mcu.externaltools.gnu-tools-for-stm32.9-2020-q2-update.win32_1.5.0.202011040924/tools/bin/../lib/gcc/arm-none-eabi/9.3.1/thumb/v7e-m+fp/hard\libgcc.a(_aeabi_ldivmod.o) (__aeabi_ldiv0)

Allocating common symbols
Common symbol       size              file

LCD_CacheBuffer_yptr_bottom_bak
                    0x2               Utilities/lcd_log.o
sdramHandle         0x34              Drivers/BSP/STM32F7508_DISCOVERY/stm32f7508_discovery_sdram.o
LCD_CacheBuffer_yptr_top_bak
                    0x2               Utilities/lcd_log.o
hLtdcHandler        0xa8              Drivers/BSP/STM32F7508_DISCOVERY/stm32f7508_discovery_lcd.o
EEPROMDataRead      0x2               Drivers/BSP/STM32F7508_DISCOVERY/stm32f7508_discovery_eeprom.o
uwTick              0x4               Drivers/STM32F7xx_HAL_Driver/stm32f7xx_hal.o
LCD_CacheBuffer_yptr_bottom
[...]
Memory Configuration

Name             Origin             Length             Attributes
FLASH            0x0000000090000000 0x0000000001000000 xr
RAM              0x0000000020000000 0x0000000000050000 xrw
*default*        0x0000000000000000 0xffffffffffffffff

Linker script and memory map

LOAD c:/st/stm32cubeide_1.6.0/stm32cubeide/plugins/com.st.stm32cube.ide.mcu.externaltools.gnu-tools-for-stm32.9-2020-q2-update.win32_1.5.0.202011040924/tools/bin/../lib/gcc/arm-none-eabi/9.3.1/thumb/v7e-m+fp/hard/crti.o
LOAD c:/st/stm32cubeide_1.6.0/stm32cubeide/plugins/com.st.stm32cube.ide.mcu.externaltools.gnu-tools-for-stm32.9-2020-q2-update.win32_1.5.0.202011040924/tools/bin/../lib/gcc/arm-none-eabi/9.3.1/thumb/v7e-m+fp/hard/crtbegin.o
LOAD c:/st/stm32cubeide_1.6.0/stm32cubeide/plugins/com.st.stm32cube.ide.mcu.externaltools.gnu-tools-for-stm32.9-2020-q2-update.win32_1.5.0.202011040924/tools/bin/../lib/gcc/arm-none-eabi/9.3.1/../../../../arm-none-eabi/lib/thumb/v7e-m+fp/hard/crt0.o
LOAD Drivers/BSP/Components/ft5336.o
LOAD Drivers/BSP/Components/ov9655.o
LOAD Drivers/BSP/Components/wm8994.o
LOAD Drivers/BSP/STM32F7508_DISCOVERY/stm32f7508_discovery.o
LOAD Drivers/BSP/STM32F7508_DISCOVERY/stm32f7508_discovery_audio.o
LOAD Drivers/BSP/STM32F7508_DISCOVERY/stm32f7508_discovery_camera.o
LOAD Drivers/BSP/STM32F7508_DISCOVERY/stm32f7508_discovery_eeprom.o
LOAD Drivers/BSP/STM32F7508_DISCOVERY/stm32f7508_discovery_lcd.o
LOAD Drivers/BSP/STM32F7508_DISCOVERY/stm32f7508_discovery_qspi.o
LOAD Drivers/BSP/STM32F7508_DISCOVERY/stm32f7508_discovery_sd.o
LOAD Drivers/BSP/STM32F7508_DISCOVERY/stm32f7508_discovery_sdram.o
LOAD Drivers/BSP/STM32F7508_DISCOVERY/stm32f7508_discovery_ts.o
LOAD Drivers/CMSIS/system_stm32f7xx.o
LOAD Drivers/STM32F7xx_HAL_Driver/stm32f7xx_hal.o
LOAD Drivers/STM32F7xx_HAL_Driver/stm32f7xx_hal_cortex.o
LOAD Drivers/STM32F7xx_HAL_Driver/stm32f7xx_hal_dcmi.o
LOAD Drivers/STM32F7xx_HAL_Driver/stm32f7xx_hal_dma.o
LOAD Drivers/STM32F7xx_HAL_Driver/stm32f7xx_hal_dma2d.o
LOAD Drivers/STM32F7xx_HAL_Driver/stm32f7xx_hal_dma_ex.o
LOAD Drivers/STM32F7xx_HAL_Driver/stm32f7xx_hal_flash.o
LOAD Drivers/STM32F7xx_HAL_Driver/stm32f7xx_hal_flash_ex.o
LOAD Drivers/STM32F7xx_HAL_Driver/stm32f7xx_hal_gpio.o
LOAD Drivers/STM32F7xx_HAL_Driver/stm32f7xx_hal_i2c.o
LOAD Drivers/STM32F7xx_HAL_Driver/stm32f7xx_hal_i2s.o
LOAD Drivers/STM32F7xx_HAL_Driver/stm32f7xx_hal_ltdc.o
LOAD Drivers/STM32F7xx_HAL_Driver/stm32f7xx_hal_nor.o
LOAD Drivers/STM32F7xx_HAL_Driver/stm32f7xx_hal_pwr.o
LOAD Drivers/STM32F7xx_HAL_Driver/stm32f7xx_hal_pwr_ex.o
LOAD Drivers/STM32F7xx_HAL_Driver/stm32f7xx_hal_qspi.o
LOAD Drivers/STM32F7xx_HAL_Driver/stm32f7xx_hal_rcc.o
LOAD Drivers/STM32F7xx_HAL_Driver/stm32f7xx_hal_rcc_ex.o
LOAD Drivers/STM32F7xx_HAL_Driver/stm32f7xx_hal_sai.o
LOAD Drivers/STM32F7xx_HAL_Driver/stm32f7xx_hal_sai_ex.o
LOAD Drivers/STM32F7xx_HAL_Driver/stm32f7xx_hal_sd.o
LOAD Drivers/STM32F7xx_HAL_Driver/stm32f7xx_hal_sdram.o
LOAD Drivers/STM32F7xx_HAL_Driver/stm32f7xx_hal_sram.o
LOAD Drivers/STM32F7xx_HAL_Driver/stm32f7xx_hal_tim.o
LOAD Drivers/STM32F7xx_HAL_Driver/stm32f7xx_hal_tim_ex.o
LOAD Drivers/STM32F7xx_HAL_Driver/stm32f7xx_hal_uart.o
LOAD Drivers/STM32F7xx_HAL_Driver/stm32f7xx_ll_fmc.o
LOAD Drivers/STM32F7xx_HAL_Driver/stm32f7xx_ll_sdmmc.o
LOAD Example/SW4STM32/startup_stm32f750xx.o
LOAD Example/SW4STM32/syscalls.o
LOAD Example/User/main.o
LOAD Example/User/stm32f7xx_it.o
LOAD Utilities/lcd_log.o
START GROUP
LOAD c:/st/stm32cubeide_1.6.0/stm32cubeide/plugins/com.st.stm32cube.ide.mcu.externaltools.gnu-tools-for-stm32.9-2020-q2-update.win32_1.5.0.202011040924/tools/bin/../lib/gcc/arm-none-eabi/9.3.1/../../../../arm-none-eabi/lib/thumb/v7e-m+fp/hard\libc_nano.a
LOAD c:/st/stm32cubeide_1.6.0/stm32cubeide/plugins/com.st.stm32cube.ide.mcu.externaltools.gnu-tools-for-stm32.9-2020-q2-update.win32_1.5.0.202011040924/tools/bin/../lib/gcc/arm-none-eabi/9.3.1/../../../../arm-none-eabi/lib/thumb/v7e-m+fp/hard\libm.a
END GROUP
START GROUP
LOAD c:/st/stm32cubeide_1.6.0/stm32cubeide/plugins/com.st.stm32cube.ide.mcu.externaltools.gnu-tools-for-stm32.9-2020-q2-update.win32_1.5.0.202011040924/tools/bin/../lib/gcc/arm-none-eabi/9.3.1/thumb/v7e-m+fp/hard\libgcc.a
LOAD c:/st/stm32cubeide_1.6.0/stm32cubeide/plugins/com.st.stm32cube.ide.mcu.externaltools.gnu-tools-for-stm32.9-2020-q2-update.win32_1.5.0.202011040924/tools/bin/../lib/gcc/arm-none-eabi/9.3.1/../../../../arm-none-eabi/lib/thumb/v7e-m+fp/hard\libc_nano.a
END GROUP
START GROUP
LOAD c:/st/stm32cubeide_1.6.0/stm32cubeide/plugins/com.st.stm32cube.ide.mcu.externaltools.gnu-tools-for-stm32.9-2020-q2-update.win32_1.5.0.202011040924/tools/bin/../lib/gcc/arm-none-eabi/9.3.1/thumb/v7e-m+fp/hard\libgcc.a
LOAD c:/st/stm32cubeide_1.6.0/stm32cubeide/plugins/com.st.stm32cube.ide.mcu.externaltools.gnu-tools-for-stm32.9-2020-q2-update.win32_1.5.0.202011040924/tools/bin/../lib/gcc/arm-none-eabi/9.3.1/../../../../arm-none-eabi/lib/thumb/v7e-m+fp/hard\libc_nano.a
LOAD c:/st/stm32cubeide_1.6.0/stm32cubeide/plugins/com.st.stm32cube.ide.mcu.externaltools.gnu-tools-for-stm32.9-2020-q2-update.win32_1.5.0.202011040924/tools/bin/../lib/gcc/arm-none-eabi/9.3.1/../../../../arm-none-eabi/lib/thumb/v7e-m+fp/hard\libnosys.a
END GROUP
START GROUP
LOAD c:/st/stm32cubeide_1.6.0/stm32cubeide/plugins/com.st.stm32cube.ide.mcu.externaltools.gnu-tools-for-stm32.9-2020-q2-update.win32_1.5.0.202011040924/tools/bin/../lib/gcc/arm-none-eabi/9.3.1/thumb/v7e-m+fp/hard\libgcc.a
LOAD c:/st/stm32cubeide_1.6.0/stm32cubeide/plugins/com.st.stm32cube.ide.mcu.externaltools.gnu-tools-for-stm32.9-2020-q2-update.win32_1.5.0.202011040924/tools/bin/../lib/gcc/arm-none-eabi/9.3.1/../../../../arm-none-eabi/lib/thumb/v7e-m+fp/hard\libc_nano.a
LOAD c:/st/stm32cubeide_1.6.0/stm32cubeide/plugins/com.st.stm32cube.ide.mcu.externaltools.gnu-tools-for-stm32.9-2020-q2-update.win32_1.5.0.202011040924/tools/bin/../lib/gcc/arm-none-eabi/9.3.1/../../../../arm-none-eabi/lib/thumb/v7e-m+fp/hard\libnosys.a
END GROUP
LOAD c:/st/stm32cubeide_1.6.0/stm32cubeide/plugins/com.st.stm32cube.ide.mcu.externaltools.gnu-tools-for-stm32.9-2020-q2-update.win32_1.5.0.202011040924/tools/bin/../lib/gcc/arm-none-eabi/9.3.1/thumb/v7e-m+fp/hard/crtend.o
LOAD c:/st/stm32cubeide_1.6.0/stm32cubeide/plugins/com.st.stm32cube.ide.mcu.externaltools.gnu-tools-for-stm32.9-2020-q2-update.win32_1.5.0.202011040924/tools/bin/../lib/gcc/arm-none-eabi/9.3.1/thumb/v7e-m+fp/hard/crtn.o
                0x0000000020050000                _estack = 0x20050000
                0x0000000000000400                _Min_Heap_Size = 0x400
                0x0000000000000800                _Min_Stack_Size = 0x800

.isr_vector     0x0000000090000000      0x1c8
                0x0000000090000000                . = ALIGN (0x4)
 *(.isr_vector)
 .isr_vector    0x0000000090000000      0x1c8 Example/SW4STM32/startup_stm32f750xx.o
                0x0000000090000000                g_pfnVectors
                0x00000000900001c8                . = ALIGN (0x4)

.text           0x00000000900001c8     0x1350
                0x00000000900001c8                . = ALIGN (0x4)
 *(.text)
 .text          0x00000000900001c8       0x40 c:/st/stm32cubeide_1.6.0/stm32cubeide/plugins/com.st.stm32cube.ide.mcu.externaltools.gnu-tools-for-stm32.9-2020-q2-update.win32_1.5.0.202011040924/tools/bin/../lib/gcc/arm-none-eabi/9.3.1/thumb/v7e-m+fp/hard/crtbegin.o
 .text          0x0000000090000208       0x30 c:/st/stm32cubeide_1.6.0/stm32cubeide/plugins/com.st.stm32cube.ide.mcu.externaltools.gnu-tools-for-stm32.9-2020-q2-update.win32_1.5.0.202011040924/tools/bin/../lib/gcc/arm-none-eabi/9.3.1/thumb/v7e-m+fp/hard\libgcc.a(_aeabi_uldivmod.o)
                0x0000000090000208                __aeabi_uldivmod
 .text          0x0000000090000238      0x2c4 c:/st/stm32cubeide_1.6.0/stm32cubeide/plugins/com.st.stm32cube.ide.mcu.externaltools.gnu-tools-for-stm32.9-2020-q2-update.win32_1.5.0.202011040924/tools/bin/../lib/gcc/arm-none-eabi/9.3.1/thumb/v7e-m+fp/hard\libgcc.a(_udivmoddi4.o)
                0x0000000090000238                __udivmoddi4
 .text          0x00000000900004fc        0x4 c:/st/stm32cubeide_1.6.0/stm32cubeide/plugins/com.st.stm32cube.ide.mcu.externaltools.gnu-tools-for-stm32.9-2020-q2-update.win32_1.5.0.202011040924/tools/bin/../lib/gcc/arm-none-eabi/9.3.1/thumb/v7e-m+fp/hard\libgcc.a(_dvmd_tls.o)
                0x00000000900004fc                __aeabi_idiv0
                0x00000000900004fc                __aeabi_ldiv0
 *(.text*)
 .text.BSP_LED_Init
                0x0000000090000500       0x48 Drivers/BSP/STM32F7508_DISCOVERY/stm32f7508_discovery.o
                0x0000000090000500                BSP_LED_Init
 .text.BSP_LED_Toggle
                0x0000000090000548       0x10 Drivers/BSP/STM32F7508_DISCOVERY/stm32f7508_discovery.o
                0x0000000090000548                BSP_LED_Toggle
 .text.SystemInit
                0x0000000090000558       0x4c Drivers/CMSIS/system_stm32f7xx.o
                0x0000000090000558                SystemInit
 .text.HAL_MspInit
                0x00000000900005a4        0x2 Drivers/STM32F7xx_HAL_Driver/stm32f7xx_hal.o
                0x00000000900005a4                HAL_MspInit
 *fill*         0x00000000900005a6        0x2 
 .text.HAL_InitTick
                0x00000000900005a8       0x44 Drivers/STM32F7xx_HAL_Driver/stm32f7xx_hal.o
                0x00000000900005a8                HAL_InitTick
 .text.HAL_Init
                0x00000000900005ec       0x2c Drivers/STM32F7xx_HAL_Driver/stm32f7xx_hal.o
                0x00000000900005ec                HAL_Init
 .text.HAL_IncTick
                0x0000000090000618       0x18 Drivers/STM32F7xx_HAL_Driver/stm32f7xx_hal.o
                0x0000000090000618                HAL_IncTick
 .text.HAL_GetTick
                0x0000000090000630        0xc Drivers/STM32F7xx_HAL_Driver/stm32f7xx_hal.o
                0x0000000090000630                HAL_GetTick
 .text.HAL_Delay
                0x000000009000063c       0x24 Drivers/STM32F7xx_HAL_Driver/stm32f7xx_hal.o
                0x000000009000063c                HAL_Delay
 .text.HAL_NVIC_SetPriorityGrouping
                0x0000000090000660       0x24 Drivers/STM32F7xx_HAL_Driver/stm32f7xx_hal_cortex.o
                0x0000000090000660                HAL_NVIC_SetPriorityGrouping
 .text.HAL_NVIC_SetPriority
                0x0000000090000684       0x64 Drivers/STM32F7xx_HAL_Driver/stm32f7xx_hal_cortex.o
                0x0000000090000684                HAL_NVIC_SetPriority
 .text.HAL_NVIC_EnableIRQ
                0x00000000900006e8       0x1c Drivers/STM32F7xx_HAL_Driver/stm32f7xx_hal_cortex.o
                0x00000000900006e8                HAL_NVIC_EnableIRQ
 .text.HAL_SYSTICK_Config
                0x0000000090000704       0x2c Drivers/STM32F7xx_HAL_Driver/stm32f7xx_hal_cortex.o
                0x0000000090000704                HAL_SYSTICK_Config
 .text.DMA_CalcBaseAndBitshift
                0x0000000090000730       0x2c Drivers/STM32F7xx_HAL_Driver/stm32f7xx_hal_dma.o
 .text.HAL_DMA_Init
                0x000000009000075c      0x100 Drivers/STM32F7xx_HAL_Driver/stm32f7xx_hal_dma.o
                0x000000009000075c                HAL_DMA_Init
 .text.HAL_DMA_Start_IT
                0x000000009000085c       0x7a Drivers/STM32F7xx_HAL_Driver/stm32f7xx_hal_dma.o
                0x000000009000085c                HAL_DMA_Start_IT
 *fill*         0x00000000900008d6        0x2 
 .text.HAL_DMA_IRQHandler
                0x00000000900008d8      0x17c Drivers/STM32F7xx_HAL_Driver/stm32f7xx_hal_dma.o
                0x00000000900008d8                HAL_DMA_IRQHandler
 .text.HAL_GPIO_Init
                0x0000000090000a54      0x1cc Drivers/STM32F7xx_HAL_Driver/stm32f7xx_hal_gpio.o
                0x0000000090000a54                HAL_GPIO_Init
 .text.HAL_GPIO_WritePin
                0x0000000090000c20        0xa Drivers/STM32F7xx_HAL_Driver/stm32f7xx_hal_gpio.o
                0x0000000090000c20                HAL_GPIO_WritePin
 .text.HAL_GPIO_TogglePin
                0x0000000090000c2a        0xc Drivers/STM32F7xx_HAL_Driver/stm32f7xx_hal_gpio.o
                0x0000000090000c2a                HAL_GPIO_TogglePin
 .text.HAL_GPIO_EXTI_Callback
                0x0000000090000c36        0x2 Drivers/STM32F7xx_HAL_Driver/stm32f7xx_hal_gpio.o
                0x0000000090000c36                HAL_GPIO_EXTI_Callback
 .text.HAL_GPIO_EXTI_IRQHandler
                0x0000000090000c38       0x18 Drivers/STM32F7xx_HAL_Driver/stm32f7xx_hal_gpio.o
                0x0000000090000c38                HAL_GPIO_EXTI_IRQHandler
 .text.HAL_PWREx_EnableOverDrive
                0x0000000090000c50       0x70 Drivers/STM32F7xx_HAL_Driver/stm32f7xx_hal_pwr_ex.o
                0x0000000090000c50                HAL_PWREx_EnableOverDrive
 .text.HAL_RCC_OscConfig
                0x0000000090000cc0      0x37c Drivers/STM32F7xx_HAL_Driver/stm32f7xx_hal_rcc.o
                0x0000000090000cc0                HAL_RCC_OscConfig
 .text.HAL_RCC_GetSysClockFreq
                0x000000009000103c       0x5c Drivers/STM32F7xx_HAL_Driver/stm32f7xx_hal_rcc.o
                0x000000009000103c                HAL_RCC_GetSysClockFreq
 .text.HAL_RCC_ClockConfig
                0x0000000090001098      0x140 Drivers/STM32F7xx_HAL_Driver/stm32f7xx_hal_rcc.o
                0x0000000090001098                HAL_RCC_ClockConfig
 .text.Reset_Handler
                0x00000000900011d8       0x50 Example/SW4STM32/startup_stm32f750xx.o
                0x00000000900011d8                Reset_Handler
 .text.Default_Handler
                0x0000000090001228        0x2 Example/SW4STM32/startup_stm32f750xx.o
                0x0000000090001228                RTC_Alarm_IRQHandler
                0x0000000090001228                HASH_RNG_IRQHandler
                0x0000000090001228                TIM8_CC_IRQHandler
                0x0000000090001228                UART8_IRQHandler
                0x0000000090001228                SPI4_IRQHandler
                0x0000000090001228                TIM1_CC_IRQHandler
                0x0000000090001228                DMA2_Stream5_IRQHandler
                0x0000000090001228                DMA1_Stream5_IRQHandler
                0x0000000090001228                PVD_IRQHandler
                0x0000000090001228                TAMP_STAMP_IRQHandler
                0x0000000090001228                CAN2_RX1_IRQHandler
                0x0000000090001228                EXTI3_IRQHandler
                0x0000000090001228                TIM8_TRG_COM_TIM14_IRQHandler
                0x0000000090001228                TIM1_UP_TIM10_IRQHandler
                0x0000000090001228                TIM8_UP_TIM13_IRQHandler
                0x0000000090001228                I2C3_ER_IRQHandler
                0x0000000090001228                I2C2_EV_IRQHandler
                0x0000000090001228                DMA1_Stream2_IRQHandler
                0x0000000090001228                CAN1_RX0_IRQHandler
                0x0000000090001228                FPU_IRQHandler
                0x0000000090001228                OTG_HS_WKUP_IRQHandler
                0x0000000090001228                LTDC_ER_IRQHandler
                0x0000000090001228                CAN2_SCE_IRQHandler
                0x0000000090001228                DMA2_Stream2_IRQHandler
                0x0000000090001228                SPI1_IRQHandler
                0x0000000090001228                TIM6_DAC_IRQHandler
                0x0000000090001228                TIM1_BRK_TIM9_IRQHandler
                0x0000000090001228                DCMI_IRQHandler
                0x0000000090001228                CAN2_RX0_IRQHandler
                0x0000000090001228                DMA2_Stream3_IRQHandler
                0x0000000090001228                SAI2_IRQHandler
                0x0000000090001228                USART6_IRQHandler
                0x0000000090001228                USART3_IRQHandler
                0x0000000090001228                CRYP_IRQHandler
                0x0000000090001228                CAN1_RX1_IRQHandler
                0x0000000090001228                UART5_IRQHandler
                0x0000000090001228                TIM4_IRQHandler
                0x0000000090001228                QUADSPI_IRQHandler
                0x0000000090001228                I2C1_EV_IRQHandler
                0x0000000090001228                DMA1_Stream6_IRQHandler
                0x0000000090001228                DMA1_Stream1_IRQHandler
                0x0000000090001228                UART4_IRQHandler
                0x0000000090001228                TIM3_IRQHandler
                0x0000000090001228                RCC_IRQHandler
                0x0000000090001228                TIM8_BRK_TIM12_IRQHandler
                0x0000000090001228                Default_Handler
                0x0000000090001228                CEC_IRQHandler
                0x0000000090001228                EXTI15_10_IRQHandler
                0x0000000090001228                ADC_IRQHandler
                0x0000000090001228                DMA1_Stream7_IRQHandler
                0x0000000090001228                SPI5_IRQHandler
                0x0000000090001228                TIM7_IRQHandler
                0x0000000090001228                SDMMC1_IRQHandler
                0x0000000090001228                CAN2_TX_IRQHandler
                0x0000000090001228                TIM5_IRQHandler
                0x0000000090001228                I2C3_EV_IRQHandler
                0x0000000090001228                EXTI9_5_IRQHandler
                0x0000000090001228                RTC_WKUP_IRQHandler
                0x0000000090001228                LTDC_IRQHandler
                0x0000000090001228                ETH_WKUP_IRQHandler
                0x0000000090001228                SPDIF_RX_IRQHandler
                0x0000000090001228                SPI2_IRQHandler
                0x0000000090001228                OTG_HS_EP1_IN_IRQHandler
                0x0000000090001228                DMA1_Stream0_IRQHandler
                0x0000000090001228                CAN1_TX_IRQHandler
                0x0000000090001228                EXTI4_IRQHandler
                0x0000000090001228                ETH_IRQHandler
                0x0000000090001228                OTG_HS_EP1_OUT_IRQHandler
                0x0000000090001228                WWDG_IRQHandler
                0x0000000090001228                SPI6_IRQHandler
                0x0000000090001228                I2C4_EV_IRQHandler
                0x0000000090001228                TIM2_IRQHandler
                0x0000000090001228                OTG_FS_WKUP_IRQHandler
                0x0000000090001228                TIM1_TRG_COM_TIM11_IRQHandler
                0x0000000090001228                OTG_HS_IRQHandler
                0x0000000090001228                DMA2D_IRQHandler
                0x0000000090001228                EXTI1_IRQHandler
                0x0000000090001228                UART7_IRQHandler
                0x0000000090001228                USART2_IRQHandler
                0x0000000090001228                I2C2_ER_IRQHandler
                0x0000000090001228                CAN1_SCE_IRQHandler
                0x0000000090001228                FLASH_IRQHandler
                0x0000000090001228                DMA2_Stream4_IRQHandler
                0x0000000090001228                USART1_IRQHandler
                0x0000000090001228                OTG_FS_IRQHandler
                0x0000000090001228                SPI3_IRQHandler
                0x0000000090001228                DMA1_Stream4_IRQHandler
                0x0000000090001228                I2C1_ER_IRQHandler
                0x0000000090001228                FMC_IRQHandler
                0x0000000090001228                LPTIM1_IRQHandler
                0x0000000090001228                I2C4_ER_IRQHandler
                0x0000000090001228                DMA2_Stream6_IRQHandler
                0x0000000090001228                SAI1_IRQHandler
                0x0000000090001228                DMA1_Stream3_IRQHandler
 *fill*         0x000000009000122a        0x2 
 .text.SCB_EnableICache
                0x000000009000122c       0x30 Example/User/main.o
 .text.TransferComplete
                0x000000009000125c        0xc Example/User/main.o
 .text.TransferError
                0x0000000090001268        0xc Example/User/main.o
 .text.SystemClock_Config
                0x0000000090001274       0x5e Example/User/main.o
                0x0000000090001274                SystemClock_Config
 *fill*         0x00000000900012d2        0x2 
 .text.startup.main
                0x00000000900012d4      0x194 Example/User/main.o
                0x00000000900012d4                main
 .text.NMI_Handler
                0x0000000090001468        0x2 Example/User/stm32f7xx_it.o
                0x0000000090001468                NMI_Handler
 .text.HardFault_Handler
                0x000000009000146a        0x2 Example/User/stm32f7xx_it.o
                0x000000009000146a                HardFault_Handler
 .text.MemManage_Handler
                0x000000009000146c        0x2 Example/User/stm32f7xx_it.o
                0x000000009000146c                MemManage_Handler
 .text.BusFault_Handler
                0x000000009000146e        0x2 Example/User/stm32f7xx_it.o
                0x000000009000146e                BusFault_Handler
 .text.UsageFault_Handler
                0x0000000090001470        0x2 Example/User/stm32f7xx_it.o
                0x0000000090001470                UsageFault_Handler
 .text.SVC_Handler
                0x0000000090001472        0x2 Example/User/stm32f7xx_it.o
                0x0000000090001472                SVC_Handler
 .text.DebugMon_Handler
                0x0000000090001474        0x2 Example/User/stm32f7xx_it.o
                0x0000000090001474                DebugMon_Handler
 .text.PendSV_Handler
                0x0000000090001476        0x2 Example/User/stm32f7xx_it.o
                0x0000000090001476                PendSV_Handler
 .text.SysTick_Handler
                0x0000000090001478        0x4 Example/User/stm32f7xx_it.o
                0x0000000090001478                SysTick_Handler
 .text.EXTI0_IRQHandler
                0x000000009000147c        0x8 Example/User/stm32f7xx_it.o
                0x000000009000147c                EXTI0_IRQHandler
 .text.EXTI2_IRQHandler
                0x0000000090001484        0x6 Example/User/stm32f7xx_it.o
                0x0000000090001484                EXTI2_IRQHandler
 *fill*         0x000000009000148a        0x2 
 .text.DMA2_Stream7_IRQHandler
                0x000000009000148c        0xc Example/User/stm32f7xx_it.o
                0x000000009000148c                DMA2_Stream7_IRQHandler
 .text.DMA2_Stream0_IRQHandler
                0x0000000090001498        0xc Example/User/stm32f7xx_it.o
                0x0000000090001498                DMA2_Stream0_IRQHandler
 .text.DMA2_Stream1_IRQHandler
                0x00000000900014a4        0x2 Example/User/stm32f7xx_it.o
                0x00000000900014a4                DMA2_Stream1_IRQHandler
 *fill*         0x00000000900014a6        0x2 
 .text.__libc_init_array
                0x00000000900014a8       0x48 c:/st/stm32cubeide_1.6.0/stm32cubeide/plugins/com.st.stm32cube.ide.mcu.externaltools.gnu-tools-for-stm32.9-2020-q2-update.win32_1.5.0.202011040924/tools/bin/../lib/gcc/arm-none-eabi/9.3.1/../../../../arm-none-eabi/lib/thumb/v7e-m+fp/hard\libc_nano.a(lib_a-init.o)
                0x00000000900014a8                __libc_init_array
 .text.memset   0x00000000900014f0       0x10 c:/st/stm32cubeide_1.6.0/stm32cubeide/plugins/com.st.stm32cube.ide.mcu.externaltools.gnu-tools-for-stm32.9-2020-q2-update.win32_1.5.0.202011040924/tools/bin/../lib/gcc/arm-none-eabi/9.3.1/../../../../arm-none-eabi/lib/thumb/v7e-m+fp/hard\libc_nano.a(lib_a-memset.o)
                0x00000000900014f0                memset
 *(.glue_7)
 .glue_7        0x0000000090001500        0x0 linker stubs
 *(.glue_7t)
 .glue_7t       0x0000000090001500        0x0 linker stubs
 *(.eh_frame)
 .eh_frame      0x0000000090001500        0x0 c:/st/stm32cubeide_1.6.0/stm32cubeide/plugins/com.st.stm32cube.ide.mcu.externaltools.gnu-tools-for-stm32.9-2020-q2-update.win32_1.5.0.202011040924/tools/bin/../lib/gcc/arm-none-eabi/9.3.1/thumb/v7e-m+fp/hard/crtbegin.o
 *(.init)
 .init          0x0000000090001500        0x4 c:/st/stm32cubeide_1.6.0/stm32cubeide/plugins/com.st.stm32cube.ide.mcu.externaltools.gnu-tools-for-stm32.9-2020-q2-update.win32_1.5.0.202011040924/tools/bin/../lib/gcc/arm-none-eabi/9.3.1/thumb/v7e-m+fp/hard/crti.o
                0x0000000090001500                _init
 .init          0x0000000090001504        0x8 c:/st/stm32cubeide_1.6.0/stm32cubeide/plugins/com.st.stm32cube.ide.mcu.externaltools.gnu-tools-for-stm32.9-2020-q2-update.win32_1.5.0.202011040924/tools/bin/../lib/gcc/arm-none-eabi/9.3.1/thumb/v7e-m+fp/hard/crtn.o
 *(.fini)
 .fini          0x000000009000150c        0x4 c:/st/stm32cubeide_1.6.0/stm32cubeide/plugins/com.st.stm32cube.ide.mcu.externaltools.gnu-tools-for-stm32.9-2020-q2-update.win32_1.5.0.202011040924/tools/bin/../lib/gcc/arm-none-eabi/9.3.1/thumb/v7e-m+fp/hard/crti.o
                0x000000009000150c                _fini
 .fini          0x0000000090001510        0x8 c:/st/stm32cubeide_1.6.0/stm32cubeide/plugins/com.st.stm32cube.ide.mcu.externaltools.gnu-tools-for-stm32.9-2020-q2-update.win32_1.5.0.202011040924/tools/bin/../lib/gcc/arm-none-eabi/9.3.1/thumb/v7e-m+fp/hard/crtn.o
                0x0000000090001518                . = ALIGN (0x4)
                0x0000000090001518                _etext = .

.vfp11_veneer   0x0000000090001518        0x0
 .vfp11_veneer  0x0000000090001518        0x0 linker stubs

.v4_bx          0x0000000090001518        0x0
 .v4_bx         0x0000000090001518        0x0 linker stubs

.iplt           0x0000000090001518        0x0
 .iplt          0x0000000090001518        0x0 c:/st/stm32cubeide_1.6.0/stm32cubeide/plugins/com.st.stm32cube.ide.mcu.externaltools.gnu-tools-for-stm32.9-2020-q2-update.win32_1.5.0.202011040924/tools/bin/../lib/gcc/arm-none-eabi/9.3.1/thumb/v7e-m+fp/hard/crtbegin.o

.rodata         0x0000000090001518       0xa0
                0x0000000090001518                . = ALIGN (0x4)
 *(.rodata)
 .rodata        0x0000000090001518       0x18 Drivers/CMSIS/system_stm32f7xx.o
                0x0000000090001518                AHBPrescTable
                0x0000000090001528                APBPrescTable
 .rodata        0x0000000090001530        0x8 Drivers/STM32F7xx_HAL_Driver/stm32f7xx_hal_dma.o
 .rodata        0x0000000090001538       0x80 Example/User/main.o
 *(.rodata*)
                0x00000000900015b8                . = ALIGN (0x4)

.ARM.extab
 *(.ARM.extab* .gnu.linkonce.armextab.*)

.ARM            0x00000000900015b8        0x8
                0x00000000900015b8                __exidx_start = .
 *(.ARM.exidx*)
 .ARM.exidx     0x00000000900015b8        0x8 c:/st/stm32cubeide_1.6.0/stm32cubeide/plugins/com.st.stm32cube.ide.mcu.externaltools.gnu-tools-for-stm32.9-2020-q2-update.win32_1.5.0.202011040924/tools/bin/../lib/gcc/arm-none-eabi/9.3.1/thumb/v7e-m+fp/hard\libgcc.a(_udivmoddi4.o)
                0x00000000900015c0                __exidx_end = .

.rel.dyn        0x00000000900015c0        0x0
 .rel.iplt      0x00000000900015c0        0x0 c:/st/stm32cubeide_1.6.0/stm32cubeide/plugins/com.st.stm32cube.ide.mcu.externaltools.gnu-tools-for-stm32.9-2020-q2-update.win32_1.5.0.202011040924/tools/bin/../lib/gcc/arm-none-eabi/9.3.1/thumb/v7e-m+fp/hard/crtbegin.o

.preinit_array  0x00000000900015c0        0x0
                0x00000000900015c0                PROVIDE (__preinit_array_start = .)
 *(.preinit_array*)
                0x00000000900015c0                PROVIDE (__preinit_array_end = .)

.init_array     0x00000000900015c0        0x4
                0x00000000900015c0                PROVIDE (__init_array_start = .)
 *(SORT_BY_NAME(.init_array.*))
 *(.init_array*)
 .init_array    0x00000000900015c0        0x4 c:/st/stm32cubeide_1.6.0/stm32cubeide/plugins/com.st.stm32cube.ide.mcu.externaltools.gnu-tools-for-stm32.9-2020-q2-update.win32_1.5.0.202011040924/tools/bin/../lib/gcc/arm-none-eabi/9.3.1/thumb/v7e-m+fp/hard/crtbegin.o
                0x00000000900015c4                PROVIDE (__init_array_end = .)

.fini_array     0x00000000900015c4        0x4
                [!provide]                        PROVIDE (__fini_array_start = .)
 *(SORT_BY_NAME(.fini_array.*))
 *(.fini_array*)
 .fini_array    0x00000000900015c4        0x4 c:/st/stm32cubeide_1.6.0/stm32cubeide/plugins/com.st.stm32cube.ide.mcu.externaltools.gnu-tools-for-stm32.9-2020-q2-update.win32_1.5.0.202011040924/tools/bin/../lib/gcc/arm-none-eabi/9.3.1/thumb/v7e-m+fp/hard/crtbegin.o
                [!provide]                        PROVIDE (__fini_array_end = .)
                0x00000000900015c8                _sidata = LOADADDR (.data)

.data           0x0000000020000000       0x10 load address 0x00000000900015c8
                0x0000000020000000                . = ALIGN (0x4)
                0x0000000020000000                _sdata = .
 *(.data)
 .data          0x0000000020000000        0x4 Drivers/CMSIS/system_stm32f7xx.o
                0x0000000020000000                SystemCoreClock
 .data          0x0000000020000004        0x8 Drivers/STM32F7xx_HAL_Driver/stm32f7xx_hal.o
                0x0000000020000004                uwTickFreq
                0x0000000020000008                uwTickPrio
 .data          0x000000002000000c        0x4 Example/User/main.o
                0x000000002000000c                pBuffer
 *(.data*)
                0x0000000020000010                . = ALIGN (0x4)
                0x0000000020000010                _edata = .

.igot.plt       0x0000000020000010        0x0 load address 0x00000000900015d8
 .igot.plt      0x0000000020000010        0x0 c:/st/stm32cubeide_1.6.0/stm32cubeide/plugins/com.st.stm32cube.ide.mcu.externaltools.gnu-tools-for-stm32.9-2020-q2-update.win32_1.5.0.202011040924/tools/bin/../lib/gcc/arm-none-eabi/9.3.1/thumb/v7e-m+fp/hard/crtbegin.o
                0x0000000020000010                . = ALIGN (0x4)

.bss            0x0000000020000010      0x378 load address 0x00000000900015d8
                0x0000000020000010                _sbss = .
                0x0000000020000010                __bss_start__ = _sbss
 *(.bss)
 .bss           0x0000000020000010       0x1c c:/st/stm32cubeide_1.6.0/stm32cubeide/plugins/com.st.stm32cube.ide.mcu.externaltools.gnu-tools-for-stm32.9-2020-q2-update.win32_1.5.0.202011040924/tools/bin/../lib/gcc/arm-none-eabi/9.3.1/thumb/v7e-m+fp/hard/crtbegin.o
 .bss           0x000000002000002c      0x228 Drivers/BSP/STM32F7508_DISCOVERY/stm32f7508_discovery_audio.o
                0x000000002000002c                haudio_out_sai
                0x00000000200000b0                haudio_in_sai
 .bss           0x0000000020000254       0x9c Example/User/main.o
                0x00000000200002e0                time
                0x00000000200002e8                timeE
                0x00000000200002ec                timeS
 *(.bss*)
 *(COMMON)
 COMMON         0x00000000200002f0       0x34 Drivers/BSP/STM32F7508_DISCOVERY/stm32f7508_discovery_sdram.o
                0x00000000200002f0                sdramHandle
 COMMON         0x0000000020000324        0x4 Drivers/STM32F7xx_HAL_Driver/stm32f7xx_hal.o
                0x0000000020000324                uwTick
 COMMON         0x0000000020000328       0x60 Example/User/main.o
                0x0000000020000328                DmaHandle
                0x0000000020000388                . = ALIGN (0x4)
                0x0000000020000388                _ebss = .
                0x0000000020000388                __bss_end__ = _ebss

._user_heap_stack
                0x0000000020000388      0xc00 load address 0x00000000900015d8
                0x0000000020000388                . = ALIGN (0x8)
                0x0000000020000388                PROVIDE (end = .)
                [!provide]                        PROVIDE (_end = .)
                0x0000000020000788                . = (. + _Min_Heap_Size)
 *fill*         0x0000000020000388      0x400 
                0x0000000020000f88                . = (. + _Min_Stack_Size)
 *fill*         0x0000000020000788      0x800 
                0x0000000020000f88                . = ALIGN (0x8)

/DISCARD/
 libc.a(*)
 libm.a(*)
 libgcc.a(*)

.ARM.attributes
                0x0000000000000000       0x30
 *(.ARM.attributes)
 .ARM.attributes
                0x0000000000000000       0x1e c:/st/stm32cubeide_1.6.0/stm32cubeide/plugins/com.st.stm32cube.ide.mcu.externaltools.gnu-tools-for-stm32.9-2020-q2-update.win32_1.5.0.202011040924/tools/bin/../lib/gcc/arm-none-eabi/9.3.1/thumb/v7e-m+fp/hard/crti.o
 .ARM.attributes
                0x000000000000001e       0x34 c:/st/stm32cubeide_1.6.0/stm32cubeide/plugins/com.st.stm32cube.ide.mcu.externaltools.gnu-tools-for-stm32.9-2020-q2-update.win32_1.5.0.202011040924/tools/bin/../lib/gcc/arm-none-eabi/9.3.1/thumb/v7e-m+fp/hard/crtbegin.o
 .ARM.attributes
                0x0000000000000052       0x34 Drivers/BSP/STM32F7508_DISCOVERY/stm32f7508_discovery.o
 .ARM.attributes
                0x0000000000000086       0x34 Drivers/BSP/STM32F7508_DISCOVERY/stm32f7508_discovery_audio.o
 .ARM.attributes
                0x00000000000000ba       0x34 Drivers/BSP/STM32F7508_DISCOVERY/stm32f7508_discovery_sdram.o
 .ARM.attributes
                0x00000000000000ee       0x34 Drivers/CMSIS/system_stm32f7xx.o
 .ARM.attributes
                0x0000000000000122       0x34 Drivers/STM32F7xx_HAL_Driver/stm32f7xx_hal.o
 .ARM.attributes
                0x0000000000000156       0x34 Drivers/STM32F7xx_HAL_Driver/stm32f7xx_hal_cortex.o
 .ARM.attributes
                0x000000000000018a       0x34 Drivers/STM32F7xx_HAL_Driver/stm32f7xx_hal_dma.o
 .ARM.attributes
                0x00000000000001be       0x34 Drivers/STM32F7xx_HAL_Driver/stm32f7xx_hal_gpio.o
 .ARM.attributes
                0x00000000000001f2       0x34 Drivers/STM32F7xx_HAL_Driver/stm32f7xx_hal_pwr_ex.o
 .ARM.attributes
                0x0000000000000226       0x34 Drivers/STM32F7xx_HAL_Driver/stm32f7xx_hal_rcc.o
 .ARM.attributes
                0x000000000000025a       0x21 Example/SW4STM32/startup_stm32f750xx.o
 .ARM.attributes
                0x000000000000027b       0x34 Example/User/main.o
 .ARM.attributes
                0x00000000000002af       0x34 Example/User/stm32f7xx_it.o
 .ARM.attributes
                0x00000000000002e3       0x34 c:/st/stm32cubeide_1.6.0/stm32cubeide/plugins/com.st.stm32cube.ide.mcu.externaltools.gnu-tools-for-stm32.9-2020-q2-update.win32_1.5.0.202011040924/tools/bin/../lib/gcc/arm-none-eabi/9.3.1/../../../../arm-none-eabi/lib/thumb/v7e-m+fp/hard\libc_nano.a(lib_a-init.o)
 .ARM.attributes
                0x0000000000000317       0x34 c:/st/stm32cubeide_1.6.0/stm32cubeide/plugins/com.st.stm32cube.ide.mcu.externaltools.gnu-tools-for-stm32.9-2020-q2-update.win32_1.5.0.202011040924/tools/bin/../lib/gcc/arm-none-eabi/9.3.1/../../../../arm-none-eabi/lib/thumb/v7e-m+fp/hard\libc_nano.a(lib_a-memset.o)
 .ARM.attributes
                0x000000000000034b       0x1e c:/st/stm32cubeide_1.6.0/stm32cubeide/plugins/com.st.stm32cube.ide.mcu.externaltools.gnu-tools-for-stm32.9-2020-q2-update.win32_1.5.0.202011040924/tools/bin/../lib/gcc/arm-none-eabi/9.3.1/thumb/v7e-m+fp/hard\libgcc.a(_aeabi_uldivmod.o)
 .ARM.attributes
                0x0000000000000369       0x34 c:/st/stm32cubeide_1.6.0/stm32cubeide/plugins/com.st.stm32cube.ide.mcu.externaltools.gnu-tools-for-stm32.9-2020-q2-update.win32_1.5.0.202011040924/tools/bin/../lib/gcc/arm-none-eabi/9.3.1/thumb/v7e-m+fp/hard\libgcc.a(_udivmoddi4.o)
 .ARM.attributes
                0x000000000000039d       0x1e c:/st/stm32cubeide_1.6.0/stm32cubeide/plugins/com.st.stm32cube.ide.mcu.externaltools.gnu-tools-for-stm32.9-2020-q2-update.win32_1.5.0.202011040924/tools/bin/../lib/gcc/arm-none-eabi/9.3.1/thumb/v7e-m+fp/hard\libgcc.a(_dvmd_tls.o)
 .ARM.attributes
                0x00000000000003bb       0x1e c:/st/stm32cubeide_1.6.0/stm32cubeide/plugins/com.st.stm32cube.ide.mcu.externaltools.gnu-tools-for-stm32.9-2020-q2-update.win32_1.5.0.202011040924/tools/bin/../lib/gcc/arm-none-eabi/9.3.1/thumb/v7e-m+fp/hard/crtn.o
OUTPUT(stm32f7_workshop_03.elf elf32-littlearm)
LOAD linker stubs
LOAD c:/st/stm32cubeide_1.6.0/stm32cubeide/plugins/com.st.stm32cube.ide.mcu.externaltools.gnu-tools-for-stm32.9-2020-q2-update.win32_1.5.0.202011040924/tools/bin/../lib/gcc/arm-none-eabi/9.3.1/../../../../arm-none-eabi/lib/thumb/v7e-m+fp/hard\libc.a
LOAD c:/st/stm32cubeide_1.6.0/stm32cubeide/plugins/com.st.stm32cube.ide.mcu.externaltools.gnu-tools-for-stm32.9-2020-q2-update.win32_1.5.0.202011040924/tools/bin/../lib/gcc/arm-none-eabi/9.3.1/../../../../arm-none-eabi/lib/thumb/v7e-m+fp/hard\libm.a
LOAD c:/st/stm32cubeide_1.6.0/stm32cubeide/plugins/com.st.stm32cube.ide.mcu.externaltools.gnu-tools-for-stm32.9-2020-q2-update.win32_1.5.0.202011040924/tools/bin/../lib/gcc/arm-none-eabi/9.3.1/thumb/v7e-m+fp/hard\libgcc.a

.debug_info     0x0000000000000000     0xe993
 .debug_info    0x0000000000000000     0x230e Drivers/BSP/STM32F7508_DISCOVERY/stm32f7508_discovery.o
 .debug_info    0x000000000000230e     0x26f6 Drivers/BSP/STM32F7508_DISCOVERY/stm32f7508_discovery_audio.o
 .debug_info    0x0000000000004a04     0x1410 Drivers/BSP/STM32F7508_DISCOVERY/stm32f7508_discovery_sdram.o
 .debug_info    0x0000000000005e14      0x7c6 Drivers/CMSIS/system_stm32f7xx.o
 .debug_info    0x00000000000065da      0xbbf Drivers/STM32F7xx_HAL_Driver/stm32f7xx_hal.o
 .debug_info    0x0000000000007199     0x138d Drivers/STM32F7xx_HAL_Driver/stm32f7xx_hal_cortex.o
 .debug_info    0x0000000000008526      0xbfa Drivers/STM32F7xx_HAL_Driver/stm32f7xx_hal_dma.o
 .debug_info    0x0000000000009120      0x899 Drivers/STM32F7xx_HAL_Driver/stm32f7xx_hal_gpio.o
 .debug_info    0x00000000000099b9      0xae8 Drivers/STM32F7xx_HAL_Driver/stm32f7xx_hal_pwr_ex.o
 .debug_info    0x000000000000a4a1      0xc81 Drivers/STM32F7xx_HAL_Driver/stm32f7xx_hal_rcc.o
 .debug_info    0x000000000000b122       0x22 Example/SW4STM32/startup_stm32f750xx.o
 .debug_info    0x000000000000b144     0x2131 Example/User/main.o
 .debug_info    0x000000000000d275     0x171e Example/User/stm32f7xx_it.o

.debug_abbrev   0x0000000000000000     0x238a
 .debug_abbrev  0x0000000000000000      0x449 Drivers/BSP/STM32F7508_DISCOVERY/stm32f7508_discovery.o
 .debug_abbrev  0x0000000000000449      0x456 Drivers/BSP/STM32F7508_DISCOVERY/stm32f7508_discovery_audio.o
 .debug_abbrev  0x000000000000089f      0x286 Drivers/BSP/STM32F7508_DISCOVERY/stm32f7508_discovery_sdram.o
 .debug_abbrev  0x0000000000000b25      0x16b Drivers/CMSIS/system_stm32f7xx.o
 .debug_abbrev  0x0000000000000c90      0x27e Drivers/STM32F7xx_HAL_Driver/stm32f7xx_hal.o
 .debug_abbrev  0x0000000000000f0e      0x398 Drivers/STM32F7xx_HAL_Driver/stm32f7xx_hal_cortex.o
 .debug_abbrev  0x00000000000012a6      0x356 Drivers/STM32F7xx_HAL_Driver/stm32f7xx_hal_dma.o
 .debug_abbrev  0x00000000000015fc      0x21d Drivers/STM32F7xx_HAL_Driver/stm32f7xx_hal_gpio.o
 .debug_abbrev  0x0000000000001819      0x1ed Drivers/STM32F7xx_HAL_Driver/stm32f7xx_hal_pwr_ex.o
 .debug_abbrev  0x0000000000001a06      0x2da Drivers/STM32F7xx_HAL_Driver/stm32f7xx_hal_rcc.o
 .debug_abbrev  0x0000000000001ce0       0x12 Example/SW4STM32/startup_stm32f750xx.o
 .debug_abbrev  0x0000000000001cf2      0x42f Example/User/main.o
 .debug_abbrev  0x0000000000002121      0x269 Example/User/stm32f7xx_it.o

.debug_loc      0x0000000000000000     0x3854
 .debug_loc     0x0000000000000000      0x9e7 Drivers/BSP/STM32F7508_DISCOVERY/stm32f7508_discovery.o
 .debug_loc     0x00000000000009e7      0xb07 Drivers/BSP/STM32F7508_DISCOVERY/stm32f7508_discovery_audio.o
 .debug_loc     0x00000000000014ee      0x36a Drivers/BSP/STM32F7508_DISCOVERY/stm32f7508_discovery_sdram.o
 .debug_loc     0x0000000000001858      0x12f Drivers/CMSIS/system_stm32f7xx.o
 .debug_loc     0x0000000000001987      0x139 Drivers/STM32F7xx_HAL_Driver/stm32f7xx_hal.o
 .debug_loc     0x0000000000001ac0      0x661 Drivers/STM32F7xx_HAL_Driver/stm32f7xx_hal_cortex.o
 .debug_loc     0x0000000000002121      0x9ea Drivers/STM32F7xx_HAL_Driver/stm32f7xx_hal_dma.o
 .debug_loc     0x0000000000002b0b      0x3f7 Drivers/STM32F7xx_HAL_Driver/stm32f7xx_hal_gpio.o
 .debug_loc     0x0000000000002f02      0x2e0 Drivers/STM32F7xx_HAL_Driver/stm32f7xx_hal_pwr_ex.o
 .debug_loc     0x00000000000031e2      0x573 Drivers/STM32F7xx_HAL_Driver/stm32f7xx_hal_rcc.o
 .debug_loc     0x0000000000003755       0xff Example/User/main.o

.debug_aranges  0x0000000000000000      0x708
 .debug_aranges
                0x0000000000000000       0xf0 Drivers/BSP/STM32F7508_DISCOVERY/stm32f7508_discovery.o
 .debug_aranges
                0x00000000000000f0      0x130 Drivers/BSP/STM32F7508_DISCOVERY/stm32f7508_discovery_audio.o
 .debug_aranges
                0x0000000000000220       0x68 Drivers/BSP/STM32F7508_DISCOVERY/stm32f7508_discovery_sdram.o
 .debug_aranges
                0x0000000000000288       0x28 Drivers/CMSIS/system_stm32f7xx.o
 .debug_aranges
                0x00000000000002b0       0xf8 Drivers/STM32F7xx_HAL_Driver/stm32f7xx_hal.o
 .debug_aranges
                0x00000000000003a8       0xa8 Drivers/STM32F7xx_HAL_Driver/stm32f7xx_hal_cortex.o
 .debug_aranges
                0x0000000000000450       0x80 Drivers/STM32F7xx_HAL_Driver/stm32f7xx_hal_dma.o
 .debug_aranges
                0x00000000000004d0       0x58 Drivers/STM32F7xx_HAL_Driver/stm32f7xx_hal_gpio.o
 .debug_aranges
                0x0000000000000528       0x80 Drivers/STM32F7xx_HAL_Driver/stm32f7xx_hal_pwr_ex.o
 .debug_aranges
                0x00000000000005a8       0x88 Drivers/STM32F7xx_HAL_Driver/stm32f7xx_hal_rcc.o
 .debug_aranges
                0x0000000000000630       0x28 Example/SW4STM32/startup_stm32f750xx.o
 .debug_aranges
                0x0000000000000658       0x40 Example/User/main.o
 .debug_aranges
                0x0000000000000698       0x70 Example/User/stm32f7xx_it.o

.debug_ranges   0x0000000000000000      0xae0
 .debug_ranges  0x0000000000000000      0x1d8 Drivers/BSP/STM32F7508_DISCOVERY/stm32f7508_discovery.o
 .debug_ranges  0x00000000000001d8      0x1f8 Drivers/BSP/STM32F7508_DISCOVERY/stm32f7508_discovery_audio.o
 .debug_ranges  0x00000000000003d0       0xa0 Drivers/BSP/STM32F7508_DISCOVERY/stm32f7508_discovery_sdram.o
 .debug_ranges  0x0000000000000470       0x18 Drivers/CMSIS/system_stm32f7xx.o
 .debug_ranges  0x0000000000000488       0xe8 Drivers/STM32F7xx_HAL_Driver/stm32f7xx_hal.o
 .debug_ranges  0x0000000000000570      0x158 Drivers/STM32F7xx_HAL_Driver/stm32f7xx_hal_cortex.o
 .debug_ranges  0x00000000000006c8       0xd0 Drivers/STM32F7xx_HAL_Driver/stm32f7xx_hal_dma.o
 .debug_ranges  0x0000000000000798       0x70 Drivers/STM32F7xx_HAL_Driver/stm32f7xx_hal_gpio.o
 .debug_ranges  0x0000000000000808      0x108 Drivers/STM32F7xx_HAL_Driver/stm32f7xx_hal_pwr_ex.o
 .debug_ranges  0x0000000000000910       0xd0 Drivers/STM32F7xx_HAL_Driver/stm32f7xx_hal_rcc.o
 .debug_ranges  0x00000000000009e0       0x20 Example/SW4STM32/startup_stm32f750xx.o
 .debug_ranges  0x0000000000000a00       0x80 Example/User/main.o
 .debug_ranges  0x0000000000000a80       0x60 Example/User/stm32f7xx_it.o

.debug_macro    0x0000000000000000    0x2761f
 .debug_macro   0x0000000000000000      0x299 Drivers/BSP/STM32F7508_DISCOVERY/stm32f7508_discovery.o
 .debug_macro   0x0000000000000299      0x2d5 Drivers/BSP/STM32F7508_DISCOVERY/stm32f7508_discovery.o
 .debug_macro   0x000000000000056e       0x2e Drivers/BSP/STM32F7508_DISCOVERY/stm32f7508_discovery.o
 .debug_macro   0x000000000000059c       0x3b Drivers/BSP/STM32F7508_DISCOVERY/stm32f7508_discovery.o
 .debug_macro   0x00000000000005d7       0x1c Drivers/BSP/STM32F7508_DISCOVERY/stm32f7508_discovery.o
 .debug_macro   0x00000000000005f3       0x22 Drivers/BSP/STM32F7508_DISCOVERY/stm32f7508_discovery.o
 .debug_macro   0x0000000000000615       0xdf Drivers/BSP/STM32F7508_DISCOVERY/stm32f7508_discovery.o
 .debug_macro   0x00000000000006f4     0x12cd Drivers/BSP/STM32F7508_DISCOVERY/stm32f7508_discovery.o
 .debug_macro   0x00000000000019c1      0x11f Drivers/BSP/STM32F7508_DISCOVERY/stm32f7508_discovery.o
 .debug_macro   0x0000000000001ae0       0x19 Drivers/BSP/STM32F7508_DISCOVERY/stm32f7508_discovery.o
 .debug_macro   0x0000000000001af9    0x19752 Drivers/BSP/STM32F7508_DISCOVERY/stm32f7508_discovery.o
 .debug_macro   0x000000000001b24b       0x43 Drivers/BSP/STM32F7508_DISCOVERY/stm32f7508_discovery.o
 .debug_macro   0x000000000001b28e     0x36b4 Drivers/BSP/STM32F7508_DISCOVERY/stm32f7508_discovery.o
 .debug_macro   0x000000000001e942      0x174 Drivers/BSP/STM32F7508_DISCOVERY/stm32f7508_discovery.o
 .debug_macro   0x000000000001eab6       0x61 Drivers/BSP/STM32F7508_DISCOVERY/stm32f7508_discovery.o
 .debug_macro   0x000000000001eb17     0x1939 Drivers/BSP/STM32F7508_DISCOVERY/stm32f7508_discovery.o
 .debug_macro   0x0000000000020450      0x6c4 Drivers/BSP/STM32F7508_DISCOVERY/stm32f7508_discovery.o
 .debug_macro   0x0000000000020b14      0x117 Drivers/BSP/STM32F7508_DISCOVERY/stm32f7508_discovery.o
 .debug_macro   0x0000000000020c2b      0x1fe Drivers/BSP/STM32F7508_DISCOVERY/stm32f7508_discovery.o
 .debug_macro   0x0000000000020e29       0x27 Drivers/BSP/STM32F7508_DISCOVERY/stm32f7508_discovery.o
 .debug_macro   0x0000000000020e50      0x24f Drivers/BSP/STM32F7508_DISCOVERY/stm32f7508_discovery.o
 .debug_macro   0x000000000002109f       0x41 Drivers/BSP/STM32F7508_DISCOVERY/stm32f7508_discovery.o
 .debug_macro   0x00000000000210e0       0x58 Drivers/BSP/STM32F7508_DISCOVERY/stm32f7508_discovery.o
 .debug_macro   0x0000000000021138      0x236 Drivers/BSP/STM32F7508_DISCOVERY/stm32f7508_discovery.o
 .debug_macro   0x000000000002136e      0x20f Drivers/BSP/STM32F7508_DISCOVERY/stm32f7508_discovery.o
 .debug_macro   0x000000000002157d      0x22c Drivers/BSP/STM32F7508_DISCOVERY/stm32f7508_discovery.o
 .debug_macro   0x00000000000217a9      0x125 Drivers/BSP/STM32F7508_DISCOVERY/stm32f7508_discovery.o
 .debug_macro   0x00000000000218ce      0x231 Drivers/BSP/STM32F7508_DISCOVERY/stm32f7508_discovery.o
 .debug_macro   0x0000000000021aff       0x12 Drivers/BSP/STM32F7508_DISCOVERY/stm32f7508_discovery.o
 .debug_macro   0x0000000000021b11      0x514 Drivers/BSP/STM32F7508_DISCOVERY/stm32f7508_discovery.o
 .debug_macro   0x0000000000022025       0x88 Drivers/BSP/STM32F7508_DISCOVERY/stm32f7508_discovery.o
 .debug_macro   0x00000000000220ad       0x11 Drivers/BSP/STM32F7508_DISCOVERY/stm32f7508_discovery.o
 .debug_macro   0x00000000000220be      0x22c Drivers/BSP/STM32F7508_DISCOVERY/stm32f7508_discovery.o
 .debug_macro   0x00000000000222ea       0x5a Drivers/BSP/STM32F7508_DISCOVERY/stm32f7508_discovery.o
 .debug_macro   0x0000000000022344       0xa5 Drivers/BSP/STM32F7508_DISCOVERY/stm32f7508_discovery.o
 .debug_macro   0x00000000000223e9      0x1ca Drivers/BSP/STM32F7508_DISCOVERY/stm32f7508_discovery.o
 .debug_macro   0x00000000000225b3      0x198 Drivers/BSP/STM32F7508_DISCOVERY/stm32f7508_discovery.o
 .debug_macro   0x000000000002274b       0xd6 Drivers/BSP/STM32F7508_DISCOVERY/stm32f7508_discovery.o
 .debug_macro   0x0000000000022821      0x12f Drivers/BSP/STM32F7508_DISCOVERY/stm32f7508_discovery.o
 .debug_macro   0x0000000000022950      0x108 Drivers/BSP/STM32F7508_DISCOVERY/stm32f7508_discovery.o
 .debug_macro   0x0000000000022a58       0x35 Drivers/BSP/STM32F7508_DISCOVERY/stm32f7508_discovery.o
 .debug_macro   0x0000000000022a8d      0x2d4 Drivers/BSP/STM32F7508_DISCOVERY/stm32f7508_discovery.o
 .debug_macro   0x0000000000022d61      0x447 Drivers/BSP/STM32F7508_DISCOVERY/stm32f7508_discovery.o
 .debug_macro   0x00000000000231a8      0x773 Drivers/BSP/STM32F7508_DISCOVERY/stm32f7508_discovery.o
 .debug_macro   0x000000000002391b      0x1d5 Drivers/BSP/STM32F7508_DISCOVERY/stm32f7508_discovery.o
 .debug_macro   0x0000000000023af0      0xa2f Drivers/BSP/STM32F7508_DISCOVERY/stm32f7508_discovery.o
 .debug_macro   0x000000000002451f       0x59 Drivers/BSP/STM32F7508_DISCOVERY/stm32f7508_discovery.o
 .debug_macro   0x0000000000024578      0x53c Drivers/BSP/STM32F7508_DISCOVERY/stm32f7508_discovery.o
 .debug_macro   0x0000000000024ab4       0x44 Drivers/BSP/STM32F7508_DISCOVERY/stm32f7508_discovery.o
 .debug_macro   0x0000000000024af8      0x14e Drivers/BSP/STM32F7508_DISCOVERY/stm32f7508_discovery.o
 .debug_macro   0x0000000000024c46      0x254 Drivers/BSP/STM32F7508_DISCOVERY/stm32f7508_discovery.o
 .debug_macro   0x0000000000024e9a      0x2a8 Drivers/BSP/STM32F7508_DISCOVERY/stm32f7508_discovery_audio.o
 .debug_macro   0x0000000000025142      0x178 Drivers/BSP/STM32F7508_DISCOVERY/stm32f7508_discovery_audio.o
 .debug_macro   0x00000000000252ba      0x27b Drivers/BSP/STM32F7508_DISCOVERY/stm32f7508_discovery_sdram.o
 .debug_macro   0x0000000000025535      0x272 Drivers/CMSIS/system_stm32f7xx.o
 .debug_macro   0x00000000000257a7      0x290 Drivers/STM32F7xx_HAL_Driver/stm32f7xx_hal.o
 .debug_macro   0x0000000000025a37      0x26c Drivers/STM32F7xx_HAL_Driver/stm32f7xx_hal_cortex.o
 .debug_macro   0x0000000000025ca3      0x272 Drivers/STM32F7xx_HAL_Driver/stm32f7xx_hal_dma.o
 .debug_macro   0x0000000000025f15      0x2a2 Drivers/STM32F7xx_HAL_Driver/stm32f7xx_hal_gpio.o
 .debug_macro   0x00000000000261b7      0x284 Drivers/STM32F7xx_HAL_Driver/stm32f7xx_hal_pwr_ex.o
 .debug_macro   0x000000000002643b      0x290 Drivers/STM32F7xx_HAL_Driver/stm32f7xx_hal_rcc.o
 .debug_macro   0x00000000000266cb      0x502 Example/User/main.o
 .debug_macro   0x0000000000026bcd       0x16 Example/User/main.o
 .debug_macro   0x0000000000026be3       0x97 Example/User/main.o
 .debug_macro   0x0000000000026c7a       0xfd Example/User/main.o
 .debug_macro   0x0000000000026d77       0xd9 Example/User/main.o
 .debug_macro   0x0000000000026e50       0x5b Example/User/main.o
 .debug_macro   0x0000000000026eab       0xa0 Example/User/main.o
 .debug_macro   0x0000000000026f4b       0x82 Example/User/main.o
 .debug_macro   0x0000000000026fcd       0x2e Example/User/main.o
 .debug_macro   0x0000000000026ffb       0xa6 Example/User/main.o
 .debug_macro   0x00000000000270a1       0x16 Example/User/main.o
 .debug_macro   0x00000000000270b7       0x70 Example/User/main.o
 .debug_macro   0x0000000000027127       0x16 Example/User/main.o
 .debug_macro   0x000000000002713d       0x20 Example/User/main.o
 .debug_macro   0x000000000002715d      0x4c2 Example/User/stm32f7xx_it.o

.debug_line     0x0000000000000000     0xb782
 .debug_line    0x0000000000000000      0xff2 Drivers/BSP/STM32F7508_DISCOVERY/stm32f7508_discovery.o
 .debug_line    0x0000000000000ff2     0x14ae Drivers/BSP/STM32F7508_DISCOVERY/stm32f7508_discovery_audio.o
 .debug_line    0x00000000000024a0      0xbfb Drivers/BSP/STM32F7508_DISCOVERY/stm32f7508_discovery_sdram.o
 .debug_line    0x000000000000309b      0x936 Drivers/CMSIS/system_stm32f7xx.o
 .debug_line    0x00000000000039d1      0xbff Drivers/STM32F7xx_HAL_Driver/stm32f7xx_hal.o
 .debug_line    0x00000000000045d0      0xe56 Drivers/STM32F7xx_HAL_Driver/stm32f7xx_hal_cortex.o
 .debug_line    0x0000000000005426     0x13a4 Drivers/STM32F7xx_HAL_Driver/stm32f7xx_hal_dma.o
 .debug_line    0x00000000000067ca      0xdcf Drivers/STM32F7xx_HAL_Driver/stm32f7xx_hal_gpio.o
 .debug_line    0x0000000000007599      0xc52 Drivers/STM32F7xx_HAL_Driver/stm32f7xx_hal_pwr_ex.o
 .debug_line    0x00000000000081eb     0x134b Drivers/STM32F7xx_HAL_Driver/stm32f7xx_hal_rcc.o
 .debug_line    0x0000000000009536       0xa9 Example/SW4STM32/startup_stm32f750xx.o
 .debug_line    0x00000000000095df     0x1262 Example/User/main.o
 .debug_line    0x000000000000a841      0xf41 Example/User/stm32f7xx_it.o

.debug_str      0x0000000000000000   0x105a5f
 .debug_str     0x0000000000000000    0xfa257 Drivers/BSP/STM32F7508_DISCOVERY/stm32f7508_discovery.o
                                      0xfaac3 (size before relaxing)
 .debug_str     0x00000000000fa257     0x1b51 Drivers/BSP/STM32F7508_DISCOVERY/stm32f7508_discovery_audio.o
                                      0xfbc4b (size before relaxing)
 .debug_str     0x00000000000fbda8      0x8f5 Drivers/BSP/STM32F7508_DISCOVERY/stm32f7508_discovery_sdram.o
                                      0xf9794 (size before relaxing)
 .debug_str     0x00000000000fc69d      0x1b2 Drivers/CMSIS/system_stm32f7xx.o
                                      0xf8701 (size before relaxing)
 .debug_str     0x00000000000fc84f      0x3f9 Drivers/STM32F7xx_HAL_Driver/stm32f7xx_hal.o
                                      0xf9034 (size before relaxing)
 .debug_str     0x00000000000fcc48      0x33c Drivers/STM32F7xx_HAL_Driver/stm32f7xx_hal_cortex.o
                                      0xf906e (size before relaxing)
 .debug_str     0x00000000000fcf84      0x33e Drivers/STM32F7xx_HAL_Driver/stm32f7xx_hal_dma.o
                                      0xf8a4c (size before relaxing)
 .debug_str     0x00000000000fd2c2      0x21f Drivers/STM32F7xx_HAL_Driver/stm32f7xx_hal_gpio.o
                                      0xf88dc (size before relaxing)
 .debug_str     0x00000000000fd4e1      0x211 Drivers/STM32F7xx_HAL_Driver/stm32f7xx_hal_pwr_ex.o
                                      0xf898c (size before relaxing)
 .debug_str     0x00000000000fd6f2      0x398 Drivers/STM32F7xx_HAL_Driver/stm32f7xx_hal_rcc.o
                                      0xf8a48 (size before relaxing)
 .debug_str     0x00000000000fda8a       0x5a Example/SW4STM32/startup_stm32f750xx.o
                                         0xac (size before relaxing)
 .debug_str     0x00000000000fdae4     0x7e67 Example/User/main.o
                                     0x103552 (size before relaxing)
 .debug_str     0x000000000010594b      0x114 Example/User/stm32f7xx_it.o
                                     0x102d15 (size before relaxing)

.comment        0x0000000000000000       0x53
 .comment       0x0000000000000000       0x53 Drivers/BSP/STM32F7508_DISCOVERY/stm32f7508_discovery.o
                                         0x54 (size before relaxing)
 .comment       0x0000000000000053       0x54 Drivers/BSP/STM32F7508_DISCOVERY/stm32f7508_discovery_audio.o
 .comment       0x0000000000000053       0x54 Drivers/BSP/STM32F7508_DISCOVERY/stm32f7508_discovery_sdram.o
 .comment       0x0000000000000053       0x54 Drivers/CMSIS/system_stm32f7xx.o
 .comment       0x0000000000000053       0x54 Drivers/STM32F7xx_HAL_Driver/stm32f7xx_hal.o
 .comment       0x0000000000000053       0x54 Drivers/STM32F7xx_HAL_Driver/stm32f7xx_hal_cortex.o
 .comment       0x0000000000000053       0x54 Drivers/STM32F7xx_HAL_Driver/stm32f7xx_hal_dma.o
 .comment       0x0000000000000053       0x54 Drivers/STM32F7xx_HAL_Driver/stm32f7xx_hal_gpio.o
 .comment       0x0000000000000053       0x54 Drivers/STM32F7xx_HAL_Driver/stm32f7xx_hal_pwr_ex.o
 .comment       0x0000000000000053       0x54 Drivers/STM32F7xx_HAL_Driver/stm32f7xx_hal_rcc.o
 .comment       0x0000000000000053       0x54 Example/User/main.o
 .comment       0x0000000000000053       0x54 Example/User/stm32f7xx_it.o

.debug_frame    0x0000000000000000     0x1280
 .debug_frame   0x0000000000000000      0x2e0 Drivers/BSP/STM32F7508_DISCOVERY/stm32f7508_discovery.o
 .debug_frame   0x00000000000002e0      0x3f0 Drivers/BSP/STM32F7508_DISCOVERY/stm32f7508_discovery_audio.o
 .debug_frame   0x00000000000006d0      0x130 Drivers/BSP/STM32F7508_DISCOVERY/stm32f7508_discovery_sdram.o
 .debug_frame   0x0000000000000800       0x38 Drivers/CMSIS/system_stm32f7xx.o
 .debug_frame   0x0000000000000838      0x214 Drivers/STM32F7xx_HAL_Driver/stm32f7xx_hal.o
 .debug_frame   0x0000000000000a4c      0x158 Drivers/STM32F7xx_HAL_Driver/stm32f7xx_hal_cortex.o
 .debug_frame   0x0000000000000ba4      0x164 Drivers/STM32F7xx_HAL_Driver/stm32f7xx_hal_dma.o
 .debug_frame   0x0000000000000d08       0xd4 Drivers/STM32F7xx_HAL_Driver/stm32f7xx_hal_gpio.o
 .debug_frame   0x0000000000000ddc      0x140 Drivers/STM32F7xx_HAL_Driver/stm32f7xx_hal_pwr_ex.o
 .debug_frame   0x0000000000000f1c      0x148 Drivers/STM32F7xx_HAL_Driver/stm32f7xx_hal_rcc.o
 .debug_frame   0x0000000000001064       0x80 Example/User/main.o
 .debug_frame   0x00000000000010e4       0xf0 Example/User/stm32f7xx_it.o
 .debug_frame   0x00000000000011d4       0x2c c:/st/stm32cubeide_1.6.0/stm32cubeide/plugins/com.st.stm32cube.ide.mcu.externaltools.gnu-tools-for-stm32.9-2020-q2-update.win32_1.5.0.202011040924/tools/bin/../lib/gcc/arm-none-eabi/9.3.1/../../../../arm-none-eabi/lib/thumb/v7e-m+fp/hard\libc_nano.a(lib_a-init.o)
 .debug_frame   0x0000000000001200       0x20 c:/st/stm32cubeide_1.6.0/stm32cubeide/plugins/com.st.stm32cube.ide.mcu.externaltools.gnu-tools-for-stm32.9-2020-q2-update.win32_1.5.0.202011040924/tools/bin/../lib/gcc/arm-none-eabi/9.3.1/../../../../arm-none-eabi/lib/thumb/v7e-m+fp/hard\libc_nano.a(lib_a-memset.o)
 .debug_frame   0x0000000000001220       0x2c c:/st/stm32cubeide_1.6.0/stm32cubeide/plugins/com.st.stm32cube.ide.mcu.externaltools.gnu-tools-for-stm32.9-2020-q2-update.win32_1.5.0.202011040924/tools/bin/../lib/gcc/arm-none-eabi/9.3.1/thumb/v7e-m+fp/hard\libgcc.a(_aeabi_uldivmod.o)
 .debug_frame   0x000000000000124c       0x34 c:/st/stm32cubeide_1.6.0/stm32cubeide/plugins/com.st.stm32cube.ide.mcu.externaltools.gnu-tools-for-stm32.9-2020-q2-update.win32_1.5.0.202011040924/tools/bin/../lib/gcc/arm-none-eabi/9.3.1/thumb/v7e-m+fp/hard\libgcc.a(_udivmoddi4.o)
