15:37:34 **** Incremental Build of configuration Debug for project stm32f7508_LCD_Demo_Cpp ****
make -j4 all 
arm-none-eabi-g++ "../Core/Src/main.cpp" -mcpu=cortex-m7 -std=gnu++14 -g3 -DDEBUG -DUSE_HAL_DRIVER -DSTM32F750xx -DTARGET_DISCO_F7508 -c -I../Core/Inc -I../Drivers/STM32F7xx_HAL_Driver/Inc -I../Drivers/STM32F7xx_HAL_Driver/Inc/Legacy -I../Drivers/CMSIS/Device/ST/STM32F7xx/Include -I../Drivers/CMSIS/Include -I"E:/GitHub_Projects_Repo/stm32f7508_projects/stm32f7508_LCD_Demo_Cpp/Drivers/BSP/STM32F7508-Discovery" -I"E:/GitHub_Projects_Repo/stm32f7508_projects/stm32f7508_LCD_Demo_Cpp/LCD_DISCO_F7508" -O0 -ffunction-sections -fdata-sections -fno-exceptions -fno-rtti -fno-use-cxa-atexit -Wall -fstack-usage -MMD -MP -MF"Core/Src/main.d" -MT"Core/Src/main.o" --specs=nano.specs -mfpu=fpv5-sp-d16 -mfloat-abi=hard -mthumb -o "Core/Src/main.o"
../Core/Src/main.cpp:196:13: warning: 'void MX_GPIO_Init()' defined but not used [-Wunused-function]
  196 | static void MX_GPIO_Init(void)
      |             ^~~~~~~~~~~~
arm-none-eabi-g++ -o "stm32f7508_LCD_Demo_Cpp.elf" @"objects.list"   -mcpu=cortex-m7 -T"E:\GitHub_Projects_Repo\stm32f7508_projects\stm32f7508_LCD_Demo_Cpp\STM32F750N8HX_FLASH.ld" --specs=nosys.specs -Wl,-Map="stm32f7508_LCD_Demo_Cpp.map" -Wl,--gc-sections -static --specs=nano.specs -mfpu=fpv5-sp-d16 -mfloat-abi=hard -mthumb -Wl,--start-group -lc -lm -lstdc++ -lsupc++ -Wl,--end-group
Finished building target: stm32f7508_LCD_Demo_Cpp.elf
 
arm-none-eabi-objdump -h -S  stm32f7508_LCD_Demo_Cpp.elf  > "stm32f7508_LCD_Demo_Cpp.list"
arm-none-eabi-objcopy  -O binary  stm32f7508_LCD_Demo_Cpp.elf  "stm32f7508_LCD_Demo_Cpp.bin"
arm-none-eabi-size   stm32f7508_LCD_Demo_Cpp.elf 
   text	   data	    bss	    dec	    hex	filename
  26444	     40	   3696	  30180	   75e4	stm32f7508_LCD_Demo_Cpp.elf
Finished building: default.size.stdout
 
Finished building: stm32f7508_LCD_Demo_Cpp.bin
 
Finished building: stm32f7508_LCD_Demo_Cpp.list
 

15:37:38 Build Finished. 0 errors, 1 warnings. (took 3s.467ms)

