Archive member included to satisfy reference by file (symbol)

c:/st/stm32cubeide_1.6.0/stm32cubeide/plugins/com.st.stm32cube.ide.mcu.externaltools.gnu-tools-for-stm32.9-2020-q2-update.win32_1.5.0.202011040924/tools/bin/../lib/gcc/arm-none-eabi/9.3.1/../../../../arm-none-eabi/lib/thumb/v7e-m+fp/hard\libc_nano.a(lib_a-errno.o)
                              Example/SW4STM32/syscalls.o (__errno)
c:/st/stm32cubeide_1.6.0/stm32cubeide/plugins/com.st.stm32cube.ide.mcu.externaltools.gnu-tools-for-stm32.9-2020-q2-update.win32_1.5.0.202011040924/tools/bin/../lib/gcc/arm-none-eabi/9.3.1/../../../../arm-none-eabi/lib/thumb/v7e-m+fp/hard\libc_nano.a(lib_a-exit.o)
                              c:/st/stm32cubeide_1.6.0/stm32cubeide/plugins/com.st.stm32cube.ide.mcu.externaltools.gnu-tools-for-stm32.9-2020-q2-update.win32_1.5.0.202011040924/tools/bin/../lib/gcc/arm-none-eabi/9.3.1/../../../../arm-none-eabi/lib/thumb/v7e-m+fp/hard/crt0.o (exit)
c:/st/stm32cubeide_1.6.0/stm32cubeide/plugins/com.st.stm32cube.ide.mcu.externaltools.gnu-tools-for-stm32.9-2020-q2-update.win32_1.5.0.202011040924/tools/bin/../lib/gcc/arm-none-eabi/9.3.1/../../../../arm-none-eabi/lib/thumb/v7e-m+fp/hard\libc_nano.a(lib_a-impure.o)
                              c:/st/stm32cubeide_1.6.0/stm32cubeide/plugins/com.st.stm32cube.ide.mcu.externaltools.gnu-tools-for-stm32.9-2020-q2-update.win32_1.5.0.202011040924/tools/bin/../lib/gcc/arm-none-eabi/9.3.1/../../../../arm-none-eabi/lib/thumb/v7e-m+fp/hard\libc_nano.a(lib_a-exit.o) (_global_impure_ptr)
c:/st/stm32cubeide_1.6.0/stm32cubeide/plugins/com.st.stm32cube.ide.mcu.externaltools.gnu-tools-for-stm32.9-2020-q2-update.win32_1.5.0.202011040924/tools/bin/../lib/gcc/arm-none-eabi/9.3.1/../../../../arm-none-eabi/lib/thumb/v7e-m+fp/hard\libc_nano.a(lib_a-init.o)
                              c:/st/stm32cubeide_1.6.0/stm32cubeide/plugins/com.st.stm32cube.ide.mcu.externaltools.gnu-tools-for-stm32.9-2020-q2-update.win32_1.5.0.202011040924/tools/bin/../lib/gcc/arm-none-eabi/9.3.1/../../../../arm-none-eabi/lib/thumb/v7e-m+fp/hard/crt0.o (__libc_init_array)
c:/st/stm32cubeide_1.6.0/stm32cubeide/plugins/com.st.stm32cube.ide.mcu.externaltools.gnu-tools-for-stm32.9-2020-q2-update.win32_1.5.0.202011040924/tools/bin/../lib/gcc/arm-none-eabi/9.3.1/../../../../arm-none-eabi/lib/thumb/v7e-m+fp/hard\libc_nano.a(lib_a-memset.o)
                              c:/st/stm32cubeide_1.6.0/stm32cubeide/plugins/com.st.stm32cube.ide.mcu.externaltools.gnu-tools-for-stm32.9-2020-q2-update.win32_1.5.0.202011040924/tools/bin/../lib/gcc/arm-none-eabi/9.3.1/../../../../arm-none-eabi/lib/thumb/v7e-m+fp/hard/crt0.o (memset)
c:/st/stm32cubeide_1.6.0/stm32cubeide/plugins/com.st.stm32cube.ide.mcu.externaltools.gnu-tools-for-stm32.9-2020-q2-update.win32_1.5.0.202011040924/tools/bin/../lib/gcc/arm-none-eabi/9.3.1/../../../../arm-none-eabi/lib/thumb/v7e-m+fp/hard\libc_nano.a(lib_a-printf.o)
                              Example/User/main.o (printf)
c:/st/stm32cubeide_1.6.0/stm32cubeide/plugins/com.st.stm32cube.ide.mcu.externaltools.gnu-tools-for-stm32.9-2020-q2-update.win32_1.5.0.202011040924/tools/bin/../lib/gcc/arm-none-eabi/9.3.1/../../../../arm-none-eabi/lib/thumb/v7e-m+fp/hard\libc_nano.a(lib_a-puts.o)
                              Example/User/main.o (puts)
c:/st/stm32cubeide_1.6.0/stm32cubeide/plugins/com.st.stm32cube.ide.mcu.externaltools.gnu-tools-for-stm32.9-2020-q2-update.win32_1.5.0.202011040924/tools/bin/../lib/gcc/arm-none-eabi/9.3.1/../../../../arm-none-eabi/lib/thumb/v7e-m+fp/hard\libc_nano.a(lib_a-wbuf.o)
                              c:/st/stm32cubeide_1.6.0/stm32cubeide/plugins/com.st.stm32cube.ide.mcu.externaltools.gnu-tools-for-stm32.9-2020-q2-update.win32_1.5.0.202011040924/tools/bin/../lib/gcc/arm-none-eabi/9.3.1/../../../../arm-none-eabi/lib/thumb/v7e-m+fp/hard\libc_nano.a(lib_a-puts.o) (__swbuf_r)
c:/st/stm32cubeide_1.6.0/stm32cubeide/plugins/com.st.stm32cube.ide.mcu.externaltools.gnu-tools-for-stm32.9-2020-q2-update.win32_1.5.0.202011040924/tools/bin/../lib/gcc/arm-none-eabi/9.3.1/../../../../arm-none-eabi/lib/thumb/v7e-m+fp/hard\libc_nano.a(lib_a-wsetup.o)
                              c:/st/stm32cubeide_1.6.0/stm32cubeide/plugins/com.st.stm32cube.ide.mcu.externaltools.gnu-tools-for-stm32.9-2020-q2-update.win32_1.5.0.202011040924/tools/bin/../lib/gcc/arm-none-eabi/9.3.1/../../../../arm-none-eabi/lib/thumb/v7e-m+fp/hard\libc_nano.a(lib_a-puts.o) (__swsetup_r)
c:/st/stm32cubeide_1.6.0/stm32cubeide/plugins/com.st.stm32cube.ide.mcu.externaltools.gnu-tools-for-stm32.9-2020-q2-update.win32_1.5.0.202011040924/tools/bin/../lib/gcc/arm-none-eabi/9.3.1/../../../../arm-none-eabi/lib/thumb/v7e-m+fp/hard\libc_nano.a(lib_a-fflush.o)
                              c:/st/stm32cubeide_1.6.0/stm32cubeide/plugins/com.st.stm32cube.ide.mcu.externaltools.gnu-tools-for-stm32.9-2020-q2-update.win32_1.5.0.202011040924/tools/bin/../lib/gcc/arm-none-eabi/9.3.1/../../../../arm-none-eabi/lib/thumb/v7e-m+fp/hard\libc_nano.a(lib_a-wbuf.o) (_fflush_r)
[...]
Memory Configuration

Name             Origin             Length             Attributes
FLASH            0x0000000090000000 0x0000000001000000 xr
RAM              0x0000000020000000 0x0000000000050000 xrw
*default*        0x0000000000000000 0xffffffffffffffff

Linker script and memory map

LOAD c:/st/stm32cubeide_1.6.0/stm32cubeide/plugins/com.st.stm32cube.ide.mcu.externaltools.gnu-tools-for-stm32.9-2020-q2-update.win32_1.5.0.202011040924/tools/bin/../lib/gcc/arm-none-eabi/9.3.1/thumb/v7e-m+fp/hard/crti.o
LOAD c:/st/stm32cubeide_1.6.0/stm32cubeide/plugins/com.st.stm32cube.ide.mcu.externaltools.gnu-tools-for-stm32.9-2020-q2-update.win32_1.5.0.202011040924/tools/bin/../lib/gcc/arm-none-eabi/9.3.1/thumb/v7e-m+fp/hard/crtbegin.o
LOAD c:/st/stm32cubeide_1.6.0/stm32cubeide/plugins/com.st.stm32cube.ide.mcu.externaltools.gnu-tools-for-stm32.9-2020-q2-update.win32_1.5.0.202011040924/tools/bin/../lib/gcc/arm-none-eabi/9.3.1/../../../../arm-none-eabi/lib/thumb/v7e-m+fp/hard/crt0.o
LOAD Drivers/BSP/Components/ft5336.o
LOAD Drivers/BSP/Components/ov9655.o
LOAD Drivers/BSP/Components/wm8994.o
LOAD Drivers/BSP/STM32F7508_DISCOVERY/stm32f7508_discovery.o
LOAD Drivers/BSP/STM32F7508_DISCOVERY/stm32f7508_discovery_audio.o
LOAD Drivers/BSP/STM32F7508_DISCOVERY/stm32f7508_discovery_camera.o
LOAD Drivers/BSP/STM32F7508_DISCOVERY/stm32f7508_discovery_eeprom.o
LOAD Drivers/BSP/STM32F7508_DISCOVERY/stm32f7508_discovery_lcd.o
LOAD Drivers/BSP/STM32F7508_DISCOVERY/stm32f7508_discovery_qspi.o
LOAD Drivers/BSP/STM32F7508_DISCOVERY/stm32f7508_discovery_sd.o
LOAD Drivers/BSP/STM32F7508_DISCOVERY/stm32f7508_discovery_sdram.o
LOAD Drivers/BSP/STM32F7508_DISCOVERY/stm32f7508_discovery_ts.o
LOAD Drivers/CMSIS/system_stm32f7xx.o
LOAD Drivers/STM32F7xx_HAL_Driver/stm32f7xx_hal.o
LOAD Drivers/STM32F7xx_HAL_Driver/stm32f7xx_hal_cortex.o
LOAD Drivers/STM32F7xx_HAL_Driver/stm32f7xx_hal_dcmi.o
LOAD Drivers/STM32F7xx_HAL_Driver/stm32f7xx_hal_dma.o
LOAD Drivers/STM32F7xx_HAL_Driver/stm32f7xx_hal_dma2d.o
LOAD Drivers/STM32F7xx_HAL_Driver/stm32f7xx_hal_dma_ex.o
LOAD Drivers/STM32F7xx_HAL_Driver/stm32f7xx_hal_flash.o
LOAD Drivers/STM32F7xx_HAL_Driver/stm32f7xx_hal_flash_ex.o
LOAD Drivers/STM32F7xx_HAL_Driver/stm32f7xx_hal_gpio.o
LOAD Drivers/STM32F7xx_HAL_Driver/stm32f7xx_hal_i2c.o
LOAD Drivers/STM32F7xx_HAL_Driver/stm32f7xx_hal_i2s.o
LOAD Drivers/STM32F7xx_HAL_Driver/stm32f7xx_hal_ltdc.o
LOAD Drivers/STM32F7xx_HAL_Driver/stm32f7xx_hal_nor.o
LOAD Drivers/STM32F7xx_HAL_Driver/stm32f7xx_hal_pwr.o
LOAD Drivers/STM32F7xx_HAL_Driver/stm32f7xx_hal_pwr_ex.o
LOAD Drivers/STM32F7xx_HAL_Driver/stm32f7xx_hal_qspi.o
LOAD Drivers/STM32F7xx_HAL_Driver/stm32f7xx_hal_rcc.o
LOAD Drivers/STM32F7xx_HAL_Driver/stm32f7xx_hal_rcc_ex.o
LOAD Drivers/STM32F7xx_HAL_Driver/stm32f7xx_hal_sai.o
LOAD Drivers/STM32F7xx_HAL_Driver/stm32f7xx_hal_sai_ex.o
LOAD Drivers/STM32F7xx_HAL_Driver/stm32f7xx_hal_sd.o
LOAD Drivers/STM32F7xx_HAL_Driver/stm32f7xx_hal_sdram.o
LOAD Drivers/STM32F7xx_HAL_Driver/stm32f7xx_hal_sram.o
LOAD Drivers/STM32F7xx_HAL_Driver/stm32f7xx_hal_tim.o
LOAD Drivers/STM32F7xx_HAL_Driver/stm32f7xx_hal_tim_ex.o
LOAD Drivers/STM32F7xx_HAL_Driver/stm32f7xx_hal_uart.o
LOAD Drivers/STM32F7xx_HAL_Driver/stm32f7xx_ll_fmc.o
LOAD Drivers/STM32F7xx_HAL_Driver/stm32f7xx_ll_sdmmc.o
LOAD Example/SW4STM32/startup_stm32f750xx.o
LOAD Example/SW4STM32/syscalls.o
LOAD Example/User/main.o
LOAD Example/User/stm32f7xx_it.o
LOAD Utilities/lcd_log.o
START GROUP
LOAD c:/st/stm32cubeide_1.6.0/stm32cubeide/plugins/com.st.stm32cube.ide.mcu.externaltools.gnu-tools-for-stm32.9-2020-q2-update.win32_1.5.0.202011040924/tools/bin/../lib/gcc/arm-none-eabi/9.3.1/../../../../arm-none-eabi/lib/thumb/v7e-m+fp/hard\libc_nano.a
LOAD c:/st/stm32cubeide_1.6.0/stm32cubeide/plugins/com.st.stm32cube.ide.mcu.externaltools.gnu-tools-for-stm32.9-2020-q2-update.win32_1.5.0.202011040924/tools/bin/../lib/gcc/arm-none-eabi/9.3.1/../../../../arm-none-eabi/lib/thumb/v7e-m+fp/hard\libm.a
END GROUP
START GROUP
LOAD c:/st/stm32cubeide_1.6.0/stm32cubeide/plugins/com.st.stm32cube.ide.mcu.externaltools.gnu-tools-for-stm32.9-2020-q2-update.win32_1.5.0.202011040924/tools/bin/../lib/gcc/arm-none-eabi/9.3.1/thumb/v7e-m+fp/hard\libgcc.a
LOAD c:/st/stm32cubeide_1.6.0/stm32cubeide/plugins/com.st.stm32cube.ide.mcu.externaltools.gnu-tools-for-stm32.9-2020-q2-update.win32_1.5.0.202011040924/tools/bin/../lib/gcc/arm-none-eabi/9.3.1/../../../../arm-none-eabi/lib/thumb/v7e-m+fp/hard\libc_nano.a
END GROUP
START GROUP
LOAD c:/st/stm32cubeide_1.6.0/stm32cubeide/plugins/com.st.stm32cube.ide.mcu.externaltools.gnu-tools-for-stm32.9-2020-q2-update.win32_1.5.0.202011040924/tools/bin/../lib/gcc/arm-none-eabi/9.3.1/thumb/v7e-m+fp/hard\libgcc.a
LOAD c:/st/stm32cubeide_1.6.0/stm32cubeide/plugins/com.st.stm32cube.ide.mcu.externaltools.gnu-tools-for-stm32.9-2020-q2-update.win32_1.5.0.202011040924/tools/bin/../lib/gcc/arm-none-eabi/9.3.1/../../../../arm-none-eabi/lib/thumb/v7e-m+fp/hard\libc_nano.a
LOAD c:/st/stm32cubeide_1.6.0/stm32cubeide/plugins/com.st.stm32cube.ide.mcu.externaltools.gnu-tools-for-stm32.9-2020-q2-update.win32_1.5.0.202011040924/tools/bin/../lib/gcc/arm-none-eabi/9.3.1/../../../../arm-none-eabi/lib/thumb/v7e-m+fp/hard\libnosys.a
END GROUP
START GROUP
LOAD c:/st/stm32cubeide_1.6.0/stm32cubeide/plugins/com.st.stm32cube.ide.mcu.externaltools.gnu-tools-for-stm32.9-2020-q2-update.win32_1.5.0.202011040924/tools/bin/../lib/gcc/arm-none-eabi/9.3.1/thumb/v7e-m+fp/hard\libgcc.a
LOAD c:/st/stm32cubeide_1.6.0/stm32cubeide/plugins/com.st.stm32cube.ide.mcu.externaltools.gnu-tools-for-stm32.9-2020-q2-update.win32_1.5.0.202011040924/tools/bin/../lib/gcc/arm-none-eabi/9.3.1/../../../../arm-none-eabi/lib/thumb/v7e-m+fp/hard\libc_nano.a
LOAD c:/st/stm32cubeide_1.6.0/stm32cubeide/plugins/com.st.stm32cube.ide.mcu.externaltools.gnu-tools-for-stm32.9-2020-q2-update.win32_1.5.0.202011040924/tools/bin/../lib/gcc/arm-none-eabi/9.3.1/../../../../arm-none-eabi/lib/thumb/v7e-m+fp/hard\libnosys.a
END GROUP
LOAD c:/st/stm32cubeide_1.6.0/stm32cubeide/plugins/com.st.stm32cube.ide.mcu.externaltools.gnu-tools-for-stm32.9-2020-q2-update.win32_1.5.0.202011040924/tools/bin/../lib/gcc/arm-none-eabi/9.3.1/thumb/v7e-m+fp/hard/crtend.o
LOAD c:/st/stm32cubeide_1.6.0/stm32cubeide/plugins/com.st.stm32cube.ide.mcu.externaltools.gnu-tools-for-stm32.9-2020-q2-update.win32_1.5.0.202011040924/tools/bin/../lib/gcc/arm-none-eabi/9.3.1/thumb/v7e-m+fp/hard/crtn.o
                0x0000000020050000                _estack = 0x20050000
                0x0000000000000400                _Min_Heap_Size = 0x400
                0x0000000000000800                _Min_Stack_Size = 0x800

.isr_vector     0x0000000090000000      0x1c8
                0x0000000090000000                . = ALIGN (0x4)
 *(.isr_vector)
 .isr_vector    0x0000000090000000      0x1c8 Example/SW4STM32/startup_stm32f750xx.o
                0x0000000090000000                g_pfnVectors
                0x00000000900001c8                . = ALIGN (0x4)

.text           0x00000000900001d0     0x3adc
                0x00000000900001d0                . = ALIGN (0x4)
 *(.text)
 .text          0x00000000900001d0       0x40 c:/st/stm32cubeide_1.6.0/stm32cubeide/plugins/com.st.stm32cube.ide.mcu.externaltools.gnu-tools-for-stm32.9-2020-q2-update.win32_1.5.0.202011040924/tools/bin/../lib/gcc/arm-none-eabi/9.3.1/thumb/v7e-m+fp/hard/crtbegin.o
 .text          0x0000000090000210       0xa0 c:/st/stm32cubeide_1.6.0/stm32cubeide/plugins/com.st.stm32cube.ide.mcu.externaltools.gnu-tools-for-stm32.9-2020-q2-update.win32_1.5.0.202011040924/tools/bin/../lib/gcc/arm-none-eabi/9.3.1/../../../../arm-none-eabi/lib/thumb/v7e-m+fp/hard\libc_nano.a(lib_a-memchr.o)
                0x0000000090000210                memchr
 .text          0x00000000900002b0       0x30 c:/st/stm32cubeide_1.6.0/stm32cubeide/plugins/com.st.stm32cube.ide.mcu.externaltools.gnu-tools-for-stm32.9-2020-q2-update.win32_1.5.0.202011040924/tools/bin/../lib/gcc/arm-none-eabi/9.3.1/thumb/v7e-m+fp/hard\libgcc.a(_aeabi_uldivmod.o)
                0x00000000900002b0                __aeabi_uldivmod
 .text          0x00000000900002e0      0x2c4 c:/st/stm32cubeide_1.6.0/stm32cubeide/plugins/com.st.stm32cube.ide.mcu.externaltools.gnu-tools-for-stm32.9-2020-q2-update.win32_1.5.0.202011040924/tools/bin/../lib/gcc/arm-none-eabi/9.3.1/thumb/v7e-m+fp/hard\libgcc.a(_udivmoddi4.o)
                0x00000000900002e0                __udivmoddi4
 .text          0x00000000900005a4        0x4 c:/st/stm32cubeide_1.6.0/stm32cubeide/plugins/com.st.stm32cube.ide.mcu.externaltools.gnu-tools-for-stm32.9-2020-q2-update.win32_1.5.0.202011040924/tools/bin/../lib/gcc/arm-none-eabi/9.3.1/thumb/v7e-m+fp/hard\libgcc.a(_dvmd_tls.o)
                0x00000000900005a4                __aeabi_idiv0
                0x00000000900005a4                __aeabi_ldiv0
 *(.text*)
 .text.LL_FillBuffer
                0x00000000900005a8       0x78 Drivers/BSP/STM32F7508_DISCOVERY/stm32f7508_discovery_lcd.o
 .text.BSP_LCD_GetXSize
                0x0000000090000620       0x18 Drivers/BSP/STM32F7508_DISCOVERY/stm32f7508_discovery_lcd.o
                0x0000000090000620                BSP_LCD_GetXSize
 .text.BSP_LCD_LayerDefaultInit
                0x0000000090000638       0x70 Drivers/BSP/STM32F7508_DISCOVERY/stm32f7508_discovery_lcd.o
                0x0000000090000638                BSP_LCD_LayerDefaultInit
 .text.BSP_LCD_SelectLayer
                0x00000000900006a8        0xc Drivers/BSP/STM32F7508_DISCOVERY/stm32f7508_discovery_lcd.o
                0x00000000900006a8                BSP_LCD_SelectLayer
 .text.BSP_LCD_SetTextColor
                0x00000000900006b4       0x14 Drivers/BSP/STM32F7508_DISCOVERY/stm32f7508_discovery_lcd.o
                0x00000000900006b4                BSP_LCD_SetTextColor
 .text.BSP_LCD_SetBackColor
                0x00000000900006c8       0x14 Drivers/BSP/STM32F7508_DISCOVERY/stm32f7508_discovery_lcd.o
                0x00000000900006c8                BSP_LCD_SetBackColor
 .text.BSP_LCD_SetFont
                0x00000000900006dc       0x14 Drivers/BSP/STM32F7508_DISCOVERY/stm32f7508_discovery_lcd.o
                0x00000000900006dc                BSP_LCD_SetFont
 .text.BSP_LCD_GetFont
                0x00000000900006f0       0x14 Drivers/BSP/STM32F7508_DISCOVERY/stm32f7508_discovery_lcd.o
                0x00000000900006f0                BSP_LCD_GetFont
 .text.BSP_LCD_Clear
                0x0000000090000704       0x2c Drivers/BSP/STM32F7508_DISCOVERY/stm32f7508_discovery_lcd.o
                0x0000000090000704                BSP_LCD_Clear
 .text.BSP_LCD_DrawPixel
                0x0000000090000730       0x34 Drivers/BSP/STM32F7508_DISCOVERY/stm32f7508_discovery_lcd.o
                0x0000000090000730                BSP_LCD_DrawPixel
 .text.BSP_LCD_DisplayChar
                0x0000000090000764       0xb8 Drivers/BSP/STM32F7508_DISCOVERY/stm32f7508_discovery_lcd.o
                0x0000000090000764                BSP_LCD_DisplayChar
 .text.BSP_LCD_DisplayStringAt
                0x000000009000081c       0xb0 Drivers/BSP/STM32F7508_DISCOVERY/stm32f7508_discovery_lcd.o
                0x000000009000081c                BSP_LCD_DisplayStringAt
 .text.BSP_LCD_DisplayStringAtLine
                0x00000000900008cc       0x28 Drivers/BSP/STM32F7508_DISCOVERY/stm32f7508_discovery_lcd.o
                0x00000000900008cc                BSP_LCD_DisplayStringAtLine
 .text.BSP_LCD_FillRect
                0x00000000900008f4       0x48 Drivers/BSP/STM32F7508_DISCOVERY/stm32f7508_discovery_lcd.o
                0x00000000900008f4                BSP_LCD_FillRect
 .text.BSP_LCD_DisplayOn
                0x000000009000093c       0x34 Drivers/BSP/STM32F7508_DISCOVERY/stm32f7508_discovery_lcd.o
                0x000000009000093c                BSP_LCD_DisplayOn
 .text.BSP_LCD_DisplayOff
                0x0000000090000970       0x34 Drivers/BSP/STM32F7508_DISCOVERY/stm32f7508_discovery_lcd.o
                0x0000000090000970                BSP_LCD_DisplayOff
 .text.BSP_LCD_MspInit
                0x00000000900009a4      0x148 Drivers/BSP/STM32F7508_DISCOVERY/stm32f7508_discovery_lcd.o
                0x00000000900009a4                BSP_LCD_MspInit
 .text.BSP_LCD_ClockConfig
                0x0000000090000aec       0x20 Drivers/BSP/STM32F7508_DISCOVERY/stm32f7508_discovery_lcd.o
                0x0000000090000aec                BSP_LCD_ClockConfig
 .text.BSP_LCD_Init
                0x0000000090000b0c       0xb0 Drivers/BSP/STM32F7508_DISCOVERY/stm32f7508_discovery_lcd.o
                0x0000000090000b0c                BSP_LCD_Init
 .text.BSP_SDRAM_Initialization_sequence
                0x0000000090000bbc       0x94 Drivers/BSP/STM32F7508_DISCOVERY/stm32f7508_discovery_sdram.o
                0x0000000090000bbc                BSP_SDRAM_Initialization_sequence
 .text.BSP_SDRAM_MspInit
                0x0000000090000c50      0x17c Drivers/BSP/STM32F7508_DISCOVERY/stm32f7508_discovery_sdram.o
                0x0000000090000c50                BSP_SDRAM_MspInit
 .text.BSP_SDRAM_Init
                0x0000000090000dcc       0x7c Drivers/BSP/STM32F7508_DISCOVERY/stm32f7508_discovery_sdram.o
                0x0000000090000dcc                BSP_SDRAM_Init
 .text.SystemInit
                0x0000000090000e48       0x4c Drivers/CMSIS/system_stm32f7xx.o
                0x0000000090000e48                SystemInit
 .text.HAL_InitTick
                0x0000000090000e94       0x44 Drivers/STM32F7xx_HAL_Driver/stm32f7xx_hal.o
                0x0000000090000e94                HAL_InitTick
 .text.HAL_IncTick
                0x0000000090000ed8       0x18 Drivers/STM32F7xx_HAL_Driver/stm32f7xx_hal.o
                0x0000000090000ed8                HAL_IncTick
 .text.HAL_GetTick
                0x0000000090000ef0        0xc Drivers/STM32F7xx_HAL_Driver/stm32f7xx_hal.o
                0x0000000090000ef0                HAL_GetTick
 .text.HAL_Delay
                0x0000000090000efc       0x24 Drivers/STM32F7xx_HAL_Driver/stm32f7xx_hal.o
                0x0000000090000efc                HAL_Delay
 .text.HAL_NVIC_SetPriority
                0x0000000090000f20       0x64 Drivers/STM32F7xx_HAL_Driver/stm32f7xx_hal_cortex.o
                0x0000000090000f20                HAL_NVIC_SetPriority
 .text.HAL_NVIC_EnableIRQ
                0x0000000090000f84       0x1c Drivers/STM32F7xx_HAL_Driver/stm32f7xx_hal_cortex.o
                0x0000000090000f84                HAL_NVIC_EnableIRQ
 .text.HAL_SYSTICK_Config
                0x0000000090000fa0       0x2c Drivers/STM32F7xx_HAL_Driver/stm32f7xx_hal_cortex.o
                0x0000000090000fa0                HAL_SYSTICK_Config
 .text.HAL_MPU_Disable
                0x0000000090000fcc       0x20 Drivers/STM32F7xx_HAL_Driver/stm32f7xx_hal_cortex.o
                0x0000000090000fcc                HAL_MPU_Disable
 .text.HAL_MPU_Enable
                0x0000000090000fec       0x24 Drivers/STM32F7xx_HAL_Driver/stm32f7xx_hal_cortex.o
                0x0000000090000fec                HAL_MPU_Enable
 .text.HAL_MPU_ConfigRegion
                0x0000000090001010       0x50 Drivers/STM32F7xx_HAL_Driver/stm32f7xx_hal_cortex.o
                0x0000000090001010                HAL_MPU_ConfigRegion
 .text.DMA_CalcBaseAndBitshift
                0x0000000090001060       0x2c Drivers/STM32F7xx_HAL_Driver/stm32f7xx_hal_dma.o
 .text.HAL_DMA_Init
                0x000000009000108c      0x100 Drivers/STM32F7xx_HAL_Driver/stm32f7xx_hal_dma.o
                0x000000009000108c                HAL_DMA_Init
 .text.HAL_DMA_DeInit
                0x000000009000118c       0x54 Drivers/STM32F7xx_HAL_Driver/stm32f7xx_hal_dma.o
                0x000000009000118c                HAL_DMA_DeInit
 .text.HAL_DMA_IRQHandler
                0x00000000900011e0      0x17c Drivers/STM32F7xx_HAL_Driver/stm32f7xx_hal_dma.o
                0x00000000900011e0                HAL_DMA_IRQHandler
 .text.DMA2D_SetConfig
                0x000000009000135c       0x84 Drivers/STM32F7xx_HAL_Driver/stm32f7xx_hal_dma2d.o
 .text.HAL_DMA2D_MspInit
                0x00000000900013e0        0x2 Drivers/STM32F7xx_HAL_Driver/stm32f7xx_hal_dma2d.o
                0x00000000900013e0                HAL_DMA2D_MspInit
 .text.HAL_DMA2D_Init
                0x00000000900013e2       0x58 Drivers/STM32F7xx_HAL_Driver/stm32f7xx_hal_dma2d.o
                0x00000000900013e2                HAL_DMA2D_Init
 .text.HAL_DMA2D_Start
                0x000000009000143a       0x34 Drivers/STM32F7xx_HAL_Driver/stm32f7xx_hal_dma2d.o
                0x000000009000143a                HAL_DMA2D_Start
 .text.HAL_DMA2D_PollForTransfer
                0x000000009000146e      0x102 Drivers/STM32F7xx_HAL_Driver/stm32f7xx_hal_dma2d.o
                0x000000009000146e                HAL_DMA2D_PollForTransfer
 .text.HAL_DMA2D_ConfigLayer
                0x0000000090001570       0x90 Drivers/STM32F7xx_HAL_Driver/stm32f7xx_hal_dma2d.o
                0x0000000090001570                HAL_DMA2D_ConfigLayer
 .text.HAL_GPIO_Init
                0x0000000090001600      0x1cc Drivers/STM32F7xx_HAL_Driver/stm32f7xx_hal_gpio.o
                0x0000000090001600                HAL_GPIO_Init
 .text.HAL_GPIO_WritePin
                0x00000000900017cc        0xa Drivers/STM32F7xx_HAL_Driver/stm32f7xx_hal_gpio.o
                0x00000000900017cc                HAL_GPIO_WritePin
 .text.HAL_GPIO_EXTI_Callback
                0x00000000900017d6        0x2 Drivers/STM32F7xx_HAL_Driver/stm32f7xx_hal_gpio.o
                0x00000000900017d6                HAL_GPIO_EXTI_Callback
 .text.HAL_GPIO_EXTI_IRQHandler
                0x00000000900017d8       0x18 Drivers/STM32F7xx_HAL_Driver/stm32f7xx_hal_gpio.o
                0x00000000900017d8                HAL_GPIO_EXTI_IRQHandler
 .text.LTDC_SetConfig
                0x00000000900017f0      0x10c Drivers/STM32F7xx_HAL_Driver/stm32f7xx_hal_ltdc.o
 .text.HAL_LTDC_MspInit
                0x00000000900018fc        0x2 Drivers/STM32F7xx_HAL_Driver/stm32f7xx_hal_ltdc.o
                0x00000000900018fc                HAL_LTDC_MspInit
 *fill*         0x00000000900018fe        0x2 
 .text.HAL_LTDC_Init
                0x0000000090001900       0xd8 Drivers/STM32F7xx_HAL_Driver/stm32f7xx_hal_ltdc.o
                0x0000000090001900                HAL_LTDC_Init
 .text.HAL_LTDC_ConfigLayer
                0x00000000900019d8       0x5a Drivers/STM32F7xx_HAL_Driver/stm32f7xx_hal_ltdc.o
                0x00000000900019d8                HAL_LTDC_ConfigLayer
 .text.HAL_LTDC_GetState
                0x0000000090001a32        0x6 Drivers/STM32F7xx_HAL_Driver/stm32f7xx_hal_ltdc.o
                0x0000000090001a32                HAL_LTDC_GetState
 .text.HAL_PWREx_EnableOverDrive
                0x0000000090001a38       0x70 Drivers/STM32F7xx_HAL_Driver/stm32f7xx_hal_pwr_ex.o
                0x0000000090001a38                HAL_PWREx_EnableOverDrive
 .text.HAL_RCC_OscConfig
                0x0000000090001aa8      0x37c Drivers/STM32F7xx_HAL_Driver/stm32f7xx_hal_rcc.o
                0x0000000090001aa8                HAL_RCC_OscConfig
 .text.HAL_RCC_GetSysClockFreq
                0x0000000090001e24       0x5c Drivers/STM32F7xx_HAL_Driver/stm32f7xx_hal_rcc.o
                0x0000000090001e24                HAL_RCC_GetSysClockFreq
 .text.HAL_RCC_ClockConfig
                0x0000000090001e80      0x140 Drivers/STM32F7xx_HAL_Driver/stm32f7xx_hal_rcc.o
                0x0000000090001e80                HAL_RCC_ClockConfig
 .text.HAL_RCCEx_PeriphCLKConfig
                0x0000000090001fc0      0x514 Drivers/STM32F7xx_HAL_Driver/stm32f7xx_hal_rcc_ex.o
                0x0000000090001fc0                HAL_RCCEx_PeriphCLKConfig
 .text.HAL_SDRAM_MspInit
                0x00000000900024d4        0x2 Drivers/STM32F7xx_HAL_Driver/stm32f7xx_hal_sdram.o
                0x00000000900024d4                HAL_SDRAM_MspInit
 .text.HAL_SDRAM_Init
                0x00000000900024d6       0x40 Drivers/STM32F7xx_HAL_Driver/stm32f7xx_hal_sdram.o
                0x00000000900024d6                HAL_SDRAM_Init
 .text.HAL_SDRAM_SendCommand
                0x0000000090002516       0x2e Drivers/STM32F7xx_HAL_Driver/stm32f7xx_hal_sdram.o
                0x0000000090002516                HAL_SDRAM_SendCommand
 .text.HAL_SDRAM_ProgramRefreshRate
                0x0000000090002544       0x24 Drivers/STM32F7xx_HAL_Driver/stm32f7xx_hal_sdram.o
                0x0000000090002544                HAL_SDRAM_ProgramRefreshRate
 .text.FMC_SDRAM_Init
                0x0000000090002568       0x6c Drivers/STM32F7xx_HAL_Driver/stm32f7xx_ll_fmc.o
                0x0000000090002568                FMC_SDRAM_Init
 .text.FMC_SDRAM_Timing_Init
                0x00000000900025d4       0x86 Drivers/STM32F7xx_HAL_Driver/stm32f7xx_ll_fmc.o
                0x00000000900025d4                FMC_SDRAM_Timing_Init
 .text.FMC_SDRAM_SendCommand
                0x000000009000265a       0x26 Drivers/STM32F7xx_HAL_Driver/stm32f7xx_ll_fmc.o
                0x000000009000265a                FMC_SDRAM_SendCommand
 .text.FMC_SDRAM_ProgramRefreshRate
                0x0000000090002680        0xc Drivers/STM32F7xx_HAL_Driver/stm32f7xx_ll_fmc.o
                0x0000000090002680                FMC_SDRAM_ProgramRefreshRate
 .text.Reset_Handler
                0x000000009000268c       0x50 Example/SW4STM32/startup_stm32f750xx.o
                0x000000009000268c                Reset_Handler
 .text.Default_Handler
                0x00000000900026dc        0x2 Example/SW4STM32/startup_stm32f750xx.o
                0x00000000900026dc                RTC_Alarm_IRQHandler
                0x00000000900026dc                HASH_RNG_IRQHandler
                0x00000000900026dc                TIM8_CC_IRQHandler
                0x00000000900026dc                UART8_IRQHandler
                0x00000000900026dc                SPI4_IRQHandler
                0x00000000900026dc                TIM1_CC_IRQHandler
                0x00000000900026dc                DMA2_Stream5_IRQHandler
                0x00000000900026dc                DMA1_Stream5_IRQHandler
                0x00000000900026dc                PVD_IRQHandler
                0x00000000900026dc                TAMP_STAMP_IRQHandler
                0x00000000900026dc                CAN2_RX1_IRQHandler
                0x00000000900026dc                EXTI3_IRQHandler
                0x00000000900026dc                TIM8_TRG_COM_TIM14_IRQHandler
                0x00000000900026dc                TIM1_UP_TIM10_IRQHandler
                0x00000000900026dc                TIM8_UP_TIM13_IRQHandler
                0x00000000900026dc                I2C3_ER_IRQHandler
                0x00000000900026dc                I2C2_EV_IRQHandler
                0x00000000900026dc                DMA1_Stream2_IRQHandler
                0x00000000900026dc                CAN1_RX0_IRQHandler
                0x00000000900026dc                FPU_IRQHandler
                0x00000000900026dc                OTG_HS_WKUP_IRQHandler
                0x00000000900026dc                LTDC_ER_IRQHandler
                0x00000000900026dc                CAN2_SCE_IRQHandler
                0x00000000900026dc                DMA2_Stream2_IRQHandler
                0x00000000900026dc                SPI1_IRQHandler
                0x00000000900026dc                TIM6_DAC_IRQHandler
                0x00000000900026dc                TIM1_BRK_TIM9_IRQHandler
                0x00000000900026dc                DCMI_IRQHandler
                0x00000000900026dc                CAN2_RX0_IRQHandler
                0x00000000900026dc                DMA2_Stream3_IRQHandler
                0x00000000900026dc                SAI2_IRQHandler
                0x00000000900026dc                USART6_IRQHandler
                0x00000000900026dc                USART3_IRQHandler
                0x00000000900026dc                CRYP_IRQHandler
                0x00000000900026dc                CAN1_RX1_IRQHandler
                0x00000000900026dc                UART5_IRQHandler
                0x00000000900026dc                TIM4_IRQHandler
                0x00000000900026dc                QUADSPI_IRQHandler
                0x00000000900026dc                I2C1_EV_IRQHandler
                0x00000000900026dc                DMA1_Stream6_IRQHandler
                0x00000000900026dc                DMA1_Stream1_IRQHandler
                0x00000000900026dc                UART4_IRQHandler
                0x00000000900026dc                TIM3_IRQHandler
                0x00000000900026dc                RCC_IRQHandler
                0x00000000900026dc                TIM8_BRK_TIM12_IRQHandler
                0x00000000900026dc                Default_Handler
                0x00000000900026dc                CEC_IRQHandler
                0x00000000900026dc                EXTI15_10_IRQHandler
                0x00000000900026dc                ADC_IRQHandler
                0x00000000900026dc                DMA1_Stream7_IRQHandler
                0x00000000900026dc                SPI5_IRQHandler
                0x00000000900026dc                TIM7_IRQHandler
                0x00000000900026dc                SDMMC1_IRQHandler
                0x00000000900026dc                CAN2_TX_IRQHandler
                0x00000000900026dc                TIM5_IRQHandler
                0x00000000900026dc                I2C3_EV_IRQHandler
                0x00000000900026dc                EXTI9_5_IRQHandler
                0x00000000900026dc                RTC_WKUP_IRQHandler
                0x00000000900026dc                LTDC_IRQHandler
                0x00000000900026dc                ETH_WKUP_IRQHandler
                0x00000000900026dc                SPDIF_RX_IRQHandler
                0x00000000900026dc                SPI2_IRQHandler
                0x00000000900026dc                OTG_HS_EP1_IN_IRQHandler
                0x00000000900026dc                DMA1_Stream0_IRQHandler
                0x00000000900026dc                CAN1_TX_IRQHandler
                0x00000000900026dc                EXTI4_IRQHandler
                0x00000000900026dc                ETH_IRQHandler
                0x00000000900026dc                OTG_HS_EP1_OUT_IRQHandler
                0x00000000900026dc                WWDG_IRQHandler
                0x00000000900026dc                SPI6_IRQHandler
                0x00000000900026dc                I2C4_EV_IRQHandler
                0x00000000900026dc                TIM2_IRQHandler
                0x00000000900026dc                OTG_FS_WKUP_IRQHandler
                0x00000000900026dc                TIM1_TRG_COM_TIM11_IRQHandler
                0x00000000900026dc                OTG_HS_IRQHandler
                0x00000000900026dc                DMA2D_IRQHandler
                0x00000000900026dc                EXTI1_IRQHandler
                0x00000000900026dc                UART7_IRQHandler
                0x00000000900026dc                USART2_IRQHandler
                0x00000000900026dc                I2C2_ER_IRQHandler
                0x00000000900026dc                CAN1_SCE_IRQHandler
                0x00000000900026dc                FLASH_IRQHandler
                0x00000000900026dc                DMA2_Stream4_IRQHandler
                0x00000000900026dc                USART1_IRQHandler
                0x00000000900026dc                OTG_FS_IRQHandler
                0x00000000900026dc                SPI3_IRQHandler
                0x00000000900026dc                DMA1_Stream4_IRQHandler
                0x00000000900026dc                I2C1_ER_IRQHandler
                0x00000000900026dc                FMC_IRQHandler
                0x00000000900026dc                LPTIM1_IRQHandler
                0x00000000900026dc                I2C4_ER_IRQHandler
                0x00000000900026dc                DMA2_Stream6_IRQHandler
                0x00000000900026dc                SAI1_IRQHandler
                0x00000000900026dc                DMA1_Stream3_IRQHandler
 .text._read    0x00000000900026de       0x1a Example/SW4STM32/syscalls.o
                0x00000000900026de                _read
 .text._write   0x00000000900026f8       0x1a Example/SW4STM32/syscalls.o
                0x00000000900026f8                _write
 *fill*         0x0000000090002712        0x2 
 .text._sbrk    0x0000000090002714       0x34 Example/SW4STM32/syscalls.o
                0x0000000090002714                _sbrk
 .text._close   0x0000000090002748        0x6 Example/SW4STM32/syscalls.o
                0x0000000090002748                _close
 .text._fstat   0x000000009000274e        0xa Example/SW4STM32/syscalls.o
                0x000000009000274e                _fstat
 .text._isatty  0x0000000090002758        0x4 Example/SW4STM32/syscalls.o
                0x0000000090002758                _isatty
 .text._lseek   0x000000009000275c        0x4 Example/SW4STM32/syscalls.o
                0x000000009000275c                _lseek
 .text.fce      0x0000000090002760       0x44 Example/User/main.o
                0x0000000090002760                fce
 .text.startup.main
                0x00000000900027a4      0x21c Example/User/main.o
                0x00000000900027a4                main
 .text.NMI_Handler
                0x00000000900029c0        0x2 Example/User/stm32f7xx_it.o
                0x00000000900029c0                NMI_Handler
 .text.HardFault_Handler
                0x00000000900029c2        0x2 Example/User/stm32f7xx_it.o
                0x00000000900029c2                HardFault_Handler
 .text.MemManage_Handler
                0x00000000900029c4        0x2 Example/User/stm32f7xx_it.o
                0x00000000900029c4                MemManage_Handler
 .text.BusFault_Handler
                0x00000000900029c6        0x2 Example/User/stm32f7xx_it.o
                0x00000000900029c6                BusFault_Handler
 .text.UsageFault_Handler
                0x00000000900029c8        0x2 Example/User/stm32f7xx_it.o
                0x00000000900029c8                UsageFault_Handler
 .text.SVC_Handler
                0x00000000900029ca        0x2 Example/User/stm32f7xx_it.o
                0x00000000900029ca                SVC_Handler
 .text.DebugMon_Handler
                0x00000000900029cc        0x2 Example/User/stm32f7xx_it.o
                0x00000000900029cc                DebugMon_Handler
 .text.PendSV_Handler
                0x00000000900029ce        0x2 Example/User/stm32f7xx_it.o
                0x00000000900029ce                PendSV_Handler
 .text.SysTick_Handler
                0x00000000900029d0        0x4 Example/User/stm32f7xx_it.o
                0x00000000900029d0                SysTick_Handler
 .text.EXTI0_IRQHandler
                0x00000000900029d4        0x8 Example/User/stm32f7xx_it.o
                0x00000000900029d4                EXTI0_IRQHandler
 .text.EXTI2_IRQHandler
                0x00000000900029dc        0x6 Example/User/stm32f7xx_it.o
                0x00000000900029dc                EXTI2_IRQHandler
 *fill*         0x00000000900029e2        0x2 
 .text.DMA2_Stream7_IRQHandler
                0x00000000900029e4        0xc Example/User/stm32f7xx_it.o
                0x00000000900029e4                DMA2_Stream7_IRQHandler
 .text.DMA2_Stream0_IRQHandler
                0x00000000900029f0        0xc Example/User/stm32f7xx_it.o
                0x00000000900029f0                DMA2_Stream0_IRQHandler
 .text.DMA2_Stream1_IRQHandler
                0x00000000900029fc        0x2 Example/User/stm32f7xx_it.o
                0x00000000900029fc                DMA2_Stream1_IRQHandler
 *fill*         0x00000000900029fe        0x2 
 .text.LCD_LOG_DeInit
                0x0000000090002a00       0x64 Utilities/lcd_log.o
                0x0000000090002a00                LCD_LOG_DeInit
 .text.LCD_LOG_Init
                0x0000000090002a64       0x12 Utilities/lcd_log.o
                0x0000000090002a64                LCD_LOG_Init
 *fill*         0x0000000090002a76        0x2 
 .text.LCD_LOG_SetHeader
                0x0000000090002a78       0x6c Utilities/lcd_log.o
                0x0000000090002a78                LCD_LOG_SetHeader
 .text.LCD_LOG_UpdateDisplay
                0x0000000090002ae4       0x84 Utilities/lcd_log.o
                0x0000000090002ae4                LCD_LOG_UpdateDisplay
 .text.__io_putchar
                0x0000000090002b68      0x130 Utilities/lcd_log.o
                0x0000000090002b68                __io_putchar
 .text.__errno  0x0000000090002c98        0xc c:/st/stm32cubeide_1.6.0/stm32cubeide/plugins/com.st.stm32cube.ide.mcu.externaltools.gnu-tools-for-stm32.9-2020-q2-update.win32_1.5.0.202011040924/tools/bin/../lib/gcc/arm-none-eabi/9.3.1/../../../../arm-none-eabi/lib/thumb/v7e-m+fp/hard\libc_nano.a(lib_a-errno.o)
                0x0000000090002c98                __errno
 .text.__libc_init_array
                0x0000000090002ca4       0x48 c:/st/stm32cubeide_1.6.0/stm32cubeide/plugins/com.st.stm32cube.ide.mcu.externaltools.gnu-tools-for-stm32.9-2020-q2-update.win32_1.5.0.202011040924/tools/bin/../lib/gcc/arm-none-eabi/9.3.1/../../../../arm-none-eabi/lib/thumb/v7e-m+fp/hard\libc_nano.a(lib_a-init.o)
                0x0000000090002ca4                __libc_init_array
 .text.memset   0x0000000090002cec       0x10 c:/st/stm32cubeide_1.6.0/stm32cubeide/plugins/com.st.stm32cube.ide.mcu.externaltools.gnu-tools-for-stm32.9-2020-q2-update.win32_1.5.0.202011040924/tools/bin/../lib/gcc/arm-none-eabi/9.3.1/../../../../arm-none-eabi/lib/thumb/v7e-m+fp/hard\libc_nano.a(lib_a-memset.o)
                0x0000000090002cec                memset
 .text.printf   0x0000000090002cfc       0x30 c:/st/stm32cubeide_1.6.0/stm32cubeide/plugins/com.st.stm32cube.ide.mcu.externaltools.gnu-tools-for-stm32.9-2020-q2-update.win32_1.5.0.202011040924/tools/bin/../lib/gcc/arm-none-eabi/9.3.1/../../../../arm-none-eabi/lib/thumb/v7e-m+fp/hard\libc_nano.a(lib_a-printf.o)
                0x0000000090002cfc                iprintf
                0x0000000090002cfc                printf
 .text._puts_r  0x0000000090002d2c       0xdc c:/st/stm32cubeide_1.6.0/stm32cubeide/plugins/com.st.stm32cube.ide.mcu.externaltools.gnu-tools-for-stm32.9-2020-q2-update.win32_1.5.0.202011040924/tools/bin/../lib/gcc/arm-none-eabi/9.3.1/../../../../arm-none-eabi/lib/thumb/v7e-m+fp/hard\libc_nano.a(lib_a-puts.o)
                0x0000000090002d2c                _puts_r
 .text.puts     0x0000000090002e08       0x10 c:/st/stm32cubeide_1.6.0/stm32cubeide/plugins/com.st.stm32cube.ide.mcu.externaltools.gnu-tools-for-stm32.9-2020-q2-update.win32_1.5.0.202011040924/tools/bin/../lib/gcc/arm-none-eabi/9.3.1/../../../../arm-none-eabi/lib/thumb/v7e-m+fp/hard\libc_nano.a(lib_a-puts.o)
                0x0000000090002e08                puts
 .text.__swbuf_r
                0x0000000090002e18       0xa4 c:/st/stm32cubeide_1.6.0/stm32cubeide/plugins/com.st.stm32cube.ide.mcu.externaltools.gnu-tools-for-stm32.9-2020-q2-update.win32_1.5.0.202011040924/tools/bin/../lib/gcc/arm-none-eabi/9.3.1/../../../../arm-none-eabi/lib/thumb/v7e-m+fp/hard\libc_nano.a(lib_a-wbuf.o)
                0x0000000090002e18                __swbuf_r
 .text.__swsetup_r
                0x0000000090002ebc       0xdc c:/st/stm32cubeide_1.6.0/stm32cubeide/plugins/com.st.stm32cube.ide.mcu.externaltools.gnu-tools-for-stm32.9-2020-q2-update.win32_1.5.0.202011040924/tools/bin/../lib/gcc/arm-none-eabi/9.3.1/../../../../arm-none-eabi/lib/thumb/v7e-m+fp/hard\libc_nano.a(lib_a-wsetup.o)
                0x0000000090002ebc                __swsetup_r
 .text.__sflush_r
                0x0000000090002f98      0x10c c:/st/stm32cubeide_1.6.0/stm32cubeide/plugins/com.st.stm32cube.ide.mcu.externaltools.gnu-tools-for-stm32.9-2020-q2-update.win32_1.5.0.202011040924/tools/bin/../lib/gcc/arm-none-eabi/9.3.1/../../../../arm-none-eabi/lib/thumb/v7e-m+fp/hard\libc_nano.a(lib_a-fflush.o)
                0x0000000090002f98                __sflush_r
 .text._fflush_r
                0x00000000900030a4       0x78 c:/st/stm32cubeide_1.6.0/stm32cubeide/plugins/com.st.stm32cube.ide.mcu.externaltools.gnu-tools-for-stm32.9-2020-q2-update.win32_1.5.0.202011040924/tools/bin/../lib/gcc/arm-none-eabi/9.3.1/../../../../arm-none-eabi/lib/thumb/v7e-m+fp/hard\libc_nano.a(lib_a-fflush.o)
                0x00000000900030a4                _fflush_r
 .text.std      0x000000009000311c       0x48 c:/st/stm32cubeide_1.6.0/stm32cubeide/plugins/com.st.stm32cube.ide.mcu.externaltools.gnu-tools-for-stm32.9-2020-q2-update.win32_1.5.0.202011040924/tools/bin/../lib/gcc/arm-none-eabi/9.3.1/../../../../arm-none-eabi/lib/thumb/v7e-m+fp/hard\libc_nano.a(lib_a-findfp.o)
 .text._cleanup_r
                0x0000000090003164        0xc c:/st/stm32cubeide_1.6.0/stm32cubeide/plugins/com.st.stm32cube.ide.mcu.externaltools.gnu-tools-for-stm32.9-2020-q2-update.win32_1.5.0.202011040924/tools/bin/../lib/gcc/arm-none-eabi/9.3.1/../../../../arm-none-eabi/lib/thumb/v7e-m+fp/hard\libc_nano.a(lib_a-findfp.o)
                0x0000000090003164                _cleanup_r
 .text.__sfmoreglue
                0x0000000090003170       0x2c c:/st/stm32cubeide_1.6.0/stm32cubeide/plugins/com.st.stm32cube.ide.mcu.externaltools.gnu-tools-for-stm32.9-2020-q2-update.win32_1.5.0.202011040924/tools/bin/../lib/gcc/arm-none-eabi/9.3.1/../../../../arm-none-eabi/lib/thumb/v7e-m+fp/hard\libc_nano.a(lib_a-findfp.o)
                0x0000000090003170                __sfmoreglue
 .text.__sfp_lock_acquire
                0x000000009000319c        0xc c:/st/stm32cubeide_1.6.0/stm32cubeide/plugins/com.st.stm32cube.ide.mcu.externaltools.gnu-tools-for-stm32.9-2020-q2-update.win32_1.5.0.202011040924/tools/bin/../lib/gcc/arm-none-eabi/9.3.1/../../../../arm-none-eabi/lib/thumb/v7e-m+fp/hard\libc_nano.a(lib_a-findfp.o)
                0x000000009000319c                __sfp_lock_acquire
 .text.__sfp_lock_release
                0x00000000900031a8        0xc c:/st/stm32cubeide_1.6.0/stm32cubeide/plugins/com.st.stm32cube.ide.mcu.externaltools.gnu-tools-for-stm32.9-2020-q2-update.win32_1.5.0.202011040924/tools/bin/../lib/gcc/arm-none-eabi/9.3.1/../../../../arm-none-eabi/lib/thumb/v7e-m+fp/hard\libc_nano.a(lib_a-findfp.o)
                0x00000000900031a8                __sfp_lock_release
 .text.__sinit_lock_acquire
                0x00000000900031b4        0xc c:/st/stm32cubeide_1.6.0/stm32cubeide/plugins/com.st.stm32cube.ide.mcu.externaltools.gnu-tools-for-stm32.9-2020-q2-update.win32_1.5.0.202011040924/tools/bin/../lib/gcc/arm-none-eabi/9.3.1/../../../../arm-none-eabi/lib/thumb/v7e-m+fp/hard\libc_nano.a(lib_a-findfp.o)
                0x00000000900031b4                __sinit_lock_acquire
 .text.__sinit_lock_release
                0x00000000900031c0        0xc c:/st/stm32cubeide_1.6.0/stm32cubeide/plugins/com.st.stm32cube.ide.mcu.externaltools.gnu-tools-for-stm32.9-2020-q2-update.win32_1.5.0.202011040924/tools/bin/../lib/gcc/arm-none-eabi/9.3.1/../../../../arm-none-eabi/lib/thumb/v7e-m+fp/hard\libc_nano.a(lib_a-findfp.o)
                0x00000000900031c0                __sinit_lock_release
 .text.__sinit  0x00000000900031cc       0x70 c:/st/stm32cubeide_1.6.0/stm32cubeide/plugins/com.st.stm32cube.ide.mcu.externaltools.gnu-tools-for-stm32.9-2020-q2-update.win32_1.5.0.202011040924/tools/bin/../lib/gcc/arm-none-eabi/9.3.1/../../../../arm-none-eabi/lib/thumb/v7e-m+fp/hard\libc_nano.a(lib_a-findfp.o)
                0x00000000900031cc                __sinit
 .text.__sfp    0x000000009000323c       0x8c c:/st/stm32cubeide_1.6.0/stm32cubeide/plugins/com.st.stm32cube.ide.mcu.externaltools.gnu-tools-for-stm32.9-2020-q2-update.win32_1.5.0.202011040924/tools/bin/../lib/gcc/arm-none-eabi/9.3.1/../../../../arm-none-eabi/lib/thumb/v7e-m+fp/hard\libc_nano.a(lib_a-findfp.o)
                0x000000009000323c                __sfp
 .text._fwalk_reent
                0x00000000900032c8       0x3e c:/st/stm32cubeide_1.6.0/stm32cubeide/plugins/com.st.stm32cube.ide.mcu.externaltools.gnu-tools-for-stm32.9-2020-q2-update.win32_1.5.0.202011040924/tools/bin/../lib/gcc/arm-none-eabi/9.3.1/../../../../arm-none-eabi/lib/thumb/v7e-m+fp/hard\libc_nano.a(lib_a-fwalk.o)
                0x00000000900032c8                _fwalk_reent
 .text.__retarget_lock_init_recursive
                0x0000000090003306        0x2 c:/st/stm32cubeide_1.6.0/stm32cubeide/plugins/com.st.stm32cube.ide.mcu.externaltools.gnu-tools-for-stm32.9-2020-q2-update.win32_1.5.0.202011040924/tools/bin/../lib/gcc/arm-none-eabi/9.3.1/../../../../arm-none-eabi/lib/thumb/v7e-m+fp/hard\libc_nano.a(lib_a-lock.o)
                0x0000000090003306                __retarget_lock_init_recursive
 .text.__retarget_lock_acquire_recursive
                0x0000000090003308        0x2 c:/st/stm32cubeide_1.6.0/stm32cubeide/plugins/com.st.stm32cube.ide.mcu.externaltools.gnu-tools-for-stm32.9-2020-q2-update.win32_1.5.0.202011040924/tools/bin/../lib/gcc/arm-none-eabi/9.3.1/../../../../arm-none-eabi/lib/thumb/v7e-m+fp/hard\libc_nano.a(lib_a-lock.o)
                0x0000000090003308                __retarget_lock_acquire_recursive
 .text.__retarget_lock_release_recursive
                0x000000009000330a        0x2 c:/st/stm32cubeide_1.6.0/stm32cubeide/plugins/com.st.stm32cube.ide.mcu.externaltools.gnu-tools-for-stm32.9-2020-q2-update.win32_1.5.0.202011040924/tools/bin/../lib/gcc/arm-none-eabi/9.3.1/../../../../arm-none-eabi/lib/thumb/v7e-m+fp/hard\libc_nano.a(lib_a-lock.o)
                0x000000009000330a                __retarget_lock_release_recursive
 .text.__swhatbuf_r
                0x000000009000330c       0x48 c:/st/stm32cubeide_1.6.0/stm32cubeide/plugins/com.st.stm32cube.ide.mcu.externaltools.gnu-tools-for-stm32.9-2020-q2-update.win32_1.5.0.202011040924/tools/bin/../lib/gcc/arm-none-eabi/9.3.1/../../../../arm-none-eabi/lib/thumb/v7e-m+fp/hard\libc_nano.a(lib_a-makebuf.o)
                0x000000009000330c                __swhatbuf_r
 .text.__smakebuf_r
                0x0000000090003354       0x80 c:/st/stm32cubeide_1.6.0/stm32cubeide/plugins/com.st.stm32cube.ide.mcu.externaltools.gnu-tools-for-stm32.9-2020-q2-update.win32_1.5.0.202011040924/tools/bin/../lib/gcc/arm-none-eabi/9.3.1/../../../../arm-none-eabi/lib/thumb/v7e-m+fp/hard\libc_nano.a(lib_a-makebuf.o)
                0x0000000090003354                __smakebuf_r
 .text._free_r  0x00000000900033d4       0xa0 c:/st/stm32cubeide_1.6.0/stm32cubeide/plugins/com.st.stm32cube.ide.mcu.externaltools.gnu-tools-for-stm32.9-2020-q2-update.win32_1.5.0.202011040924/tools/bin/../lib/gcc/arm-none-eabi/9.3.1/../../../../arm-none-eabi/lib/thumb/v7e-m+fp/hard\libc_nano.a(lib_a-nano-freer.o)
                0x00000000900033d4                _free_r
 .text._malloc_r
                0x0000000090003474       0xb4 c:/st/stm32cubeide_1.6.0/stm32cubeide/plugins/com.st.stm32cube.ide.mcu.externaltools.gnu-tools-for-stm32.9-2020-q2-update.win32_1.5.0.202011040924/tools/bin/../lib/gcc/arm-none-eabi/9.3.1/../../../../arm-none-eabi/lib/thumb/v7e-m+fp/hard\libc_nano.a(lib_a-nano-mallocr.o)
                0x0000000090003474                _malloc_r
 .text.__sfputc_r
                0x0000000090003528       0x2e c:/st/stm32cubeide_1.6.0/stm32cubeide/plugins/com.st.stm32cube.ide.mcu.externaltools.gnu-tools-for-stm32.9-2020-q2-update.win32_1.5.0.202011040924/tools/bin/../lib/gcc/arm-none-eabi/9.3.1/../../../../arm-none-eabi/lib/thumb/v7e-m+fp/hard\libc_nano.a(lib_a-nano-vfprintf.o)
 .text.__sfputs_r
                0x0000000090003556       0x24 c:/st/stm32cubeide_1.6.0/stm32cubeide/plugins/com.st.stm32cube.ide.mcu.externaltools.gnu-tools-for-stm32.9-2020-q2-update.win32_1.5.0.202011040924/tools/bin/../lib/gcc/arm-none-eabi/9.3.1/../../../../arm-none-eabi/lib/thumb/v7e-m+fp/hard\libc_nano.a(lib_a-nano-vfprintf.o)
                0x0000000090003556                __sfputs_r
 *fill*         0x000000009000357a        0x2 
 .text._vfprintf_r
                0x000000009000357c      0x260 c:/st/stm32cubeide_1.6.0/stm32cubeide/plugins/com.st.stm32cube.ide.mcu.externaltools.gnu-tools-for-stm32.9-2020-q2-update.win32_1.5.0.202011040924/tools/bin/../lib/gcc/arm-none-eabi/9.3.1/../../../../arm-none-eabi/lib/thumb/v7e-m+fp/hard\libc_nano.a(lib_a-nano-vfprintf.o)
                0x000000009000357c                _vfprintf_r
                0x000000009000357c                _vfiprintf_r
 .text._printf_common
                0x00000000900037dc       0xda c:/st/stm32cubeide_1.6.0/stm32cubeide/plugins/com.st.stm32cube.ide.mcu.externaltools.gnu-tools-for-stm32.9-2020-q2-update.win32_1.5.0.202011040924/tools/bin/../lib/gcc/arm-none-eabi/9.3.1/../../../../arm-none-eabi/lib/thumb/v7e-m+fp/hard\libc_nano.a(lib_a-nano-vfprintf_i.o)
                0x00000000900037dc                _printf_common
 *fill*         0x00000000900038b6        0x2 
 .text._printf_i
                0x00000000900038b8      0x24c c:/st/stm32cubeide_1.6.0/stm32cubeide/plugins/com.st.stm32cube.ide.mcu.externaltools.gnu-tools-for-stm32.9-2020-q2-update.win32_1.5.0.202011040924/tools/bin/../lib/gcc/arm-none-eabi/9.3.1/../../../../arm-none-eabi/lib/thumb/v7e-m+fp/hard\libc_nano.a(lib_a-nano-vfprintf_i.o)
                0x00000000900038b8                _printf_i
 .text._sbrk_r  0x0000000090003b04       0x20 c:/st/stm32cubeide_1.6.0/stm32cubeide/plugins/com.st.stm32cube.ide.mcu.externaltools.gnu-tools-for-stm32.9-2020-q2-update.win32_1.5.0.202011040924/tools/bin/../lib/gcc/arm-none-eabi/9.3.1/../../../../arm-none-eabi/lib/thumb/v7e-m+fp/hard\libc_nano.a(lib_a-sbrkr.o)
                0x0000000090003b04                _sbrk_r
 .text.__sread  0x0000000090003b24       0x22 c:/st/stm32cubeide_1.6.0/stm32cubeide/plugins/com.st.stm32cube.ide.mcu.externaltools.gnu-tools-for-stm32.9-2020-q2-update.win32_1.5.0.202011040924/tools/bin/../lib/gcc/arm-none-eabi/9.3.1/../../../../arm-none-eabi/lib/thumb/v7e-m+fp/hard\libc_nano.a(lib_a-stdio.o)
                0x0000000090003b24                __sread
 .text.__swrite
                0x0000000090003b46       0x38 c:/st/stm32cubeide_1.6.0/stm32cubeide/plugins/com.st.stm32cube.ide.mcu.externaltools.gnu-tools-for-stm32.9-2020-q2-update.win32_1.5.0.202011040924/tools/bin/../lib/gcc/arm-none-eabi/9.3.1/../../../../arm-none-eabi/lib/thumb/v7e-m+fp/hard\libc_nano.a(lib_a-stdio.o)
                0x0000000090003b46                __swrite
 .text.__sseek  0x0000000090003b7e       0x24 c:/st/stm32cubeide_1.6.0/stm32cubeide/plugins/com.st.stm32cube.ide.mcu.externaltools.gnu-tools-for-stm32.9-2020-q2-update.win32_1.5.0.202011040924/tools/bin/../lib/gcc/arm-none-eabi/9.3.1/../../../../arm-none-eabi/lib/thumb/v7e-m+fp/hard\libc_nano.a(lib_a-stdio.o)
                0x0000000090003b7e                __sseek
 .text.__sclose
                0x0000000090003ba2        0x8 c:/st/stm32cubeide_1.6.0/stm32cubeide/plugins/com.st.stm32cube.ide.mcu.externaltools.gnu-tools-for-stm32.9-2020-q2-update.win32_1.5.0.202011040924/tools/bin/../lib/gcc/arm-none-eabi/9.3.1/../../../../arm-none-eabi/lib/thumb/v7e-m+fp/hard\libc_nano.a(lib_a-stdio.o)
                0x0000000090003ba2                __sclose
 *fill*         0x0000000090003baa        0x2 
 .text._write_r
                0x0000000090003bac       0x24 c:/st/stm32cubeide_1.6.0/stm32cubeide/plugins/com.st.stm32cube.ide.mcu.externaltools.gnu-tools-for-stm32.9-2020-q2-update.win32_1.5.0.202011040924/tools/bin/../lib/gcc/arm-none-eabi/9.3.1/../../../../arm-none-eabi/lib/thumb/v7e-m+fp/hard\libc_nano.a(lib_a-writer.o)
                0x0000000090003bac                _write_r
 .text._close_r
                0x0000000090003bd0       0x20 c:/st/stm32cubeide_1.6.0/stm32cubeide/plugins/com.st.stm32cube.ide.mcu.externaltools.gnu-tools-for-stm32.9-2020-q2-update.win32_1.5.0.202011040924/tools/bin/../lib/gcc/arm-none-eabi/9.3.1/../../../../arm-none-eabi/lib/thumb/v7e-m+fp/hard\libc_nano.a(lib_a-closer.o)
                0x0000000090003bd0                _close_r
 .text._fstat_r
                0x0000000090003bf0       0x24 c:/st/stm32cubeide_1.6.0/stm32cubeide/plugins/com.st.stm32cube.ide.mcu.externaltools.gnu-tools-for-stm32.9-2020-q2-update.win32_1.5.0.202011040924/tools/bin/../lib/gcc/arm-none-eabi/9.3.1/../../../../arm-none-eabi/lib/thumb/v7e-m+fp/hard\libc_nano.a(lib_a-fstatr.o)
                0x0000000090003bf0                _fstat_r
 .text._isatty_r
                0x0000000090003c14       0x20 c:/st/stm32cubeide_1.6.0/stm32cubeide/plugins/com.st.stm32cube.ide.mcu.externaltools.gnu-tools-for-stm32.9-2020-q2-update.win32_1.5.0.202011040924/tools/bin/../lib/gcc/arm-none-eabi/9.3.1/../../../../arm-none-eabi/lib/thumb/v7e-m+fp/hard\libc_nano.a(lib_a-isattyr.o)
                0x0000000090003c14                _isatty_r
 .text._lseek_r
                0x0000000090003c34       0x24 c:/st/stm32cubeide_1.6.0/stm32cubeide/plugins/com.st.stm32cube.ide.mcu.externaltools.gnu-tools-for-stm32.9-2020-q2-update.win32_1.5.0.202011040924/tools/bin/../lib/gcc/arm-none-eabi/9.3.1/../../../../arm-none-eabi/lib/thumb/v7e-m+fp/hard\libc_nano.a(lib_a-lseekr.o)
                0x0000000090003c34                _lseek_r
 .text.__malloc_lock
                0x0000000090003c58        0xc c:/st/stm32cubeide_1.6.0/stm32cubeide/plugins/com.st.stm32cube.ide.mcu.externaltools.gnu-tools-for-stm32.9-2020-q2-update.win32_1.5.0.202011040924/tools/bin/../lib/gcc/arm-none-eabi/9.3.1/../../../../arm-none-eabi/lib/thumb/v7e-m+fp/hard\libc_nano.a(lib_a-mlock.o)
                0x0000000090003c58                __malloc_lock
 .text.__malloc_unlock
                0x0000000090003c64        0xc c:/st/stm32cubeide_1.6.0/stm32cubeide/plugins/com.st.stm32cube.ide.mcu.externaltools.gnu-tools-for-stm32.9-2020-q2-update.win32_1.5.0.202011040924/tools/bin/../lib/gcc/arm-none-eabi/9.3.1/../../../../arm-none-eabi/lib/thumb/v7e-m+fp/hard\libc_nano.a(lib_a-mlock.o)
                0x0000000090003c64                __malloc_unlock
 .text._read_r  0x0000000090003c70       0x24 c:/st/stm32cubeide_1.6.0/stm32cubeide/plugins/com.st.stm32cube.ide.mcu.externaltools.gnu-tools-for-stm32.9-2020-q2-update.win32_1.5.0.202011040924/tools/bin/../lib/gcc/arm-none-eabi/9.3.1/../../../../arm-none-eabi/lib/thumb/v7e-m+fp/hard\libc_nano.a(lib_a-readr.o)
                0x0000000090003c70                _read_r
 *(.glue_7)
 .glue_7        0x0000000090003c94        0x0 linker stubs
 *(.glue_7t)
 .glue_7t       0x0000000090003c94        0x0 linker stubs
 *(.eh_frame)
 .eh_frame      0x0000000090003c94        0x0 c:/st/stm32cubeide_1.6.0/stm32cubeide/plugins/com.st.stm32cube.ide.mcu.externaltools.gnu-tools-for-stm32.9-2020-q2-update.win32_1.5.0.202011040924/tools/bin/../lib/gcc/arm-none-eabi/9.3.1/thumb/v7e-m+fp/hard/crtbegin.o
 *(.init)
 .init          0x0000000090003c94        0x4 c:/st/stm32cubeide_1.6.0/stm32cubeide/plugins/com.st.stm32cube.ide.mcu.externaltools.gnu-tools-for-stm32.9-2020-q2-update.win32_1.5.0.202011040924/tools/bin/../lib/gcc/arm-none-eabi/9.3.1/thumb/v7e-m+fp/hard/crti.o
                0x0000000090003c94                _init
 .init          0x0000000090003c98        0x8 c:/st/stm32cubeide_1.6.0/stm32cubeide/plugins/com.st.stm32cube.ide.mcu.externaltools.gnu-tools-for-stm32.9-2020-q2-update.win32_1.5.0.202011040924/tools/bin/../lib/gcc/arm-none-eabi/9.3.1/thumb/v7e-m+fp/hard/crtn.o
 *(.fini)
 .fini          0x0000000090003ca0        0x4 c:/st/stm32cubeide_1.6.0/stm32cubeide/plugins/com.st.stm32cube.ide.mcu.externaltools.gnu-tools-for-stm32.9-2020-q2-update.win32_1.5.0.202011040924/tools/bin/../lib/gcc/arm-none-eabi/9.3.1/thumb/v7e-m+fp/hard/crti.o
                0x0000000090003ca0                _fini
 .fini          0x0000000090003ca4        0x8 c:/st/stm32cubeide_1.6.0/stm32cubeide/plugins/com.st.stm32cube.ide.mcu.externaltools.gnu-tools-for-stm32.9-2020-q2-update.win32_1.5.0.202011040924/tools/bin/../lib/gcc/arm-none-eabi/9.3.1/thumb/v7e-m+fp/hard/crtn.o
                0x0000000090003cac                . = ALIGN (0x4)
                0x0000000090003cac                _etext = .

.vfp11_veneer   0x0000000090003cac        0x0
 .vfp11_veneer  0x0000000090003cac        0x0 linker stubs

.v4_bx          0x0000000090003cac        0x0
 .v4_bx         0x0000000090003cac        0x0 linker stubs

.iplt           0x0000000090003cac        0x0
 .iplt          0x0000000090003cac        0x0 c:/st/stm32cubeide_1.6.0/stm32cubeide/plugins/com.st.stm32cube.ide.mcu.externaltools.gnu-tools-for-stm32.9-2020-q2-update.win32_1.5.0.202011040924/tools/bin/../lib/gcc/arm-none-eabi/9.3.1/thumb/v7e-m+fp/hard/crtbegin.o

.rodata         0x0000000090003cac     0x3ecc
                0x0000000090003cac                . = ALIGN (0x4)
 *(.rodata)
 .rodata        0x0000000090003cac     0x3cdc Drivers/BSP/STM32F7508_DISCOVERY/stm32f7508_discovery_lcd.o
                0x0000000090003cac                Font8_Table
                0x0000000090003fa4                Font12_Table
                0x0000000090004418                Font16_Table
                0x0000000090004ff8                Font20_Table
                0x0000000090005ed0                Font24_Table
 .rodata        0x0000000090007988       0x18 Drivers/CMSIS/system_stm32f7xx.o
                0x0000000090007988                AHBPrescTable
                0x0000000090007998                APBPrescTable
 .rodata        0x00000000900079a0        0x8 Drivers/STM32F7xx_HAL_Driver/stm32f7xx_hal_dma.o
 *(.rodata*)
 .rodata.str1.1
                0x00000000900079a8      0x138 Example/User/main.o
 .rodata._global_impure_ptr
                0x0000000090007ae0        0x4 c:/st/stm32cubeide_1.6.0/stm32cubeide/plugins/com.st.stm32cube.ide.mcu.externaltools.gnu-tools-for-stm32.9-2020-q2-update.win32_1.5.0.202011040924/tools/bin/../lib/gcc/arm-none-eabi/9.3.1/../../../../arm-none-eabi/lib/thumb/v7e-m+fp/hard\libc_nano.a(lib_a-impure.o)
                0x0000000090007ae0                _global_impure_ptr
 .rodata.__sf_fake_stderr
                0x0000000090007ae4       0x20 c:/st/stm32cubeide_1.6.0/stm32cubeide/plugins/com.st.stm32cube.ide.mcu.externaltools.gnu-tools-for-stm32.9-2020-q2-update.win32_1.5.0.202011040924/tools/bin/../lib/gcc/arm-none-eabi/9.3.1/../../../../arm-none-eabi/lib/thumb/v7e-m+fp/hard\libc_nano.a(lib_a-findfp.o)
                0x0000000090007ae4                __sf_fake_stderr
 .rodata.__sf_fake_stdin
                0x0000000090007b04       0x20 c:/st/stm32cubeide_1.6.0/stm32cubeide/plugins/com.st.stm32cube.ide.mcu.externaltools.gnu-tools-for-stm32.9-2020-q2-update.win32_1.5.0.202011040924/tools/bin/../lib/gcc/arm-none-eabi/9.3.1/../../../../arm-none-eabi/lib/thumb/v7e-m+fp/hard\libc_nano.a(lib_a-findfp.o)
                0x0000000090007b04                __sf_fake_stdin
 .rodata.__sf_fake_stdout
                0x0000000090007b24       0x20 c:/st/stm32cubeide_1.6.0/stm32cubeide/plugins/com.st.stm32cube.ide.mcu.externaltools.gnu-tools-for-stm32.9-2020-q2-update.win32_1.5.0.202011040924/tools/bin/../lib/gcc/arm-none-eabi/9.3.1/../../../../arm-none-eabi/lib/thumb/v7e-m+fp/hard\libc_nano.a(lib_a-findfp.o)
                0x0000000090007b24                __sf_fake_stdout
 .rodata._vfprintf_r.str1.1
                0x0000000090007b44       0x11 c:/st/stm32cubeide_1.6.0/stm32cubeide/plugins/com.st.stm32cube.ide.mcu.externaltools.gnu-tools-for-stm32.9-2020-q2-update.win32_1.5.0.202011040924/tools/bin/../lib/gcc/arm-none-eabi/9.3.1/../../../../arm-none-eabi/lib/thumb/v7e-m+fp/hard\libc_nano.a(lib_a-nano-vfprintf.o)
 .rodata._printf_i.str1.1
                0x0000000090007b55       0x22 c:/st/stm32cubeide_1.6.0/stm32cubeide/plugins/com.st.stm32cube.ide.mcu.externaltools.gnu-tools-for-stm32.9-2020-q2-update.win32_1.5.0.202011040924/tools/bin/../lib/gcc/arm-none-eabi/9.3.1/../../../../arm-none-eabi/lib/thumb/v7e-m+fp/hard\libc_nano.a(lib_a-nano-vfprintf_i.o)
                0x0000000090007b78                . = ALIGN (0x4)
 *fill*         0x0000000090007b77        0x1 

.ARM.extab
 *(.ARM.extab* .gnu.linkonce.armextab.*)

.ARM            0x0000000090007b78        0x8
                0x0000000090007b78                __exidx_start = .
 *(.ARM.exidx*)
 .ARM.exidx     0x0000000090007b78        0x8 c:/st/stm32cubeide_1.6.0/stm32cubeide/plugins/com.st.stm32cube.ide.mcu.externaltools.gnu-tools-for-stm32.9-2020-q2-update.win32_1.5.0.202011040924/tools/bin/../lib/gcc/arm-none-eabi/9.3.1/thumb/v7e-m+fp/hard\libgcc.a(_udivmoddi4.o)
                0x0000000090007b80                __exidx_end = .

.rel.dyn        0x0000000090007b80        0x0
 .rel.iplt      0x0000000090007b80        0x0 c:/st/stm32cubeide_1.6.0/stm32cubeide/plugins/com.st.stm32cube.ide.mcu.externaltools.gnu-tools-for-stm32.9-2020-q2-update.win32_1.5.0.202011040924/tools/bin/../lib/gcc/arm-none-eabi/9.3.1/thumb/v7e-m+fp/hard/crtbegin.o

.preinit_array  0x0000000090007b80        0x0
                0x0000000090007b80                PROVIDE (__preinit_array_start = .)
 *(.preinit_array*)
                0x0000000090007b80                PROVIDE (__preinit_array_end = .)

.init_array     0x0000000090007b80        0x4
                0x0000000090007b80                PROVIDE (__init_array_start = .)
 *(SORT_BY_NAME(.init_array.*))
 *(.init_array*)
 .init_array    0x0000000090007b80        0x4 c:/st/stm32cubeide_1.6.0/stm32cubeide/plugins/com.st.stm32cube.ide.mcu.externaltools.gnu-tools-for-stm32.9-2020-q2-update.win32_1.5.0.202011040924/tools/bin/../lib/gcc/arm-none-eabi/9.3.1/thumb/v7e-m+fp/hard/crtbegin.o
                0x0000000090007b84                PROVIDE (__init_array_end = .)

.fini_array     0x0000000090007b84        0x4
                [!provide]                        PROVIDE (__fini_array_start = .)
 *(SORT_BY_NAME(.fini_array.*))
 *(.fini_array*)
 .fini_array    0x0000000090007b84        0x4 c:/st/stm32cubeide_1.6.0/stm32cubeide/plugins/com.st.stm32cube.ide.mcu.externaltools.gnu-tools-for-stm32.9-2020-q2-update.win32_1.5.0.202011040924/tools/bin/../lib/gcc/arm-none-eabi/9.3.1/thumb/v7e-m+fp/hard/crtbegin.o
                [!provide]                        PROVIDE (__fini_array_end = .)
                0x0000000090007b88                _sidata = LOADADDR (.data)

.data           0x0000000020000000       0x9c load address 0x0000000090007b88
                0x0000000020000000                . = ALIGN (0x4)
                0x0000000020000000                _sdata = .
 *(.data)
 .data          0x0000000020000000       0x28 Drivers/BSP/STM32F7508_DISCOVERY/stm32f7508_discovery_lcd.o
                0x0000000020000000                Font24
                0x0000000020000008                Font8
                0x0000000020000010                Font12
                0x0000000020000018                Font16
                0x0000000020000020                Font20
 .data          0x0000000020000028        0x2 Drivers/BSP/STM32F7508_DISCOVERY/stm32f7508_discovery_sdram.o
 *fill*         0x000000002000002a        0x2 
 .data          0x000000002000002c        0x4 Drivers/CMSIS/system_stm32f7xx.o
                0x000000002000002c                SystemCoreClock
 .data          0x0000000020000030        0x8 Drivers/STM32F7xx_HAL_Driver/stm32f7xx_hal.o
                0x0000000020000030                uwTickFreq
                0x0000000020000034                uwTickPrio
 *(.data*)
 .data._impure_ptr
                0x0000000020000038        0x4 c:/st/stm32cubeide_1.6.0/stm32cubeide/plugins/com.st.stm32cube.ide.mcu.externaltools.gnu-tools-for-stm32.9-2020-q2-update.win32_1.5.0.202011040924/tools/bin/../lib/gcc/arm-none-eabi/9.3.1/../../../../arm-none-eabi/lib/thumb/v7e-m+fp/hard\libc_nano.a(lib_a-impure.o)
                0x0000000020000038                _impure_ptr
 .data.impure_data
                0x000000002000003c       0x60 c:/st/stm32cubeide_1.6.0/stm32cubeide/plugins/com.st.stm32cube.ide.mcu.externaltools.gnu-tools-for-stm32.9-2020-q2-update.win32_1.5.0.202011040924/tools/bin/../lib/gcc/arm-none-eabi/9.3.1/../../../../arm-none-eabi/lib/thumb/v7e-m+fp/hard\libc_nano.a(lib_a-impure.o)
                0x000000002000009c                . = ALIGN (0x4)
                0x000000002000009c                _edata = .

.igot.plt       0x000000002000009c        0x0 load address 0x0000000090007c24
 .igot.plt      0x000000002000009c        0x0 c:/st/stm32cubeide_1.6.0/stm32cubeide/plugins/com.st.stm32cube.ide.mcu.externaltools.gnu-tools-for-stm32.9-2020-q2-update.win32_1.5.0.202011040924/tools/bin/../lib/gcc/arm-none-eabi/9.3.1/thumb/v7e-m+fp/hard/crtbegin.o
                0x000000002000009c                . = ALIGN (0x4)

.bss            0x000000002000009c     0x5188 load address 0x0000000090007c24
                0x000000002000009c                _sbss = .
                0x000000002000009c                __bss_start__ = _sbss
 *(.bss)
 .bss           0x000000002000009c       0x1c c:/st/stm32cubeide_1.6.0/stm32cubeide/plugins/com.st.stm32cube.ide.mcu.externaltools.gnu-tools-for-stm32.9-2020-q2-update.win32_1.5.0.202011040924/tools/bin/../lib/gcc/arm-none-eabi/9.3.1/thumb/v7e-m+fp/hard/crtbegin.o
 .bss           0x00000000200000b8      0x228 Drivers/BSP/STM32F7508_DISCOVERY/stm32f7508_discovery_audio.o
                0x00000000200000b8                haudio_out_sai
                0x000000002000013c                haudio_in_sai
 .bss           0x00000000200002e0       0xe0 Drivers/BSP/STM32F7508_DISCOVERY/stm32f7508_discovery_lcd.o
 .bss           0x00000000200003c0       0xec Drivers/BSP/STM32F7508_DISCOVERY/stm32f7508_discovery_sdram.o
 .bss           0x00000000200004ac        0x8 Example/SW4STM32/syscalls.o
                0x00000000200004b0                __env
 *(.bss*)
 .bss.__malloc_free_list
                0x00000000200004b4        0x4 c:/st/stm32cubeide_1.6.0/stm32cubeide/plugins/com.st.stm32cube.ide.mcu.externaltools.gnu-tools-for-stm32.9-2020-q2-update.win32_1.5.0.202011040924/tools/bin/../lib/gcc/arm-none-eabi/9.3.1/../../../../arm-none-eabi/lib/thumb/v7e-m+fp/hard\libc_nano.a(lib_a-nano-mallocr.o)
                0x00000000200004b4                __malloc_free_list
 .bss.__malloc_sbrk_start
                0x00000000200004b8        0x4 c:/st/stm32cubeide_1.6.0/stm32cubeide/plugins/com.st.stm32cube.ide.mcu.externaltools.gnu-tools-for-stm32.9-2020-q2-update.win32_1.5.0.202011040924/tools/bin/../lib/gcc/arm-none-eabi/9.3.1/../../../../arm-none-eabi/lib/thumb/v7e-m+fp/hard\libc_nano.a(lib_a-nano-mallocr.o)
                0x00000000200004b8                __malloc_sbrk_start
 *(COMMON)
 COMMON         0x00000000200004bc       0xa8 Drivers/BSP/STM32F7508_DISCOVERY/stm32f7508_discovery_lcd.o
                0x00000000200004bc                hLtdcHandler
 COMMON         0x0000000020000564       0x34 Drivers/BSP/STM32F7508_DISCOVERY/stm32f7508_discovery_sdram.o
                0x0000000020000564                sdramHandle
 COMMON         0x0000000020000598        0x4 Drivers/STM32F7xx_HAL_Driver/stm32f7xx_hal.o
                0x0000000020000598                uwTick
 COMMON         0x000000002000059c     0x1010 Example/User/main.o
                0x000000002000059c                time_diff
                0x00000000200005a0                array2
                0x0000000020000da0                array1
                0x00000000200015a0                time_start
                0x00000000200015a4                time_end
                0x00000000200015a8                result
 COMMON         0x00000000200015ac     0x3c6a Utilities/lcd_log.o
                0x00000000200015ac                LCD_CacheBuffer_yptr_bottom_bak
                0x00000000200015ae                LCD_CacheBuffer_yptr_top_bak
                0x00000000200015b0                LCD_CacheBuffer_yptr_bottom
                0x00000000200015b2                LCD_CacheBuffer_xptr
                0x00000000200015b4                LCD_CacheBuffer_yptr_invert
                0x00000000200015b5                LCD_Lock
                0x00000000200015b6                LCD_Scrolled
                0x00000000200015b8                LCD_CacheBuffer_yptr_top
                0x00000000200015ba                LCD_ScrollActive
                0x00000000200015bc                LCD_CacheBuffer
                0x0000000020005210                LCD_LineColor
                0x0000000020005214                LCD_ScrollBackStep
 COMMON         0x0000000020005216        0x9 c:/st/stm32cubeide_1.6.0/stm32cubeide/plugins/com.st.stm32cube.ide.mcu.externaltools.gnu-tools-for-stm32.9-2020-q2-update.win32_1.5.0.202011040924/tools/bin/../lib/gcc/arm-none-eabi/9.3.1/../../../../arm-none-eabi/lib/thumb/v7e-m+fp/hard\libc_nano.a(lib_a-lock.o)
                0x0000000020005216                __lock___atexit_recursive_mutex
                0x0000000020005217                __lock___arc4random_mutex
                0x0000000020005218                __lock___env_recursive_mutex
                0x0000000020005219                __lock___sinit_recursive_mutex
                0x000000002000521a                __lock___malloc_recursive_mutex
                0x000000002000521b                __lock___at_quick_exit_mutex
                0x000000002000521c                __lock___dd_hash_mutex
                0x000000002000521d                __lock___tz_mutex
                0x000000002000521e                __lock___sfp_recursive_mutex
 *fill*         0x000000002000521f        0x1 
 COMMON         0x0000000020005220        0x4 c:/st/stm32cubeide_1.6.0/stm32cubeide/plugins/com.st.stm32cube.ide.mcu.externaltools.gnu-tools-for-stm32.9-2020-q2-update.win32_1.5.0.202011040924/tools/bin/../lib/gcc/arm-none-eabi/9.3.1/../../../../arm-none-eabi/lib/thumb/v7e-m+fp/hard\libc_nano.a(lib_a-reent.o)
                0x0000000020005220                errno
                0x0000000020005224                . = ALIGN (0x4)
                0x0000000020005224                _ebss = .
                0x0000000020005224                __bss_end__ = _ebss

._user_heap_stack
                0x0000000020005224      0xc04 load address 0x0000000090007c24
                0x0000000020005228                . = ALIGN (0x8)
 *fill*         0x0000000020005224        0x4 
                0x0000000020005228                PROVIDE (end = .)
                [!provide]                        PROVIDE (_end = .)
                0x0000000020005628                . = (. + _Min_Heap_Size)
 *fill*         0x0000000020005228      0x400 
                0x0000000020005e28                . = (. + _Min_Stack_Size)
 *fill*         0x0000000020005628      0x800 
                0x0000000020005e28                . = ALIGN (0x8)

/DISCARD/
 libc.a(*)
 libm.a(*)
 libgcc.a(*)

.ARM.attributes
                0x0000000000000000       0x30
 *(.ARM.attributes)
 .ARM.attributes
                0x0000000000000000       0x1e c:/st/stm32cubeide_1.6.0/stm32cubeide/plugins/com.st.stm32cube.ide.mcu.externaltools.gnu-tools-for-stm32.9-2020-q2-update.win32_1.5.0.202011040924/tools/bin/../lib/gcc/arm-none-eabi/9.3.1/thumb/v7e-m+fp/hard/crti.o
 .ARM.attributes
                0x000000000000001e       0x34 c:/st/stm32cubeide_1.6.0/stm32cubeide/plugins/com.st.stm32cube.ide.mcu.externaltools.gnu-tools-for-stm32.9-2020-q2-update.win32_1.5.0.202011040924/tools/bin/../lib/gcc/arm-none-eabi/9.3.1/thumb/v7e-m+fp/hard/crtbegin.o
 .ARM.attributes
                0x0000000000000052       0x34 Drivers/BSP/STM32F7508_DISCOVERY/stm32f7508_discovery_audio.o
 .ARM.attributes
                0x0000000000000086       0x34 Drivers/BSP/STM32F7508_DISCOVERY/stm32f7508_discovery_lcd.o
 .ARM.attributes
                0x00000000000000ba       0x34 Drivers/BSP/STM32F7508_DISCOVERY/stm32f7508_discovery_sdram.o
 .ARM.attributes
                0x00000000000000ee       0x34 Drivers/CMSIS/system_stm32f7xx.o
 .ARM.attributes
                0x0000000000000122       0x34 Drivers/STM32F7xx_HAL_Driver/stm32f7xx_hal.o
 .ARM.attributes
                0x0000000000000156       0x34 Drivers/STM32F7xx_HAL_Driver/stm32f7xx_hal_cortex.o
 .ARM.attributes
                0x000000000000018a       0x34 Drivers/STM32F7xx_HAL_Driver/stm32f7xx_hal_dma.o
 .ARM.attributes
                0x00000000000001be       0x34 Drivers/STM32F7xx_HAL_Driver/stm32f7xx_hal_dma2d.o
 .ARM.attributes
                0x00000000000001f2       0x34 Drivers/STM32F7xx_HAL_Driver/stm32f7xx_hal_gpio.o
 .ARM.attributes
                0x0000000000000226       0x34 Drivers/STM32F7xx_HAL_Driver/stm32f7xx_hal_ltdc.o
 .ARM.attributes
                0x000000000000025a       0x34 Drivers/STM32F7xx_HAL_Driver/stm32f7xx_hal_pwr_ex.o
 .ARM.attributes
                0x000000000000028e       0x34 Drivers/STM32F7xx_HAL_Driver/stm32f7xx_hal_rcc.o
 .ARM.attributes
                0x00000000000002c2       0x34 Drivers/STM32F7xx_HAL_Driver/stm32f7xx_hal_rcc_ex.o
 .ARM.attributes
                0x00000000000002f6       0x34 Drivers/STM32F7xx_HAL_Driver/stm32f7xx_hal_sdram.o
 .ARM.attributes
                0x000000000000032a       0x34 Drivers/STM32F7xx_HAL_Driver/stm32f7xx_ll_fmc.o
 .ARM.attributes
                0x000000000000035e       0x21 Example/SW4STM32/startup_stm32f750xx.o
 .ARM.attributes
                0x000000000000037f       0x34 Example/SW4STM32/syscalls.o
 .ARM.attributes
                0x00000000000003b3       0x34 Example/User/main.o
 .ARM.attributes
                0x00000000000003e7       0x34 Example/User/stm32f7xx_it.o
 .ARM.attributes
                0x000000000000041b       0x34 Utilities/lcd_log.o
 .ARM.attributes
                0x000000000000044f       0x34 c:/st/stm32cubeide_1.6.0/stm32cubeide/plugins/com.st.stm32cube.ide.mcu.externaltools.gnu-tools-for-stm32.9-2020-q2-update.win32_1.5.0.202011040924/tools/bin/../lib/gcc/arm-none-eabi/9.3.1/../../../../arm-none-eabi/lib/thumb/v7e-m+fp/hard\libc_nano.a(lib_a-errno.o)
 .ARM.attributes
                0x0000000000000483       0x32 c:/st/stm32cubeide_1.6.0/stm32cubeide/plugins/com.st.stm32cube.ide.mcu.externaltools.gnu-tools-for-stm32.9-2020-q2-update.win32_1.5.0.202011040924/tools/bin/../lib/gcc/arm-none-eabi/9.3.1/../../../../arm-none-eabi/lib/thumb/v7e-m+fp/hard\libc_nano.a(lib_a-impure.o)
 .ARM.attributes
                0x00000000000004b5       0x34 c:/st/stm32cubeide_1.6.0/stm32cubeide/plugins/com.st.stm32cube.ide.mcu.externaltools.gnu-tools-for-stm32.9-2020-q2-update.win32_1.5.0.202011040924/tools/bin/../lib/gcc/arm-none-eabi/9.3.1/../../../../arm-none-eabi/lib/thumb/v7e-m+fp/hard\libc_nano.a(lib_a-init.o)
 .ARM.attributes
                0x00000000000004e9       0x34 c:/st/stm32cubeide_1.6.0/stm32cubeide/plugins/com.st.stm32cube.ide.mcu.externaltools.gnu-tools-for-stm32.9-2020-q2-update.win32_1.5.0.202011040924/tools/bin/../lib/gcc/arm-none-eabi/9.3.1/../../../../arm-none-eabi/lib/thumb/v7e-m+fp/hard\libc_nano.a(lib_a-memset.o)
 .ARM.attributes
                0x000000000000051d       0x34 c:/st/stm32cubeide_1.6.0/stm32cubeide/plugins/com.st.stm32cube.ide.mcu.externaltools.gnu-tools-for-stm32.9-2020-q2-update.win32_1.5.0.202011040924/tools/bin/../lib/gcc/arm-none-eabi/9.3.1/../../../../arm-none-eabi/lib/thumb/v7e-m+fp/hard\libc_nano.a(lib_a-printf.o)
 .ARM.attributes
                0x0000000000000551       0x34 c:/st/stm32cubeide_1.6.0/stm32cubeide/plugins/com.st.stm32cube.ide.mcu.externaltools.gnu-tools-for-stm32.9-2020-q2-update.win32_1.5.0.202011040924/tools/bin/../lib/gcc/arm-none-eabi/9.3.1/../../../../arm-none-eabi/lib/thumb/v7e-m+fp/hard\libc_nano.a(lib_a-puts.o)
 .ARM.attributes
                0x0000000000000585       0x34 c:/st/stm32cubeide_1.6.0/stm32cubeide/plugins/com.st.stm32cube.ide.mcu.externaltools.gnu-tools-for-stm32.9-2020-q2-update.win32_1.5.0.202011040924/tools/bin/../lib/gcc/arm-none-eabi/9.3.1/../../../../arm-none-eabi/lib/thumb/v7e-m+fp/hard\libc_nano.a(lib_a-wbuf.o)
 .ARM.attributes
                0x00000000000005b9       0x34 c:/st/stm32cubeide_1.6.0/stm32cubeide/plugins/com.st.stm32cube.ide.mcu.externaltools.gnu-tools-for-stm32.9-2020-q2-update.win32_1.5.0.202011040924/tools/bin/../lib/gcc/arm-none-eabi/9.3.1/../../../../arm-none-eabi/lib/thumb/v7e-m+fp/hard\libc_nano.a(lib_a-wsetup.o)
 .ARM.attributes
                0x00000000000005ed       0x34 c:/st/stm32cubeide_1.6.0/stm32cubeide/plugins/com.st.stm32cube.ide.mcu.externaltools.gnu-tools-for-stm32.9-2020-q2-update.win32_1.5.0.202011040924/tools/bin/../lib/gcc/arm-none-eabi/9.3.1/../../../../arm-none-eabi/lib/thumb/v7e-m+fp/hard\libc_nano.a(lib_a-fflush.o)
 .ARM.attributes
                0x0000000000000621       0x34 c:/st/stm32cubeide_1.6.0/stm32cubeide/plugins/com.st.stm32cube.ide.mcu.externaltools.gnu-tools-for-stm32.9-2020-q2-update.win32_1.5.0.202011040924/tools/bin/../lib/gcc/arm-none-eabi/9.3.1/../../../../arm-none-eabi/lib/thumb/v7e-m+fp/hard\libc_nano.a(lib_a-findfp.o)
 .ARM.attributes
                0x0000000000000655       0x34 c:/st/stm32cubeide_1.6.0/stm32cubeide/plugins/com.st.stm32cube.ide.mcu.externaltools.gnu-tools-for-stm32.9-2020-q2-update.win32_1.5.0.202011040924/tools/bin/../lib/gcc/arm-none-eabi/9.3.1/../../../../arm-none-eabi/lib/thumb/v7e-m+fp/hard\libc_nano.a(lib_a-fwalk.o)
 .ARM.attributes
                0x0000000000000689       0x34 c:/st/stm32cubeide_1.6.0/stm32cubeide/plugins/com.st.stm32cube.ide.mcu.externaltools.gnu-tools-for-stm32.9-2020-q2-update.win32_1.5.0.202011040924/tools/bin/../lib/gcc/arm-none-eabi/9.3.1/../../../../arm-none-eabi/lib/thumb/v7e-m+fp/hard\libc_nano.a(lib_a-lock.o)
 .ARM.attributes
                0x00000000000006bd       0x34 c:/st/stm32cubeide_1.6.0/stm32cubeide/plugins/com.st.stm32cube.ide.mcu.externaltools.gnu-tools-for-stm32.9-2020-q2-update.win32_1.5.0.202011040924/tools/bin/../lib/gcc/arm-none-eabi/9.3.1/../../../../arm-none-eabi/lib/thumb/v7e-m+fp/hard\libc_nano.a(lib_a-makebuf.o)
 .ARM.attributes
                0x00000000000006f1       0x34 c:/st/stm32cubeide_1.6.0/stm32cubeide/plugins/com.st.stm32cube.ide.mcu.externaltools.gnu-tools-for-stm32.9-2020-q2-update.win32_1.5.0.202011040924/tools/bin/../lib/gcc/arm-none-eabi/9.3.1/../../../../arm-none-eabi/lib/thumb/v7e-m+fp/hard\libc_nano.a(lib_a-nano-freer.o)
 .ARM.attributes
                0x0000000000000725       0x34 c:/st/stm32cubeide_1.6.0/stm32cubeide/plugins/com.st.stm32cube.ide.mcu.externaltools.gnu-tools-for-stm32.9-2020-q2-update.win32_1.5.0.202011040924/tools/bin/../lib/gcc/arm-none-eabi/9.3.1/../../../../arm-none-eabi/lib/thumb/v7e-m+fp/hard\libc_nano.a(lib_a-nano-mallocr.o)
 .ARM.attributes
                0x0000000000000759       0x34 c:/st/stm32cubeide_1.6.0/stm32cubeide/plugins/com.st.stm32cube.ide.mcu.externaltools.gnu-tools-for-stm32.9-2020-q2-update.win32_1.5.0.202011040924/tools/bin/../lib/gcc/arm-none-eabi/9.3.1/../../../../arm-none-eabi/lib/thumb/v7e-m+fp/hard\libc_nano.a(lib_a-nano-vfprintf.o)
 .ARM.attributes
                0x000000000000078d       0x34 c:/st/stm32cubeide_1.6.0/stm32cubeide/plugins/com.st.stm32cube.ide.mcu.externaltools.gnu-tools-for-stm32.9-2020-q2-update.win32_1.5.0.202011040924/tools/bin/../lib/gcc/arm-none-eabi/9.3.1/../../../../arm-none-eabi/lib/thumb/v7e-m+fp/hard\libc_nano.a(lib_a-nano-vfprintf_i.o)
 .ARM.attributes
                0x00000000000007c1       0x34 c:/st/stm32cubeide_1.6.0/stm32cubeide/plugins/com.st.stm32cube.ide.mcu.externaltools.gnu-tools-for-stm32.9-2020-q2-update.win32_1.5.0.202011040924/tools/bin/../lib/gcc/arm-none-eabi/9.3.1/../../../../arm-none-eabi/lib/thumb/v7e-m+fp/hard\libc_nano.a(lib_a-sbrkr.o)
 .ARM.attributes
                0x00000000000007f5       0x34 c:/st/stm32cubeide_1.6.0/stm32cubeide/plugins/com.st.stm32cube.ide.mcu.externaltools.gnu-tools-for-stm32.9-2020-q2-update.win32_1.5.0.202011040924/tools/bin/../lib/gcc/arm-none-eabi/9.3.1/../../../../arm-none-eabi/lib/thumb/v7e-m+fp/hard\libc_nano.a(lib_a-stdio.o)
 .ARM.attributes
                0x0000000000000829       0x34 c:/st/stm32cubeide_1.6.0/stm32cubeide/plugins/com.st.stm32cube.ide.mcu.externaltools.gnu-tools-for-stm32.9-2020-q2-update.win32_1.5.0.202011040924/tools/bin/../lib/gcc/arm-none-eabi/9.3.1/../../../../arm-none-eabi/lib/thumb/v7e-m+fp/hard\libc_nano.a(lib_a-writer.o)
 .ARM.attributes
                0x000000000000085d       0x34 c:/st/stm32cubeide_1.6.0/stm32cubeide/plugins/com.st.stm32cube.ide.mcu.externaltools.gnu-tools-for-stm32.9-2020-q2-update.win32_1.5.0.202011040924/tools/bin/../lib/gcc/arm-none-eabi/9.3.1/../../../../arm-none-eabi/lib/thumb/v7e-m+fp/hard\libc_nano.a(lib_a-closer.o)
 .ARM.attributes
                0x0000000000000891       0x34 c:/st/stm32cubeide_1.6.0/stm32cubeide/plugins/com.st.stm32cube.ide.mcu.externaltools.gnu-tools-for-stm32.9-2020-q2-update.win32_1.5.0.202011040924/tools/bin/../lib/gcc/arm-none-eabi/9.3.1/../../../../arm-none-eabi/lib/thumb/v7e-m+fp/hard\libc_nano.a(lib_a-fstatr.o)
 .ARM.attributes
                0x00000000000008c5       0x34 c:/st/stm32cubeide_1.6.0/stm32cubeide/plugins/com.st.stm32cube.ide.mcu.externaltools.gnu-tools-for-stm32.9-2020-q2-update.win32_1.5.0.202011040924/tools/bin/../lib/gcc/arm-none-eabi/9.3.1/../../../../arm-none-eabi/lib/thumb/v7e-m+fp/hard\libc_nano.a(lib_a-isattyr.o)
 .ARM.attributes
                0x00000000000008f9       0x34 c:/st/stm32cubeide_1.6.0/stm32cubeide/plugins/com.st.stm32cube.ide.mcu.externaltools.gnu-tools-for-stm32.9-2020-q2-update.win32_1.5.0.202011040924/tools/bin/../lib/gcc/arm-none-eabi/9.3.1/../../../../arm-none-eabi/lib/thumb/v7e-m+fp/hard\libc_nano.a(lib_a-lseekr.o)
 .ARM.attributes
                0x000000000000092d       0x1c c:/st/stm32cubeide_1.6.0/stm32cubeide/plugins/com.st.stm32cube.ide.mcu.externaltools.gnu-tools-for-stm32.9-2020-q2-update.win32_1.5.0.202011040924/tools/bin/../lib/gcc/arm-none-eabi/9.3.1/../../../../arm-none-eabi/lib/thumb/v7e-m+fp/hard\libc_nano.a(lib_a-memchr.o)
 .ARM.attributes
                0x0000000000000949       0x34 c:/st/stm32cubeide_1.6.0/stm32cubeide/plugins/com.st.stm32cube.ide.mcu.externaltools.gnu-tools-for-stm32.9-2020-q2-update.win32_1.5.0.202011040924/tools/bin/../lib/gcc/arm-none-eabi/9.3.1/../../../../arm-none-eabi/lib/thumb/v7e-m+fp/hard\libc_nano.a(lib_a-mlock.o)
 .ARM.attributes
                0x000000000000097d       0x34 c:/st/stm32cubeide_1.6.0/stm32cubeide/plugins/com.st.stm32cube.ide.mcu.externaltools.gnu-tools-for-stm32.9-2020-q2-update.win32_1.5.0.202011040924/tools/bin/../lib/gcc/arm-none-eabi/9.3.1/../../../../arm-none-eabi/lib/thumb/v7e-m+fp/hard\libc_nano.a(lib_a-readr.o)
 .ARM.attributes
                0x00000000000009b1       0x34 c:/st/stm32cubeide_1.6.0/stm32cubeide/plugins/com.st.stm32cube.ide.mcu.externaltools.gnu-tools-for-stm32.9-2020-q2-update.win32_1.5.0.202011040924/tools/bin/../lib/gcc/arm-none-eabi/9.3.1/../../../../arm-none-eabi/lib/thumb/v7e-m+fp/hard\libc_nano.a(lib_a-reent.o)
 .ARM.attributes
                0x00000000000009e5       0x1e c:/st/stm32cubeide_1.6.0/stm32cubeide/plugins/com.st.stm32cube.ide.mcu.externaltools.gnu-tools-for-stm32.9-2020-q2-update.win32_1.5.0.202011040924/tools/bin/../lib/gcc/arm-none-eabi/9.3.1/thumb/v7e-m+fp/hard\libgcc.a(_aeabi_uldivmod.o)
 .ARM.attributes
                0x0000000000000a03       0x34 c:/st/stm32cubeide_1.6.0/stm32cubeide/plugins/com.st.stm32cube.ide.mcu.externaltools.gnu-tools-for-stm32.9-2020-q2-update.win32_1.5.0.202011040924/tools/bin/../lib/gcc/arm-none-eabi/9.3.1/thumb/v7e-m+fp/hard\libgcc.a(_udivmoddi4.o)
 .ARM.attributes
                0x0000000000000a37       0x1e c:/st/stm32cubeide_1.6.0/stm32cubeide/plugins/com.st.stm32cube.ide.mcu.externaltools.gnu-tools-for-stm32.9-2020-q2-update.win32_1.5.0.202011040924/tools/bin/../lib/gcc/arm-none-eabi/9.3.1/thumb/v7e-m+fp/hard\libgcc.a(_dvmd_tls.o)
 .ARM.attributes
                0x0000000000000a55       0x1e c:/st/stm32cubeide_1.6.0/stm32cubeide/plugins/com.st.stm32cube.ide.mcu.externaltools.gnu-tools-for-stm32.9-2020-q2-update.win32_1.5.0.202011040924/tools/bin/../lib/gcc/arm-none-eabi/9.3.1/thumb/v7e-m+fp/hard/crtn.o
OUTPUT(stm32f7_workshop_04.elf elf32-littlearm)
LOAD linker stubs
LOAD c:/st/stm32cubeide_1.6.0/stm32cubeide/plugins/com.st.stm32cube.ide.mcu.externaltools.gnu-tools-for-stm32.9-2020-q2-update.win32_1.5.0.202011040924/tools/bin/../lib/gcc/arm-none-eabi/9.3.1/../../../../arm-none-eabi/lib/thumb/v7e-m+fp/hard\libc.a
LOAD c:/st/stm32cubeide_1.6.0/stm32cubeide/plugins/com.st.stm32cube.ide.mcu.externaltools.gnu-tools-for-stm32.9-2020-q2-update.win32_1.5.0.202011040924/tools/bin/../lib/gcc/arm-none-eabi/9.3.1/../../../../arm-none-eabi/lib/thumb/v7e-m+fp/hard\libm.a
LOAD c:/st/stm32cubeide_1.6.0/stm32cubeide/plugins/com.st.stm32cube.ide.mcu.externaltools.gnu-tools-for-stm32.9-2020-q2-update.win32_1.5.0.202011040924/tools/bin/../lib/gcc/arm-none-eabi/9.3.1/thumb/v7e-m+fp/hard\libgcc.a

.debug_info     0x0000000000000000    0x16b3c
 .debug_info    0x0000000000000000     0x26f6 Drivers/BSP/STM32F7508_DISCOVERY/stm32f7508_discovery_audio.o
 .debug_info    0x00000000000026f6     0x368b Drivers/BSP/STM32F7508_DISCOVERY/stm32f7508_discovery_lcd.o
 .debug_info    0x0000000000005d81     0x1410 Drivers/BSP/STM32F7508_DISCOVERY/stm32f7508_discovery_sdram.o
 .debug_info    0x0000000000007191      0x7c6 Drivers/CMSIS/system_stm32f7xx.o
 .debug_info    0x0000000000007957      0xbbf Drivers/STM32F7xx_HAL_Driver/stm32f7xx_hal.o
 .debug_info    0x0000000000008516     0x138d Drivers/STM32F7xx_HAL_Driver/stm32f7xx_hal_cortex.o
 .debug_info    0x00000000000098a3      0xbfa Drivers/STM32F7xx_HAL_Driver/stm32f7xx_hal_dma.o
 .debug_info    0x000000000000a49d     0x139b Drivers/STM32F7xx_HAL_Driver/stm32f7xx_hal_dma2d.o
 .debug_info    0x000000000000b838      0x899 Drivers/STM32F7xx_HAL_Driver/stm32f7xx_hal_gpio.o
 .debug_info    0x000000000000c0d1     0x15f2 Drivers/STM32F7xx_HAL_Driver/stm32f7xx_hal_ltdc.o
 .debug_info    0x000000000000d6c3      0xae8 Drivers/STM32F7xx_HAL_Driver/stm32f7xx_hal_pwr_ex.o
 .debug_info    0x000000000000e1ab      0xc81 Drivers/STM32F7xx_HAL_Driver/stm32f7xx_hal_rcc.o
 .debug_info    0x000000000000ee2c      0x96d Drivers/STM32F7xx_HAL_Driver/stm32f7xx_hal_rcc_ex.o
 .debug_info    0x000000000000f799      0xf98 Drivers/STM32F7xx_HAL_Driver/stm32f7xx_hal_sdram.o
 .debug_info    0x0000000000010731      0xe93 Drivers/STM32F7xx_HAL_Driver/stm32f7xx_ll_fmc.o
 .debug_info    0x00000000000115c4       0x22 Example/SW4STM32/startup_stm32f750xx.o
 .debug_info    0x00000000000115e6     0x1162 Example/SW4STM32/syscalls.o
 .debug_info    0x0000000000012748     0x1c0c Example/User/main.o
 .debug_info    0x0000000000014354     0x171e Example/User/stm32f7xx_it.o
 .debug_info    0x0000000000015a72     0x10ca Utilities/lcd_log.o

.debug_abbrev   0x0000000000000000     0x356d
 .debug_abbrev  0x0000000000000000      0x456 Drivers/BSP/STM32F7508_DISCOVERY/stm32f7508_discovery_audio.o
 .debug_abbrev  0x0000000000000456      0x497 Drivers/BSP/STM32F7508_DISCOVERY/stm32f7508_discovery_lcd.o
 .debug_abbrev  0x00000000000008ed      0x286 Drivers/BSP/STM32F7508_DISCOVERY/stm32f7508_discovery_sdram.o
 .debug_abbrev  0x0000000000000b73      0x16b Drivers/CMSIS/system_stm32f7xx.o
 .debug_abbrev  0x0000000000000cde      0x27e Drivers/STM32F7xx_HAL_Driver/stm32f7xx_hal.o
 .debug_abbrev  0x0000000000000f5c      0x398 Drivers/STM32F7xx_HAL_Driver/stm32f7xx_hal_cortex.o
 .debug_abbrev  0x00000000000012f4      0x356 Drivers/STM32F7xx_HAL_Driver/stm32f7xx_hal_dma.o
 .debug_abbrev  0x000000000000164a      0x340 Drivers/STM32F7xx_HAL_Driver/stm32f7xx_hal_dma2d.o
 .debug_abbrev  0x000000000000198a      0x21d Drivers/STM32F7xx_HAL_Driver/stm32f7xx_hal_gpio.o
 .debug_abbrev  0x0000000000001ba7      0x29b Drivers/STM32F7xx_HAL_Driver/stm32f7xx_hal_ltdc.o
 .debug_abbrev  0x0000000000001e42      0x1ed Drivers/STM32F7xx_HAL_Driver/stm32f7xx_hal_pwr_ex.o
 .debug_abbrev  0x000000000000202f      0x2da Drivers/STM32F7xx_HAL_Driver/stm32f7xx_hal_rcc.o
 .debug_abbrev  0x0000000000002309      0x201 Drivers/STM32F7xx_HAL_Driver/stm32f7xx_hal_rcc_ex.o
 .debug_abbrev  0x000000000000250a      0x299 Drivers/STM32F7xx_HAL_Driver/stm32f7xx_hal_sdram.o
 .debug_abbrev  0x00000000000027a3      0x1cd Drivers/STM32F7xx_HAL_Driver/stm32f7xx_ll_fmc.o
 .debug_abbrev  0x0000000000002970       0x12 Example/SW4STM32/startup_stm32f750xx.o
 .debug_abbrev  0x0000000000002982      0x324 Example/SW4STM32/syscalls.o
 .debug_abbrev  0x0000000000002ca6      0x33b Example/User/main.o
 .debug_abbrev  0x0000000000002fe1      0x269 Example/User/stm32f7xx_it.o
 .debug_abbrev  0x000000000000324a      0x323 Utilities/lcd_log.o

.debug_loc      0x0000000000000000     0xa4d0
 .debug_loc     0x0000000000000000      0xb07 Drivers/BSP/STM32F7508_DISCOVERY/stm32f7508_discovery_audio.o
 .debug_loc     0x0000000000000b07     0x28fb Drivers/BSP/STM32F7508_DISCOVERY/stm32f7508_discovery_lcd.o
 .debug_loc     0x0000000000003402      0x36a Drivers/BSP/STM32F7508_DISCOVERY/stm32f7508_discovery_sdram.o
 .debug_loc     0x000000000000376c      0x12f Drivers/CMSIS/system_stm32f7xx.o
 .debug_loc     0x000000000000389b      0x139 Drivers/STM32F7xx_HAL_Driver/stm32f7xx_hal.o
 .debug_loc     0x00000000000039d4      0x661 Drivers/STM32F7xx_HAL_Driver/stm32f7xx_hal_cortex.o
 .debug_loc     0x0000000000004035      0x9ea Drivers/STM32F7xx_HAL_Driver/stm32f7xx_hal_dma.o
 .debug_loc     0x0000000000004a1f     0x1573 Drivers/STM32F7xx_HAL_Driver/stm32f7xx_hal_dma2d.o
 .debug_loc     0x0000000000005f92      0x3f7 Drivers/STM32F7xx_HAL_Driver/stm32f7xx_hal_gpio.o
 .debug_loc     0x0000000000006389     0x13bd Drivers/STM32F7xx_HAL_Driver/stm32f7xx_hal_ltdc.o
 .debug_loc     0x0000000000007746      0x2e0 Drivers/STM32F7xx_HAL_Driver/stm32f7xx_hal_pwr_ex.o
 .debug_loc     0x0000000000007a26      0x573 Drivers/STM32F7xx_HAL_Driver/stm32f7xx_hal_rcc.o
 .debug_loc     0x0000000000007f99      0x728 Drivers/STM32F7xx_HAL_Driver/stm32f7xx_hal_rcc_ex.o
 .debug_loc     0x00000000000086c1      0xdda Drivers/STM32F7xx_HAL_Driver/stm32f7xx_hal_sdram.o
 .debug_loc     0x000000000000949b      0x91e Drivers/STM32F7xx_HAL_Driver/stm32f7xx_ll_fmc.o
 .debug_loc     0x0000000000009db9      0x46b Example/SW4STM32/syscalls.o
 .debug_loc     0x000000000000a224       0x92 Example/User/main.o
 .debug_loc     0x000000000000a2b6      0x21a Utilities/lcd_log.o

.debug_aranges  0x0000000000000000      0xcc8
 .debug_aranges
                0x0000000000000000      0x130 Drivers/BSP/STM32F7508_DISCOVERY/stm32f7508_discovery_audio.o
 .debug_aranges
                0x0000000000000130      0x1c8 Drivers/BSP/STM32F7508_DISCOVERY/stm32f7508_discovery_lcd.o
 .debug_aranges
                0x00000000000002f8       0x68 Drivers/BSP/STM32F7508_DISCOVERY/stm32f7508_discovery_sdram.o
 .debug_aranges
                0x0000000000000360       0x28 Drivers/CMSIS/system_stm32f7xx.o
 .debug_aranges
                0x0000000000000388       0xf8 Drivers/STM32F7xx_HAL_Driver/stm32f7xx_hal.o
 .debug_aranges
                0x0000000000000480       0xa8 Drivers/STM32F7xx_HAL_Driver/stm32f7xx_hal_cortex.o
 .debug_aranges
                0x0000000000000528       0x80 Drivers/STM32F7xx_HAL_Driver/stm32f7xx_hal_dma.o
 .debug_aranges
                0x00000000000005a8       0xf0 Drivers/STM32F7xx_HAL_Driver/stm32f7xx_hal_dma2d.o
 .debug_aranges
                0x0000000000000698       0x58 Drivers/STM32F7xx_HAL_Driver/stm32f7xx_hal_gpio.o
 .debug_aranges
                0x00000000000006f0      0x138 Drivers/STM32F7xx_HAL_Driver/stm32f7xx_hal_ltdc.o
 .debug_aranges
                0x0000000000000828       0x80 Drivers/STM32F7xx_HAL_Driver/stm32f7xx_hal_pwr_ex.o
 .debug_aranges
                0x00000000000008a8       0x88 Drivers/STM32F7xx_HAL_Driver/stm32f7xx_hal_rcc.o
 .debug_aranges
                0x0000000000000930       0x50 Drivers/STM32F7xx_HAL_Driver/stm32f7xx_hal_rcc_ex.o
 .debug_aranges
                0x0000000000000980       0xb0 Drivers/STM32F7xx_HAL_Driver/stm32f7xx_hal_sdram.o
 .debug_aranges
                0x0000000000000a30       0xc8 Drivers/STM32F7xx_HAL_Driver/stm32f7xx_ll_fmc.o
 .debug_aranges
                0x0000000000000af8       0x28 Example/SW4STM32/startup_stm32f750xx.o
 .debug_aranges
                0x0000000000000b20       0xb0 Example/SW4STM32/syscalls.o
 .debug_aranges
                0x0000000000000bd0       0x28 Example/User/main.o
 .debug_aranges
                0x0000000000000bf8       0x70 Example/User/stm32f7xx_it.o
 .debug_aranges
                0x0000000000000c68       0x60 Utilities/lcd_log.o

.debug_ranges   0x0000000000000000     0x11c0
 .debug_ranges  0x0000000000000000      0x1f8 Drivers/BSP/STM32F7508_DISCOVERY/stm32f7508_discovery_audio.o
 .debug_ranges  0x00000000000001f8      0x3e8 Drivers/BSP/STM32F7508_DISCOVERY/stm32f7508_discovery_lcd.o
 .debug_ranges  0x00000000000005e0       0xa0 Drivers/BSP/STM32F7508_DISCOVERY/stm32f7508_discovery_sdram.o
 .debug_ranges  0x0000000000000680       0x18 Drivers/CMSIS/system_stm32f7xx.o
 .debug_ranges  0x0000000000000698       0xe8 Drivers/STM32F7xx_HAL_Driver/stm32f7xx_hal.o
 .debug_ranges  0x0000000000000780      0x158 Drivers/STM32F7xx_HAL_Driver/stm32f7xx_hal_cortex.o
 .debug_ranges  0x00000000000008d8       0xd0 Drivers/STM32F7xx_HAL_Driver/stm32f7xx_hal_dma.o
 .debug_ranges  0x00000000000009a8       0xe0 Drivers/STM32F7xx_HAL_Driver/stm32f7xx_hal_dma2d.o
 .debug_ranges  0x0000000000000a88       0x70 Drivers/STM32F7xx_HAL_Driver/stm32f7xx_hal_gpio.o
 .debug_ranges  0x0000000000000af8      0x128 Drivers/STM32F7xx_HAL_Driver/stm32f7xx_hal_ltdc.o
 .debug_ranges  0x0000000000000c20      0x108 Drivers/STM32F7xx_HAL_Driver/stm32f7xx_hal_pwr_ex.o
 .debug_ranges  0x0000000000000d28       0xd0 Drivers/STM32F7xx_HAL_Driver/stm32f7xx_hal_rcc.o
 .debug_ranges  0x0000000000000df8       0x58 Drivers/STM32F7xx_HAL_Driver/stm32f7xx_hal_rcc_ex.o
 .debug_ranges  0x0000000000000e50       0xa0 Drivers/STM32F7xx_HAL_Driver/stm32f7xx_hal_sdram.o
 .debug_ranges  0x0000000000000ef0       0xb8 Drivers/STM32F7xx_HAL_Driver/stm32f7xx_ll_fmc.o
 .debug_ranges  0x0000000000000fa8       0x20 Example/SW4STM32/startup_stm32f750xx.o
 .debug_ranges  0x0000000000000fc8       0xb8 Example/SW4STM32/syscalls.o
 .debug_ranges  0x0000000000001080       0x90 Example/User/main.o
 .debug_ranges  0x0000000000001110       0x60 Example/User/stm32f7xx_it.o
 .debug_ranges  0x0000000000001170       0x50 Utilities/lcd_log.o

.debug_macro    0x0000000000000000     0x53b4
 .debug_macro   0x0000000000000000      0x2a8 Drivers/BSP/STM32F7508_DISCOVERY/stm32f7508_discovery_audio.o
 .debug_macro   0x00000000000002a8      0x178 Drivers/BSP/STM32F7508_DISCOVERY/stm32f7508_discovery_audio.o
 .debug_macro   0x0000000000000420      0x2cf Drivers/BSP/STM32F7508_DISCOVERY/stm32f7508_discovery_lcd.o
 .debug_macro   0x00000000000006ef       0x40 Drivers/BSP/STM32F7508_DISCOVERY/stm32f7508_discovery_lcd.o
 .debug_macro   0x000000000000072f       0x9a Drivers/BSP/STM32F7508_DISCOVERY/stm32f7508_discovery_lcd.o
 .debug_macro   0x00000000000007c9      0x25a Drivers/BSP/STM32F7508_DISCOVERY/stm32f7508_discovery_lcd.o
 .debug_macro   0x0000000000000a23       0x10 Drivers/BSP/STM32F7508_DISCOVERY/stm32f7508_discovery_lcd.o
 .debug_macro   0x0000000000000a33      0x11a Drivers/BSP/STM32F7508_DISCOVERY/stm32f7508_discovery_lcd.o
 .debug_macro   0x0000000000000b4d      0x27b Drivers/BSP/STM32F7508_DISCOVERY/stm32f7508_discovery_sdram.o
 .debug_macro   0x0000000000000dc8      0x272 Drivers/CMSIS/system_stm32f7xx.o
 .debug_macro   0x000000000000103a      0x290 Drivers/STM32F7xx_HAL_Driver/stm32f7xx_hal.o
 .debug_macro   0x00000000000012ca      0x26c Drivers/STM32F7xx_HAL_Driver/stm32f7xx_hal_cortex.o
 .debug_macro   0x0000000000001536      0x272 Drivers/STM32F7xx_HAL_Driver/stm32f7xx_hal_dma.o
 .debug_macro   0x00000000000017a8      0x27b Drivers/STM32F7xx_HAL_Driver/stm32f7xx_hal_dma2d.o
 .debug_macro   0x0000000000001a23      0x2a2 Drivers/STM32F7xx_HAL_Driver/stm32f7xx_hal_gpio.o
 .debug_macro   0x0000000000001cc5      0x26d Drivers/STM32F7xx_HAL_Driver/stm32f7xx_hal_ltdc.o
 .debug_macro   0x0000000000001f32      0x284 Drivers/STM32F7xx_HAL_Driver/stm32f7xx_hal_pwr_ex.o
 .debug_macro   0x00000000000021b6      0x290 Drivers/STM32F7xx_HAL_Driver/stm32f7xx_hal_rcc.o
 .debug_macro   0x0000000000002446      0x26c Drivers/STM32F7xx_HAL_Driver/stm32f7xx_hal_rcc_ex.o
 .debug_macro   0x00000000000026b2      0x26c Drivers/STM32F7xx_HAL_Driver/stm32f7xx_hal_sdram.o
 .debug_macro   0x000000000000291e      0x26c Drivers/STM32F7xx_HAL_Driver/stm32f7xx_ll_fmc.o
 .debug_macro   0x0000000000002b8a      0x24c Example/SW4STM32/syscalls.o
 .debug_macro   0x0000000000002dd6       0x4c Example/SW4STM32/syscalls.o
 .debug_macro   0x0000000000002e22       0x18 Example/SW4STM32/syscalls.o
 .debug_macro   0x0000000000002e3a       0x94 Example/SW4STM32/syscalls.o
 .debug_macro   0x0000000000002ece       0x3c Example/SW4STM32/syscalls.o
 .debug_macro   0x0000000000002f0a       0x34 Example/SW4STM32/syscalls.o
 .debug_macro   0x0000000000002f3e       0x57 Example/SW4STM32/syscalls.o
 .debug_macro   0x0000000000002f95      0x339 Example/SW4STM32/syscalls.o
 .debug_macro   0x00000000000032ce       0x16 Example/SW4STM32/syscalls.o
 .debug_macro   0x00000000000032e4       0x43 Example/SW4STM32/syscalls.o
 .debug_macro   0x0000000000003327       0x34 Example/SW4STM32/syscalls.o
 .debug_macro   0x000000000000335b       0x10 Example/SW4STM32/syscalls.o
 .debug_macro   0x000000000000336b       0x58 Example/SW4STM32/syscalls.o
 .debug_macro   0x00000000000033c3       0x71 Example/SW4STM32/syscalls.o
 .debug_macro   0x0000000000003434       0x1c Example/SW4STM32/syscalls.o
 .debug_macro   0x0000000000003450      0x12a Example/SW4STM32/syscalls.o
 .debug_macro   0x000000000000357a       0x10 Example/SW4STM32/syscalls.o
 .debug_macro   0x000000000000358a       0x35 Example/SW4STM32/syscalls.o
 .debug_macro   0x00000000000035bf       0x10 Example/SW4STM32/syscalls.o
 .debug_macro   0x00000000000035cf       0x10 Example/SW4STM32/syscalls.o
 .debug_macro   0x00000000000035df       0x10 Example/SW4STM32/syscalls.o
 .debug_macro   0x00000000000035ef       0x1c Example/SW4STM32/syscalls.o
 .debug_macro   0x000000000000360b       0x52 Example/SW4STM32/syscalls.o
 .debug_macro   0x000000000000365d       0x22 Example/SW4STM32/syscalls.o
 .debug_macro   0x000000000000367f       0x10 Example/SW4STM32/syscalls.o
 .debug_macro   0x000000000000368f       0x40 Example/SW4STM32/syscalls.o
 .debug_macro   0x00000000000036cf       0xd5 Example/SW4STM32/syscalls.o
 .debug_macro   0x00000000000037a4       0x1c Example/SW4STM32/syscalls.o
 .debug_macro   0x00000000000037c0       0x3d Example/SW4STM32/syscalls.o
 .debug_macro   0x00000000000037fd       0x35 Example/SW4STM32/syscalls.o
 .debug_macro   0x0000000000003832      0x12c Example/SW4STM32/syscalls.o
 .debug_macro   0x000000000000395e       0x16 Example/SW4STM32/syscalls.o
 .debug_macro   0x0000000000003974       0x16 Example/SW4STM32/syscalls.o
 .debug_macro   0x000000000000398a       0x29 Example/SW4STM32/syscalls.o
 .debug_macro   0x00000000000039b3       0x10 Example/SW4STM32/syscalls.o
 .debug_macro   0x00000000000039c3      0x241 Example/SW4STM32/syscalls.o
 .debug_macro   0x0000000000003c04       0x1c Example/SW4STM32/syscalls.o
 .debug_macro   0x0000000000003c20       0x10 Example/SW4STM32/syscalls.o
 .debug_macro   0x0000000000003c30       0x10 Example/SW4STM32/syscalls.o