Archive member included to satisfy reference by file (symbol)

c:/st/stm32cubeide_1.6.0/stm32cubeide/plugins/com.st.stm32cube.ide.mcu.externaltools.gnu-tools-for-stm32.9-2020-q2-update.win32_1.5.0.202011040924/tools/bin/../lib/gcc/arm-none-eabi/9.3.1/../../../../arm-none-eabi/lib/thumb/v7e-m+fp/hard\libc_nano.a(lib_a-errno.o)
                              Core/Src/syscalls.o (__errno)
c:/st/stm32cubeide_1.6.0/stm32cubeide/plugins/com.st.stm32cube.ide.mcu.externaltools.gnu-tools-for-stm32.9-2020-q2-update.win32_1.5.0.202011040924/tools/bin/../lib/gcc/arm-none-eabi/9.3.1/../../../../arm-none-eabi/lib/thumb/v7e-m+fp/hard\libc_nano.a(lib_a-exit.o)
                              c:/st/stm32cubeide_1.6.0/stm32cubeide/plugins/com.st.stm32cube.ide.mcu.externaltools.gnu-tools-for-stm32.9-2020-q2-update.win32_1.5.0.202011040924/tools/bin/../lib/gcc/arm-none-eabi/9.3.1/../../../../arm-none-eabi/lib/thumb/v7e-m+fp/hard/crt0.o (exit)
c:/st/stm32cubeide_1.6.0/stm32cubeide/plugins/com.st.stm32cube.ide.mcu.externaltools.gnu-tools-for-stm32.9-2020-q2-update.win32_1.5.0.202011040924/tools/bin/../lib/gcc/arm-none-eabi/9.3.1/../../../../arm-none-eabi/lib/thumb/v7e-m+fp/hard\libc_nano.a(lib_a-impure.o)
                              c:/st/stm32cubeide_1.6.0/stm32cubeide/plugins/com.st.stm32cube.ide.mcu.externaltools.gnu-tools-for-stm32.9-2020-q2-update.win32_1.5.0.202011040924/tools/bin/../lib/gcc/arm-none-eabi/9.3.1/../../../../arm-none-eabi/lib/thumb/v7e-m+fp/hard\libc_nano.a(lib_a-exit.o) (_global_impure_ptr)
c:/st/stm32cubeide_1.6.0/stm32cubeide/plugins/com.st.stm32cube.ide.mcu.externaltools.gnu-tools-for-stm32.9-2020-q2-update.win32_1.5.0.202011040924/tools/bin/../lib/gcc/arm-none-eabi/9.3.1/../../../../arm-none-eabi/lib/thumb/v7e-m+fp/hard\libc_nano.a(lib_a-init.o)
                              c:/st/stm32cubeide_1.6.0/stm32cubeide/plugins/com.st.stm32cube.ide.mcu.externaltools.gnu-tools-for-stm32.9-2020-q2-update.win32_1.5.0.202011040924/tools/bin/../lib/gcc/arm-none-eabi/9.3.1/../../../../arm-none-eabi/lib/thumb/v7e-m+fp/hard/crt0.o (__libc_init_array)
c:/st/stm32cubeide_1.6.0/stm32cubeide/plugins/com.st.stm32cube.ide.mcu.externaltools.gnu-tools-for-stm32.9-2020-q2-update.win32_1.5.0.202011040924/tools/bin/../lib/gcc/arm-none-eabi/9.3.1/../../../../arm-none-eabi/lib/thumb/v7e-m+fp/hard\libc_nano.a(lib_a-memset.o)
                              c:/st/stm32cubeide_1.6.0/stm32cubeide/plugins/com.st.stm32cube.ide.mcu.externaltools.gnu-tools-for-stm32.9-2020-q2-update.win32_1.5.0.202011040924/tools/bin/../lib/gcc/arm-none-eabi/9.3.1/../../../../arm-none-eabi/lib/thumb/v7e-m+fp/hard/crt0.o (memset)
c:/st/stm32cubeide_1.6.0/stm32cubeide/plugins/com.st.stm32cube.ide.mcu.externaltools.gnu-tools-for-stm32.9-2020-q2-update.win32_1.5.0.202011040924/tools/bin/../lib/gcc/arm-none-eabi/9.3.1/../../../../arm-none-eabi/lib/thumb/v7e-m+fp/hard\libc_nano.a(lib_a-sprintf.o)
                              Core/Src/MainTask.o (sprintf)
c:/st/stm32cubeide_1.6.0/stm32cubeide/plugins/com.st.stm32cube.ide.mcu.externaltools.gnu-tools-for-stm32.9-2020-q2-update.win32_1.5.0.202011040924/tools/bin/../lib/gcc/arm-none-eabi/9.3.1/../../../../arm-none-eabi/lib/thumb/v7e-m+fp/hard\libc_nano.a(lib_a-nano-svfprintf.o)
                              c:/st/stm32cubeide_1.6.0/stm32cubeide/plugins/com.st.stm32cube.ide.mcu.externaltools.gnu-tools-for-stm32.9-2020-q2-update.win32_1.5.0.202011040924/tools/bin/../lib/gcc/arm-none-eabi/9.3.1/../../../../arm-none-eabi/lib/thumb/v7e-m+fp/hard\libc_nano.a(lib_a-sprintf.o) (_svfprintf_r)
c:/st/stm32cubeide_1.6.0/stm32cubeide/plugins/com.st.stm32cube.ide.mcu.externaltools.gnu-tools-for-stm32.9-2020-q2-update.win32_1.5.0.202011040924/tools/bin/../lib/gcc/arm-none-eabi/9.3.1/../../../../arm-none-eabi/lib/thumb/v7e-m+fp/hard\libc_nano.a(lib_a-nano-vfprintf_i.o)
                              c:/st/stm32cubeide_1.6.0/stm32cubeide/plugins/com.st.stm32cube.ide.mcu.externaltools.gnu-tools-for-stm32.9-2020-q2-update.win32_1.5.0.202011040924/tools/bin/../lib/gcc/arm-none-eabi/9.3.1/../../../../arm-none-eabi/lib/thumb/v7e-m+fp/hard\libc_nano.a(lib_a-nano-svfprintf.o) (_printf_i)
c:/st/stm32cubeide_1.6.0/stm32cubeide/plugins/com.st.stm32cube.ide.mcu.externaltools.gnu-tools-for-stm32.9-2020-q2-update.win32_1.5.0.202011040924/tools/bin/../lib/gcc/arm-none-eabi/9.3.1/../../../../arm-none-eabi/lib/thumb/v7e-m+fp/hard\libc_nano.a(lib_a-memchr.o)
                              c:/st/stm32cubeide_1.6.0/stm32cubeide/plugins/com.st.stm32cube.ide.mcu.externaltools.gnu-tools-for-stm32.9-2020-q2-update.win32_1.5.0.202011040924/tools/bin/../lib/gcc/arm-none-eabi/9.3.1/../../../../arm-none-eabi/lib/thumb/v7e-m+fp/hard\libc_nano.a(lib_a-nano-svfprintf.o) (memchr)
c:/st/stm32cubeide_1.6.0/stm32cubeide/plugins/com.st.stm32cube.ide.mcu.externaltools.gnu-tools-for-stm32.9-2020-q2-update.win32_1.5.0.202011040924/tools/bin/../lib/gcc/arm-none-eabi/9.3.1/../../../../arm-none-eabi/lib/thumb/v7e-m+fp/hard\libc_nano.a(lib_a-memcpy-stub.o)
[...]
Memory Configuration

Name             Origin             Length             Attributes
FLASH            0x0000000090000000 0x0000000001000000 xr
RAM              0x0000000020000000 0x0000000000050000 xrw
*default*        0x0000000000000000 0xffffffffffffffff

Linker script and memory map

LOAD c:/st/stm32cubeide_1.6.0/stm32cubeide/plugins/com.st.stm32cube.ide.mcu.externaltools.gnu-tools-for-stm32.9-2020-q2-update.win32_1.5.0.202011040924/tools/bin/../lib/gcc/arm-none-eabi/9.3.1/thumb/v7e-m+fp/hard/crti.o
LOAD c:/st/stm32cubeide_1.6.0/stm32cubeide/plugins/com.st.stm32cube.ide.mcu.externaltools.gnu-tools-for-stm32.9-2020-q2-update.win32_1.5.0.202011040924/tools/bin/../lib/gcc/arm-none-eabi/9.3.1/thumb/v7e-m+fp/hard/crtbegin.o
LOAD c:/st/stm32cubeide_1.6.0/stm32cubeide/plugins/com.st.stm32cube.ide.mcu.externaltools.gnu-tools-for-stm32.9-2020-q2-update.win32_1.5.0.202011040924/tools/bin/../lib/gcc/arm-none-eabi/9.3.1/../../../../arm-none-eabi/lib/thumb/v7e-m+fp/hard/crt0.o
LOAD Core/Src/MainTask.o
LOAD Core/Src/main.o
LOAD Core/Src/stm32f7xx_hal_msp.o
LOAD Core/Src/stm32f7xx_it.o
LOAD Core/Src/syscalls.o
LOAD Core/Src/sysmem.o
LOAD Core/Src/system_stm32f7xx.o
LOAD Core/Startup/startup_stm32f750n8hx.o
LOAD Drivers/BSP/Components/ft5336/ft5336.o
LOAD Drivers/BSP/Components/ov9655/ov9655.o
LOAD Drivers/BSP/Components/wm8994/wm8994.o
LOAD Drivers/BSP/STM32F7508-Discovery/stm32f7508_discovery.o
LOAD Drivers/BSP/STM32F7508-Discovery/stm32f7508_discovery_audio.o
LOAD Drivers/BSP/STM32F7508-Discovery/stm32f7508_discovery_camera.o
LOAD Drivers/BSP/STM32F7508-Discovery/stm32f7508_discovery_eeprom.o
LOAD Drivers/BSP/STM32F7508-Discovery/stm32f7508_discovery_lcd.o
LOAD Drivers/BSP/STM32F7508-Discovery/stm32f7508_discovery_qspi.o
LOAD Drivers/BSP/STM32F7508-Discovery/stm32f7508_discovery_sd.o
LOAD Drivers/BSP/STM32F7508-Discovery/stm32f7508_discovery_sdram.o
LOAD Drivers/BSP/STM32F7508-Discovery/stm32f7508_discovery_ts.o
LOAD Drivers/STM32F7xx_HAL_Driver/Src/stm32f7xx_hal.o
LOAD Drivers/STM32F7xx_HAL_Driver/Src/stm32f7xx_hal_adc.o
LOAD Drivers/STM32F7xx_HAL_Driver/Src/stm32f7xx_hal_adc_ex.o
LOAD Drivers/STM32F7xx_HAL_Driver/Src/stm32f7xx_hal_cortex.o
LOAD Drivers/STM32F7xx_HAL_Driver/Src/stm32f7xx_hal_dcmi.o
LOAD Drivers/STM32F7xx_HAL_Driver/Src/stm32f7xx_hal_dcmi_ex.o
LOAD Drivers/STM32F7xx_HAL_Driver/Src/stm32f7xx_hal_dma.o
LOAD Drivers/STM32F7xx_HAL_Driver/Src/stm32f7xx_hal_dma2d.o
LOAD Drivers/STM32F7xx_HAL_Driver/Src/stm32f7xx_hal_dma_ex.o
LOAD Drivers/STM32F7xx_HAL_Driver/Src/stm32f7xx_hal_exti.o
LOAD Drivers/STM32F7xx_HAL_Driver/Src/stm32f7xx_hal_flash.o
LOAD Drivers/STM32F7xx_HAL_Driver/Src/stm32f7xx_hal_flash_ex.o
LOAD Drivers/STM32F7xx_HAL_Driver/Src/stm32f7xx_hal_gpio.o
LOAD Drivers/STM32F7xx_HAL_Driver/Src/stm32f7xx_hal_i2c.o
LOAD Drivers/STM32F7xx_HAL_Driver/Src/stm32f7xx_hal_i2c_ex.o
LOAD Drivers/STM32F7xx_HAL_Driver/Src/stm32f7xx_hal_i2s.o
LOAD Drivers/STM32F7xx_HAL_Driver/Src/stm32f7xx_hal_ltdc.o
LOAD Drivers/STM32F7xx_HAL_Driver/Src/stm32f7xx_hal_ltdc_ex.o
LOAD Drivers/STM32F7xx_HAL_Driver/Src/stm32f7xx_hal_pwr.o
LOAD Drivers/STM32F7xx_HAL_Driver/Src/stm32f7xx_hal_pwr_ex.o
LOAD Drivers/STM32F7xx_HAL_Driver/Src/stm32f7xx_hal_qspi.o
LOAD Drivers/STM32F7xx_HAL_Driver/Src/stm32f7xx_hal_rcc.o
LOAD Drivers/STM32F7xx_HAL_Driver/Src/stm32f7xx_hal_rcc_ex.o
LOAD Drivers/STM32F7xx_HAL_Driver/Src/stm32f7xx_hal_rtc.o
LOAD Drivers/STM32F7xx_HAL_Driver/Src/stm32f7xx_hal_rtc_ex.o
LOAD Drivers/STM32F7xx_HAL_Driver/Src/stm32f7xx_hal_sai.o
LOAD Drivers/STM32F7xx_HAL_Driver/Src/stm32f7xx_hal_sai_ex.o
LOAD Drivers/STM32F7xx_HAL_Driver/Src/stm32f7xx_hal_sd.o
LOAD Drivers/STM32F7xx_HAL_Driver/Src/stm32f7xx_hal_sdram.o
LOAD Drivers/STM32F7xx_HAL_Driver/Src/stm32f7xx_hal_sram.o
LOAD Drivers/STM32F7xx_HAL_Driver/Src/stm32f7xx_hal_tim.o
LOAD Drivers/STM32F7xx_HAL_Driver/Src/stm32f7xx_hal_tim_ex.o
LOAD Drivers/STM32F7xx_HAL_Driver/Src/stm32f7xx_hal_uart.o
LOAD Drivers/STM32F7xx_HAL_Driver/Src/stm32f7xx_hal_uart_ex.o
LOAD Drivers/STM32F7xx_HAL_Driver/Src/stm32f7xx_ll_fmc.o
LOAD Drivers/STM32F7xx_HAL_Driver/Src/stm32f7xx_ll_sdmmc.o
LOAD LCD_DISCO_F7508/LCD_DISCO_F7508.o
LOAD TS_DISCO_F7508/TS_DISCO_F7508.o
START GROUP
LOAD c:/st/stm32cubeide_1.6.0/stm32cubeide/plugins/com.st.stm32cube.ide.mcu.externaltools.gnu-tools-for-stm32.9-2020-q2-update.win32_1.5.0.202011040924/tools/bin/../lib/gcc/arm-none-eabi/9.3.1/../../../../arm-none-eabi/lib/thumb/v7e-m+fp/hard\libstdc++_nano.a
LOAD c:/st/stm32cubeide_1.6.0/stm32cubeide/plugins/com.st.stm32cube.ide.mcu.externaltools.gnu-tools-for-stm32.9-2020-q2-update.win32_1.5.0.202011040924/tools/bin/../lib/gcc/arm-none-eabi/9.3.1/../../../../arm-none-eabi/lib/thumb/v7e-m+fp/hard\libsupc++_nano.a
END GROUP
LOAD c:/st/stm32cubeide_1.6.0/stm32cubeide/plugins/com.st.stm32cube.ide.mcu.externaltools.gnu-tools-for-stm32.9-2020-q2-update.win32_1.5.0.202011040924/tools/bin/../lib/gcc/arm-none-eabi/9.3.1/../../../../arm-none-eabi/lib/thumb/v7e-m+fp/hard\libstdc++_nano.a
LOAD c:/st/stm32cubeide_1.6.0/stm32cubeide/plugins/com.st.stm32cube.ide.mcu.externaltools.gnu-tools-for-stm32.9-2020-q2-update.win32_1.5.0.202011040924/tools/bin/../lib/gcc/arm-none-eabi/9.3.1/../../../../arm-none-eabi/lib/thumb/v7e-m+fp/hard\libm.a
LOAD c:/st/stm32cubeide_1.6.0/stm32cubeide/plugins/com.st.stm32cube.ide.mcu.externaltools.gnu-tools-for-stm32.9-2020-q2-update.win32_1.5.0.202011040924/tools/bin/../lib/gcc/arm-none-eabi/9.3.1/../../../../arm-none-eabi/lib/thumb/v7e-m+fp/hard\libc_nano.a
START GROUP
LOAD c:/st/stm32cubeide_1.6.0/stm32cubeide/plugins/com.st.stm32cube.ide.mcu.externaltools.gnu-tools-for-stm32.9-2020-q2-update.win32_1.5.0.202011040924/tools/bin/../lib/gcc/arm-none-eabi/9.3.1/thumb/v7e-m+fp/hard\libgcc.a
LOAD c:/st/stm32cubeide_1.6.0/stm32cubeide/plugins/com.st.stm32cube.ide.mcu.externaltools.gnu-tools-for-stm32.9-2020-q2-update.win32_1.5.0.202011040924/tools/bin/../lib/gcc/arm-none-eabi/9.3.1/../../../../arm-none-eabi/lib/thumb/v7e-m+fp/hard\libc_nano.a
END GROUP
START GROUP
LOAD c:/st/stm32cubeide_1.6.0/stm32cubeide/plugins/com.st.stm32cube.ide.mcu.externaltools.gnu-tools-for-stm32.9-2020-q2-update.win32_1.5.0.202011040924/tools/bin/../lib/gcc/arm-none-eabi/9.3.1/thumb/v7e-m+fp/hard\libgcc.a
LOAD c:/st/stm32cubeide_1.6.0/stm32cubeide/plugins/com.st.stm32cube.ide.mcu.externaltools.gnu-tools-for-stm32.9-2020-q2-update.win32_1.5.0.202011040924/tools/bin/../lib/gcc/arm-none-eabi/9.3.1/../../../../arm-none-eabi/lib/thumb/v7e-m+fp/hard\libc_nano.a
LOAD c:/st/stm32cubeide_1.6.0/stm32cubeide/plugins/com.st.stm32cube.ide.mcu.externaltools.gnu-tools-for-stm32.9-2020-q2-update.win32_1.5.0.202011040924/tools/bin/../lib/gcc/arm-none-eabi/9.3.1/../../../../arm-none-eabi/lib/thumb/v7e-m+fp/hard\libnosys.a
END GROUP
START GROUP
LOAD c:/st/stm32cubeide_1.6.0/stm32cubeide/plugins/com.st.stm32cube.ide.mcu.externaltools.gnu-tools-for-stm32.9-2020-q2-update.win32_1.5.0.202011040924/tools/bin/../lib/gcc/arm-none-eabi/9.3.1/thumb/v7e-m+fp/hard\libgcc.a
LOAD c:/st/stm32cubeide_1.6.0/stm32cubeide/plugins/com.st.stm32cube.ide.mcu.externaltools.gnu-tools-for-stm32.9-2020-q2-update.win32_1.5.0.202011040924/tools/bin/../lib/gcc/arm-none-eabi/9.3.1/../../../../arm-none-eabi/lib/thumb/v7e-m+fp/hard\libc_nano.a
LOAD c:/st/stm32cubeide_1.6.0/stm32cubeide/plugins/com.st.stm32cube.ide.mcu.externaltools.gnu-tools-for-stm32.9-2020-q2-update.win32_1.5.0.202011040924/tools/bin/../lib/gcc/arm-none-eabi/9.3.1/../../../../arm-none-eabi/lib/thumb/v7e-m+fp/hard\libnosys.a
END GROUP
LOAD c:/st/stm32cubeide_1.6.0/stm32cubeide/plugins/com.st.stm32cube.ide.mcu.externaltools.gnu-tools-for-stm32.9-2020-q2-update.win32_1.5.0.202011040924/tools/bin/../lib/gcc/arm-none-eabi/9.3.1/thumb/v7e-m+fp/hard/crtend.o
LOAD c:/st/stm32cubeide_1.6.0/stm32cubeide/plugins/com.st.stm32cube.ide.mcu.externaltools.gnu-tools-for-stm32.9-2020-q2-update.win32_1.5.0.202011040924/tools/bin/../lib/gcc/arm-none-eabi/9.3.1/thumb/v7e-m+fp/hard/crtn.o
                0x0000000020050000                _estack = 0x20050000
                0x0000000000000400                _Min_Heap_Size = 0x400
                0x0000000000000800                _Min_Stack_Size = 0x800

.isr_vector     0x0000000090000000      0x1c8
                0x0000000090000000                . = ALIGN (0x4)
 *(.isr_vector)
 .isr_vector    0x0000000090000000      0x1c8 Core/Startup/startup_stm32f750n8hx.o
                0x0000000090000000                g_pfnVectors
                0x00000000900001c8                . = ALIGN (0x4)

.text           0x00000000900001d0     0x6494
                0x00000000900001d0                . = ALIGN (0x4)
 *(.text)
 .text          0x00000000900001d0       0x40 c:/st/stm32cubeide_1.6.0/stm32cubeide/plugins/com.st.stm32cube.ide.mcu.externaltools.gnu-tools-for-stm32.9-2020-q2-update.win32_1.5.0.202011040924/tools/bin/../lib/gcc/arm-none-eabi/9.3.1/thumb/v7e-m+fp/hard/crtbegin.o
 .text          0x0000000090000210       0xa0 c:/st/stm32cubeide_1.6.0/stm32cubeide/plugins/com.st.stm32cube.ide.mcu.externaltools.gnu-tools-for-stm32.9-2020-q2-update.win32_1.5.0.202011040924/tools/bin/../lib/gcc/arm-none-eabi/9.3.1/../../../../arm-none-eabi/lib/thumb/v7e-m+fp/hard\libc_nano.a(lib_a-memchr.o)
                0x0000000090000210                memchr
 .text          0x00000000900002b0       0x30 c:/st/stm32cubeide_1.6.0/stm32cubeide/plugins/com.st.stm32cube.ide.mcu.externaltools.gnu-tools-for-stm32.9-2020-q2-update.win32_1.5.0.202011040924/tools/bin/../lib/gcc/arm-none-eabi/9.3.1/thumb/v7e-m+fp/hard\libgcc.a(_aeabi_uldivmod.o)
                0x00000000900002b0                __aeabi_uldivmod
 .text          0x00000000900002e0      0x2c4 c:/st/stm32cubeide_1.6.0/stm32cubeide/plugins/com.st.stm32cube.ide.mcu.externaltools.gnu-tools-for-stm32.9-2020-q2-update.win32_1.5.0.202011040924/tools/bin/../lib/gcc/arm-none-eabi/9.3.1/thumb/v7e-m+fp/hard\libgcc.a(_udivmoddi4.o)
                0x00000000900002e0                __udivmoddi4
 .text          0x00000000900005a4        0x4 c:/st/stm32cubeide_1.6.0/stm32cubeide/plugins/com.st.stm32cube.ide.mcu.externaltools.gnu-tools-for-stm32.9-2020-q2-update.win32_1.5.0.202011040924/tools/bin/../lib/gcc/arm-none-eabi/9.3.1/thumb/v7e-m+fp/hard\libgcc.a(_dvmd_tls.o)
                0x00000000900005a4                __aeabi_idiv0
                0x00000000900005a4                __aeabi_ldiv0
 *(.text*)
 .text.MainTask
                0x00000000900005a8      0x2bc Core/Src/MainTask.o
                0x00000000900005a8                MainTask
 .text.main     0x0000000090000864       0x16 Core/Src/main.o
                0x0000000090000864                main
 *fill*         0x000000009000087a        0x2 
 .text.SystemClock_Config
                0x000000009000087c       0xdc Core/Src/main.o
                0x000000009000087c                SystemClock_Config
 .text.Error_Handler
                0x0000000090000958        0xa Core/Src/main.o
                0x0000000090000958                Error_Handler
 *fill*         0x0000000090000962        0x2 
 .text.HAL_MspInit
                0x0000000090000964       0x48 Core/Src/stm32f7xx_hal_msp.o
                0x0000000090000964                HAL_MspInit
 .text.NMI_Handler
                0x00000000900009ac        0x6 Core/Src/stm32f7xx_it.o
                0x00000000900009ac                NMI_Handler
 .text.HardFault_Handler
                0x00000000900009b2        0x6 Core/Src/stm32f7xx_it.o
                0x00000000900009b2                HardFault_Handler
 .text.MemManage_Handler
                0x00000000900009b8        0x6 Core/Src/stm32f7xx_it.o
                0x00000000900009b8                MemManage_Handler
 .text.BusFault_Handler
                0x00000000900009be        0x6 Core/Src/stm32f7xx_it.o
                0x00000000900009be                BusFault_Handler
 .text.UsageFault_Handler
                0x00000000900009c4        0x6 Core/Src/stm32f7xx_it.o
                0x00000000900009c4                UsageFault_Handler
 .text.SVC_Handler
                0x00000000900009ca        0xe Core/Src/stm32f7xx_it.o
                0x00000000900009ca                SVC_Handler
 .text.DebugMon_Handler
                0x00000000900009d8        0xe Core/Src/stm32f7xx_it.o
                0x00000000900009d8                DebugMon_Handler
 .text.PendSV_Handler
                0x00000000900009e6        0xe Core/Src/stm32f7xx_it.o
                0x00000000900009e6                PendSV_Handler
 .text.SysTick_Handler
                0x00000000900009f4        0xc Core/Src/stm32f7xx_it.o
                0x00000000900009f4                SysTick_Handler
 .text._sbrk    0x0000000090000a00       0x6c Core/Src/sysmem.o
                0x0000000090000a00                _sbrk
 .text.SystemInit
                0x0000000090000a6c       0x6c Core/Src/system_stm32f7xx.o
                0x0000000090000a6c                SystemInit
 .text.Reset_Handler
                0x0000000090000ad8       0x50 Core/Startup/startup_stm32f750n8hx.o
                0x0000000090000ad8                Reset_Handler
 .text.Default_Handler
                0x0000000090000b28        0x2 Core/Startup/startup_stm32f750n8hx.o
                0x0000000090000b28                RTC_Alarm_IRQHandler
                0x0000000090000b28                HASH_RNG_IRQHandler
                0x0000000090000b28                EXTI2_IRQHandler
                0x0000000090000b28                TIM8_CC_IRQHandler
                0x0000000090000b28                UART8_IRQHandler
                0x0000000090000b28                SPI4_IRQHandler
                0x0000000090000b28                TIM1_CC_IRQHandler
                0x0000000090000b28                DMA2_Stream5_IRQHandler
                0x0000000090000b28                DMA1_Stream5_IRQHandler
                0x0000000090000b28                PVD_IRQHandler
                0x0000000090000b28                TAMP_STAMP_IRQHandler
                0x0000000090000b28                CAN2_RX1_IRQHandler
                0x0000000090000b28                EXTI3_IRQHandler
                0x0000000090000b28                TIM8_TRG_COM_TIM14_IRQHandler
                0x0000000090000b28                TIM1_UP_TIM10_IRQHandler
                0x0000000090000b28                TIM8_UP_TIM13_IRQHandler
                0x0000000090000b28                I2C3_ER_IRQHandler
                0x0000000090000b28                EXTI0_IRQHandler
                0x0000000090000b28                I2C2_EV_IRQHandler
                0x0000000090000b28                DMA1_Stream2_IRQHandler
                0x0000000090000b28                CAN1_RX0_IRQHandler
                0x0000000090000b28                FPU_IRQHandler
                0x0000000090000b28                OTG_HS_WKUP_IRQHandler
                0x0000000090000b28                LTDC_ER_IRQHandler
                0x0000000090000b28                CAN2_SCE_IRQHandler
                0x0000000090000b28                DMA2_Stream2_IRQHandler
                0x0000000090000b28                SPI1_IRQHandler
                0x0000000090000b28                TIM6_DAC_IRQHandler
                0x0000000090000b28                TIM1_BRK_TIM9_IRQHandler
                0x0000000090000b28                DCMI_IRQHandler
                0x0000000090000b28                CAN2_RX0_IRQHandler
                0x0000000090000b28                DMA2_Stream3_IRQHandler
                0x0000000090000b28                SAI2_IRQHandler
                0x0000000090000b28                USART6_IRQHandler
                0x0000000090000b28                USART3_IRQHandler
                0x0000000090000b28                CRYP_IRQHandler
                0x0000000090000b28                CAN1_RX1_IRQHandler
                0x0000000090000b28                UART5_IRQHandler
                0x0000000090000b28                DMA2_Stream0_IRQHandler
                0x0000000090000b28                TIM4_IRQHandler
                0x0000000090000b28                QUADSPI_IRQHandler
                0x0000000090000b28                I2C1_EV_IRQHandler
                0x0000000090000b28                DMA1_Stream6_IRQHandler
                0x0000000090000b28                DMA1_Stream1_IRQHandler
                0x0000000090000b28                UART4_IRQHandler
                0x0000000090000b28                TIM3_IRQHandler
                0x0000000090000b28                RCC_IRQHandler
                0x0000000090000b28                TIM8_BRK_TIM12_IRQHandler
                0x0000000090000b28                Default_Handler
                0x0000000090000b28                CEC_IRQHandler
                0x0000000090000b28                EXTI15_10_IRQHandler
                0x0000000090000b28                ADC_IRQHandler
                0x0000000090000b28                DMA1_Stream7_IRQHandler
                0x0000000090000b28                SPI5_IRQHandler
                0x0000000090000b28                TIM7_IRQHandler
                0x0000000090000b28                SDMMC1_IRQHandler
                0x0000000090000b28                CAN2_TX_IRQHandler
                0x0000000090000b28                TIM5_IRQHandler
                0x0000000090000b28                DMA2_Stream7_IRQHandler
                0x0000000090000b28                I2C3_EV_IRQHandler
                0x0000000090000b28                EXTI9_5_IRQHandler
                0x0000000090000b28                RTC_WKUP_IRQHandler
                0x0000000090000b28                LTDC_IRQHandler
                0x0000000090000b28                ETH_WKUP_IRQHandler
                0x0000000090000b28                SPDIF_RX_IRQHandler
                0x0000000090000b28                SPI2_IRQHandler
                0x0000000090000b28                OTG_HS_EP1_IN_IRQHandler
                0x0000000090000b28                DMA1_Stream0_IRQHandler
                0x0000000090000b28                CAN1_TX_IRQHandler
                0x0000000090000b28                EXTI4_IRQHandler
                0x0000000090000b28                ETH_IRQHandler
                0x0000000090000b28                OTG_HS_EP1_OUT_IRQHandler
                0x0000000090000b28                WWDG_IRQHandler
                0x0000000090000b28                SPI6_IRQHandler
                0x0000000090000b28                I2C4_EV_IRQHandler
                0x0000000090000b28                TIM2_IRQHandler
                0x0000000090000b28                OTG_FS_WKUP_IRQHandler
                0x0000000090000b28                TIM1_TRG_COM_TIM11_IRQHandler
                0x0000000090000b28                OTG_HS_IRQHandler
                0x0000000090000b28                DMA2D_IRQHandler
                0x0000000090000b28                EXTI1_IRQHandler
                0x0000000090000b28                UART7_IRQHandler
                0x0000000090000b28                USART2_IRQHandler
                0x0000000090000b28                I2C2_ER_IRQHandler
                0x0000000090000b28                DMA2_Stream1_IRQHandler
                0x0000000090000b28                CAN1_SCE_IRQHandler
                0x0000000090000b28                FLASH_IRQHandler
                0x0000000090000b28                DMA2_Stream4_IRQHandler
                0x0000000090000b28                USART1_IRQHandler
                0x0000000090000b28                OTG_FS_IRQHandler
                0x0000000090000b28                SPI3_IRQHandler
                0x0000000090000b28                DMA1_Stream4_IRQHandler
                0x0000000090000b28                I2C1_ER_IRQHandler
                0x0000000090000b28                FMC_IRQHandler
                0x0000000090000b28                LPTIM1_IRQHandler
                0x0000000090000b28                I2C4_ER_IRQHandler
                0x0000000090000b28                DMA2_Stream6_IRQHandler
                0x0000000090000b28                SAI1_IRQHandler
                0x0000000090000b28                DMA1_Stream3_IRQHandler
 .text.ft5336_Init
                0x0000000090000b2a       0x1c Drivers/BSP/Components/ft5336/ft5336.o
                0x0000000090000b2a                ft5336_Init
 .text.ft5336_Reset
                0x0000000090000b46       0x16 Drivers/BSP/Components/ft5336/ft5336.o
                0x0000000090000b46                ft5336_Reset
 .text.ft5336_ReadID
                0x0000000090000b5c       0x5c Drivers/BSP/Components/ft5336/ft5336.o
                0x0000000090000b5c                ft5336_ReadID
 .text.ft5336_TS_Start
                0x0000000090000bb8       0x22 Drivers/BSP/Components/ft5336/ft5336.o
                0x0000000090000bb8                ft5336_TS_Start
 *fill*         0x0000000090000bda        0x2 
 .text.ft5336_TS_DetectTouch
                0x0000000090000bdc       0x54 Drivers/BSP/Components/ft5336/ft5336.o
                0x0000000090000bdc                ft5336_TS_DetectTouch
 .text.ft5336_TS_GetXY
                0x0000000090000c30      0x1e0 Drivers/BSP/Components/ft5336/ft5336.o
                0x0000000090000c30                ft5336_TS_GetXY
 .text.ft5336_TS_EnableIT
                0x0000000090000e10       0x28 Drivers/BSP/Components/ft5336/ft5336.o
                0x0000000090000e10                ft5336_TS_EnableIT
 .text.ft5336_TS_DisableIT
                0x0000000090000e38       0x28 Drivers/BSP/Components/ft5336/ft5336.o
                0x0000000090000e38                ft5336_TS_DisableIT
 .text.ft5336_TS_ITStatus
                0x0000000090000e60       0x18 Drivers/BSP/Components/ft5336/ft5336.o
                0x0000000090000e60                ft5336_TS_ITStatus
 .text.ft5336_TS_ClearIT
                0x0000000090000e78       0x16 Drivers/BSP/Components/ft5336/ft5336.o
                0x0000000090000e78                ft5336_TS_ClearIT
 .text.ft5336_TS_GetGestureID
                0x0000000090000e8e       0x32 Drivers/BSP/Components/ft5336/ft5336.o
                0x0000000090000e8e                ft5336_TS_GetGestureID
 .text.ft5336_TS_GetTouchInfo
                0x0000000090000ec0      0x15c Drivers/BSP/Components/ft5336/ft5336.o
                0x0000000090000ec0                ft5336_TS_GetTouchInfo
 .text.ft5336_Get_I2C_InitializedStatus
                0x000000009000101c       0x18 Drivers/BSP/Components/ft5336/ft5336.o
 .text.ft5336_I2C_InitializeIfRequired
                0x0000000090001034       0x20 Drivers/BSP/Components/ft5336/ft5336.o
 .text.ft5336_TS_Configure
                0x0000000090001054       0x1c Drivers/BSP/Components/ft5336/ft5336.o
 .text.I2Cx_MspInit
                0x0000000090001070      0x160 Drivers/BSP/STM32F7508-Discovery/stm32f7508_discovery.o
 .text.I2Cx_Init
                0x00000000900011d0       0x78 Drivers/BSP/STM32F7508-Discovery/stm32f7508_discovery.o
 .text.I2Cx_ReadMultiple
                0x0000000090001248       0x5a Drivers/BSP/STM32F7508-Discovery/stm32f7508_discovery.o
 .text.I2Cx_WriteMultiple
                0x00000000900012a2       0x5a Drivers/BSP/STM32F7508-Discovery/stm32f7508_discovery.o
 .text.I2Cx_Error
                0x00000000900012fc       0x20 Drivers/BSP/STM32F7508-Discovery/stm32f7508_discovery.o
 .text.TS_IO_Init
                0x000000009000131c       0x14 Drivers/BSP/STM32F7508-Discovery/stm32f7508_discovery.o
                0x000000009000131c                TS_IO_Init
 .text.TS_IO_Write
                0x0000000090001330       0x34 Drivers/BSP/STM32F7508-Discovery/stm32f7508_discovery.o
                0x0000000090001330                TS_IO_Write
 .text.TS_IO_Read
                0x0000000090001364       0x3c Drivers/BSP/STM32F7508-Discovery/stm32f7508_discovery.o
                0x0000000090001364                TS_IO_Read
 .text.TS_IO_Delay
                0x00000000900013a0       0x16 Drivers/BSP/STM32F7508-Discovery/stm32f7508_discovery.o
                0x00000000900013a0                TS_IO_Delay
 *fill*         0x00000000900013b6        0x2 
 .text.BSP_LCD_Init
                0x00000000900013b8       0xe0 Drivers/BSP/STM32F7508-Discovery/stm32f7508_discovery_lcd.o
                0x00000000900013b8                BSP_LCD_Init
 .text.BSP_LCD_GetXSize
                0x0000000090001498       0x28 Drivers/BSP/STM32F7508-Discovery/stm32f7508_discovery_lcd.o
                0x0000000090001498                BSP_LCD_GetXSize
 .text.BSP_LCD_GetYSize
                0x00000000900014c0       0x28 Drivers/BSP/STM32F7508-Discovery/stm32f7508_discovery_lcd.o
                0x00000000900014c0                BSP_LCD_GetYSize
 .text.BSP_LCD_LayerDefaultInit
                0x00000000900014e8       0xc0 Drivers/BSP/STM32F7508-Discovery/stm32f7508_discovery_lcd.o
                0x00000000900014e8                BSP_LCD_LayerDefaultInit
 .text.BSP_LCD_SelectLayer
                0x00000000900015a8       0x20 Drivers/BSP/STM32F7508-Discovery/stm32f7508_discovery_lcd.o
                0x00000000900015a8                BSP_LCD_SelectLayer
 .text.BSP_LCD_SetTextColor
                0x00000000900015c8       0x30 Drivers/BSP/STM32F7508-Discovery/stm32f7508_discovery_lcd.o
                0x00000000900015c8                BSP_LCD_SetTextColor
 .text.BSP_LCD_SetBackColor
                0x00000000900015f8       0x34 Drivers/BSP/STM32F7508-Discovery/stm32f7508_discovery_lcd.o
                0x00000000900015f8                BSP_LCD_SetBackColor
 .text.BSP_LCD_SetFont
                0x000000009000162c       0x34 Drivers/BSP/STM32F7508-Discovery/stm32f7508_discovery_lcd.o
                0x000000009000162c                BSP_LCD_SetFont
 .text.BSP_LCD_GetFont
                0x0000000090001660       0x2c Drivers/BSP/STM32F7508-Discovery/stm32f7508_discovery_lcd.o
                0x0000000090001660                BSP_LCD_GetFont
 .text.BSP_LCD_Clear
                0x000000009000168c       0x50 Drivers/BSP/STM32F7508-Discovery/stm32f7508_discovery_lcd.o
                0x000000009000168c                BSP_LCD_Clear
 .text.BSP_LCD_ClearStringLine
                0x00000000900016dc       0xc8 Drivers/BSP/STM32F7508-Discovery/stm32f7508_discovery_lcd.o
                0x00000000900016dc                BSP_LCD_ClearStringLine
 .text.BSP_LCD_DisplayChar
                0x00000000900017a4       0x88 Drivers/BSP/STM32F7508-Discovery/stm32f7508_discovery_lcd.o
                0x00000000900017a4                BSP_LCD_DisplayChar
 .text.BSP_LCD_DisplayStringAt
                0x000000009000182c      0x190 Drivers/BSP/STM32F7508-Discovery/stm32f7508_discovery_lcd.o
                0x000000009000182c                BSP_LCD_DisplayStringAt
 .text.BSP_LCD_DrawPixel
                0x00000000900019bc       0x90 Drivers/BSP/STM32F7508-Discovery/stm32f7508_discovery_lcd.o
                0x00000000900019bc                BSP_LCD_DrawPixel
 .text.BSP_LCD_FillRect
                0x0000000090001a4c       0xf4 Drivers/BSP/STM32F7508-Discovery/stm32f7508_discovery_lcd.o
                0x0000000090001a4c                BSP_LCD_FillRect
 .text.BSP_LCD_DisplayOn
                0x0000000090001b40       0x3c Drivers/BSP/STM32F7508-Discovery/stm32f7508_discovery_lcd.o
                0x0000000090001b40                BSP_LCD_DisplayOn
 .text.BSP_LCD_MspInit
                0x0000000090001b7c      0x1b4 Drivers/BSP/STM32F7508-Discovery/stm32f7508_discovery_lcd.o
                0x0000000090001b7c                BSP_LCD_MspInit
 .text.BSP_LCD_ClockConfig
                0x0000000090001d30       0x38 Drivers/BSP/STM32F7508-Discovery/stm32f7508_discovery_lcd.o
                0x0000000090001d30                BSP_LCD_ClockConfig
 .text.DrawChar
                0x0000000090001d68      0x170 Drivers/BSP/STM32F7508-Discovery/stm32f7508_discovery_lcd.o
 .text.LL_FillBuffer
                0x0000000090001ed8       0x98 Drivers/BSP/STM32F7508-Discovery/stm32f7508_discovery_lcd.o
 .text.BSP_SDRAM_Init
                0x0000000090001f70       0xbc Drivers/BSP/STM32F7508-Discovery/stm32f7508_discovery_sdram.o
                0x0000000090001f70                BSP_SDRAM_Init
 .text.BSP_SDRAM_Initialization_sequence
                0x000000009000202c       0xc0 Drivers/BSP/STM32F7508-Discovery/stm32f7508_discovery_sdram.o
                0x000000009000202c                BSP_SDRAM_Initialization_sequence
 .text.BSP_SDRAM_MspInit
                0x00000000900020ec      0x1f0 Drivers/BSP/STM32F7508-Discovery/stm32f7508_discovery_sdram.o
                0x00000000900020ec                BSP_SDRAM_MspInit
 .text.BSP_TS_Init
                0x00000000900022dc       0x80 Drivers/BSP/STM32F7508-Discovery/stm32f7508_discovery_ts.o
                0x00000000900022dc                BSP_TS_Init
 .text.BSP_TS_GetState
                0x000000009000235c      0x3ac Drivers/BSP/STM32F7508-Discovery/stm32f7508_discovery_ts.o
                0x000000009000235c                BSP_TS_GetState
 .text.BSP_TS_Get_GestureId
                0x0000000090002708      0x104 Drivers/BSP/STM32F7508-Discovery/stm32f7508_discovery_ts.o
                0x0000000090002708                BSP_TS_Get_GestureId
 .text.HAL_Init
                0x000000009000280c       0x2c Drivers/STM32F7xx_HAL_Driver/Src/stm32f7xx_hal.o
                0x000000009000280c                HAL_Init
 .text.HAL_InitTick
                0x0000000090002838       0x60 Drivers/STM32F7xx_HAL_Driver/Src/stm32f7xx_hal.o
                0x0000000090002838                HAL_InitTick
 .text.HAL_IncTick
                0x0000000090002898       0x28 Drivers/STM32F7xx_HAL_Driver/Src/stm32f7xx_hal.o
                0x0000000090002898                HAL_IncTick
 .text.HAL_GetTick
                0x00000000900028c0       0x18 Drivers/STM32F7xx_HAL_Driver/Src/stm32f7xx_hal.o
                0x00000000900028c0                HAL_GetTick
 .text.HAL_Delay
                0x00000000900028d8       0x48 Drivers/STM32F7xx_HAL_Driver/Src/stm32f7xx_hal.o
                0x00000000900028d8                HAL_Delay
 .text.__NVIC_SetPriorityGrouping
                0x0000000090002920       0x48 Drivers/STM32F7xx_HAL_Driver/Src/stm32f7xx_hal_cortex.o
 .text.__NVIC_GetPriorityGrouping
                0x0000000090002968       0x1c Drivers/STM32F7xx_HAL_Driver/Src/stm32f7xx_hal_cortex.o
 .text.__NVIC_EnableIRQ
                0x0000000090002984       0x3c Drivers/STM32F7xx_HAL_Driver/Src/stm32f7xx_hal_cortex.o
 .text.__NVIC_SetPriority
                0x00000000900029c0       0x54 Drivers/STM32F7xx_HAL_Driver/Src/stm32f7xx_hal_cortex.o
 .text.NVIC_EncodePriority
                0x0000000090002a14       0x66 Drivers/STM32F7xx_HAL_Driver/Src/stm32f7xx_hal_cortex.o
 *fill*         0x0000000090002a7a        0x2 
 .text.SysTick_Config
                0x0000000090002a7c       0x44 Drivers/STM32F7xx_HAL_Driver/Src/stm32f7xx_hal_cortex.o
 .text.HAL_NVIC_SetPriorityGrouping
                0x0000000090002ac0       0x16 Drivers/STM32F7xx_HAL_Driver/Src/stm32f7xx_hal_cortex.o
                0x0000000090002ac0                HAL_NVIC_SetPriorityGrouping
 .text.HAL_NVIC_SetPriority
                0x0000000090002ad6       0x38 Drivers/STM32F7xx_HAL_Driver/Src/stm32f7xx_hal_cortex.o
                0x0000000090002ad6                HAL_NVIC_SetPriority
 .text.HAL_NVIC_EnableIRQ
                0x0000000090002b0e       0x1c Drivers/STM32F7xx_HAL_Driver/Src/stm32f7xx_hal_cortex.o
                0x0000000090002b0e                HAL_NVIC_EnableIRQ
 .text.HAL_SYSTICK_Config
                0x0000000090002b2a       0x18 Drivers/STM32F7xx_HAL_Driver/Src/stm32f7xx_hal_cortex.o
                0x0000000090002b2a                HAL_SYSTICK_Config
 *fill*         0x0000000090002b42        0x2 
 .text.HAL_DMA_Init
                0x0000000090002b44      0x15c Drivers/STM32F7xx_HAL_Driver/Src/stm32f7xx_hal_dma.o
                0x0000000090002b44                HAL_DMA_Init
 .text.HAL_DMA_DeInit
                0x0000000090002ca0       0xbc Drivers/STM32F7xx_HAL_Driver/Src/stm32f7xx_hal_dma.o
                0x0000000090002ca0                HAL_DMA_DeInit
 .text.DMA_CalcBaseAndBitshift
                0x0000000090002d5c       0x6c Drivers/STM32F7xx_HAL_Driver/Src/stm32f7xx_hal_dma.o
 .text.DMA_CheckFifoParam
                0x0000000090002dc8       0xf8 Drivers/STM32F7xx_HAL_Driver/Src/stm32f7xx_hal_dma.o
 .text.HAL_DMA2D_Init
                0x0000000090002ec0       0x94 Drivers/STM32F7xx_HAL_Driver/Src/stm32f7xx_hal_dma2d.o
                0x0000000090002ec0                HAL_DMA2D_Init
 .text.HAL_DMA2D_MspInit
                0x0000000090002f54       0x14 Drivers/STM32F7xx_HAL_Driver/Src/stm32f7xx_hal_dma2d.o
                0x0000000090002f54                HAL_DMA2D_MspInit
 .text.HAL_DMA2D_Start
                0x0000000090002f68       0x56 Drivers/STM32F7xx_HAL_Driver/Src/stm32f7xx_hal_dma2d.o
                0x0000000090002f68                HAL_DMA2D_Start
 .text.HAL_DMA2D_PollForTransfer
                0x0000000090002fbe      0x1d2 Drivers/STM32F7xx_HAL_Driver/Src/stm32f7xx_hal_dma2d.o
                0x0000000090002fbe                HAL_DMA2D_PollForTransfer
 .text.HAL_DMA2D_ConfigLayer
                0x0000000090003190      0x124 Drivers/STM32F7xx_HAL_Driver/Src/stm32f7xx_hal_dma2d.o
                0x0000000090003190                HAL_DMA2D_ConfigLayer
 .text.DMA2D_SetConfig
                0x00000000900032b4      0x138 Drivers/STM32F7xx_HAL_Driver/Src/stm32f7xx_hal_dma2d.o
 .text.HAL_GPIO_Init
                0x00000000900033ec      0x358 Drivers/STM32F7xx_HAL_Driver/Src/stm32f7xx_hal_gpio.o
                0x00000000900033ec                HAL_GPIO_Init
 .text.HAL_GPIO_WritePin
                0x0000000090003744       0x32 Drivers/STM32F7xx_HAL_Driver/Src/stm32f7xx_hal_gpio.o
                0x0000000090003744                HAL_GPIO_WritePin
 *fill*         0x0000000090003776        0x2 
 .text.HAL_I2C_Init
                0x0000000090003778      0x120 Drivers/STM32F7xx_HAL_Driver/Src/stm32f7xx_hal_i2c.o
                0x0000000090003778                HAL_I2C_Init
 .text.HAL_I2C_DeInit
                0x0000000090003898       0x5e Drivers/STM32F7xx_HAL_Driver/Src/stm32f7xx_hal_i2c.o
                0x0000000090003898                HAL_I2C_DeInit
 .text.HAL_I2C_MspInit
                0x00000000900038f6       0x14 Drivers/STM32F7xx_HAL_Driver/Src/stm32f7xx_hal_i2c.o
                0x00000000900038f6                HAL_I2C_MspInit
 .text.HAL_I2C_MspDeInit
                0x000000009000390a       0x14 Drivers/STM32F7xx_HAL_Driver/Src/stm32f7xx_hal_i2c.o
                0x000000009000390a                HAL_I2C_MspDeInit
 *fill*         0x000000009000391e        0x2 
 .text.HAL_I2C_Mem_Write
                0x0000000090003920      0x228 Drivers/STM32F7xx_HAL_Driver/Src/stm32f7xx_hal_i2c.o
                0x0000000090003920                HAL_I2C_Mem_Write
 .text.HAL_I2C_Mem_Read
                0x0000000090003b48      0x234 Drivers/STM32F7xx_HAL_Driver/Src/stm32f7xx_hal_i2c.o
                0x0000000090003b48                HAL_I2C_Mem_Read
 .text.HAL_I2C_GetState
                0x0000000090003d7c       0x1c Drivers/STM32F7xx_HAL_Driver/Src/stm32f7xx_hal_i2c.o
                0x0000000090003d7c                HAL_I2C_GetState
 .text.I2C_RequestMemoryWrite
                0x0000000090003d98       0xa8 Drivers/STM32F7xx_HAL_Driver/Src/stm32f7xx_hal_i2c.o
 .text.I2C_RequestMemoryRead
                0x0000000090003e40       0xa8 Drivers/STM32F7xx_HAL_Driver/Src/stm32f7xx_hal_i2c.o
 .text.I2C_Flush_TXDR
                0x0000000090003ee8       0x48 Drivers/STM32F7xx_HAL_Driver/Src/stm32f7xx_hal_i2c.o
 .text.I2C_WaitOnFlagUntilTimeout
                0x0000000090003f30       0x80 Drivers/STM32F7xx_HAL_Driver/Src/stm32f7xx_hal_i2c.o
 .text.I2C_WaitOnTXISFlagUntilTimeout
                0x0000000090003fb0       0x80 Drivers/STM32F7xx_HAL_Driver/Src/stm32f7xx_hal_i2c.o
 .text.I2C_WaitOnSTOPFlagUntilTimeout
                0x0000000090004030       0x78 Drivers/STM32F7xx_HAL_Driver/Src/stm32f7xx_hal_i2c.o
 .text.I2C_IsAcknowledgeFailed
                0x00000000900040a8       0xcc Drivers/STM32F7xx_HAL_Driver/Src/stm32f7xx_hal_i2c.o
 .text.I2C_TransferConfig
                0x0000000090004174       0x5c Drivers/STM32F7xx_HAL_Driver/Src/stm32f7xx_hal_i2c.o
 .text.HAL_LTDC_Init
                0x00000000900041d0      0x1a0 Drivers/STM32F7xx_HAL_Driver/Src/stm32f7xx_hal_ltdc.o
                0x00000000900041d0                HAL_LTDC_Init
 .text.HAL_LTDC_MspInit
                0x0000000090004370       0x14 Drivers/STM32F7xx_HAL_Driver/Src/stm32f7xx_hal_ltdc.o
                0x0000000090004370                HAL_LTDC_MspInit
 .text.HAL_LTDC_ConfigLayer
                0x0000000090004384       0x7c Drivers/STM32F7xx_HAL_Driver/Src/stm32f7xx_hal_ltdc.o
                0x0000000090004384                HAL_LTDC_ConfigLayer
 .text.HAL_LTDC_GetState
                0x0000000090004400       0x1c Drivers/STM32F7xx_HAL_Driver/Src/stm32f7xx_hal_ltdc.o
                0x0000000090004400                HAL_LTDC_GetState
 .text.LTDC_SetConfig
                0x000000009000441c      0x334 Drivers/STM32F7xx_HAL_Driver/Src/stm32f7xx_hal_ltdc.o
 .text.HAL_PWREx_EnableOverDrive
                0x0000000090004750       0xa0 Drivers/STM32F7xx_HAL_Driver/Src/stm32f7xx_hal_pwr_ex.o
                0x0000000090004750                HAL_PWREx_EnableOverDrive
 .text.HAL_RCC_OscConfig
                0x00000000900047f0      0x548 Drivers/STM32F7xx_HAL_Driver/Src/stm32f7xx_hal_rcc.o
                0x00000000900047f0                HAL_RCC_OscConfig
 .text.HAL_RCC_ClockConfig
                0x0000000090004d38      0x1d8 Drivers/STM32F7xx_HAL_Driver/Src/stm32f7xx_hal_rcc.o
                0x0000000090004d38                HAL_RCC_ClockConfig
 .text.HAL_RCC_GetSysClockFreq
                0x0000000090004f10      0x16c Drivers/STM32F7xx_HAL_Driver/Src/stm32f7xx_hal_rcc.o
                0x0000000090004f10                HAL_RCC_GetSysClockFreq
 .text.HAL_RCCEx_PeriphCLKConfig
                0x000000009000507c      0x7e0 Drivers/STM32F7xx_HAL_Driver/Src/stm32f7xx_hal_rcc_ex.o
                0x000000009000507c                HAL_RCCEx_PeriphCLKConfig
 .text.HAL_SDRAM_Init
                0x000000009000585c       0x68 Drivers/STM32F7xx_HAL_Driver/Src/stm32f7xx_hal_sdram.o
                0x000000009000585c                HAL_SDRAM_Init
 .text.HAL_SDRAM_MspInit
                0x00000000900058c4       0x14 Drivers/STM32F7xx_HAL_Driver/Src/stm32f7xx_hal_sdram.o
                0x00000000900058c4                HAL_SDRAM_MspInit
 .text.HAL_SDRAM_SendCommand
                0x00000000900058d8       0x56 Drivers/STM32F7xx_HAL_Driver/Src/stm32f7xx_hal_sdram.o
                0x00000000900058d8                HAL_SDRAM_SendCommand
 .text.HAL_SDRAM_ProgramRefreshRate
                0x000000009000592e       0x40 Drivers/STM32F7xx_HAL_Driver/Src/stm32f7xx_hal_sdram.o
                0x000000009000592e                HAL_SDRAM_ProgramRefreshRate
 *fill*         0x000000009000596e        0x2 
 .text.FMC_SDRAM_Init
                0x0000000090005970       0xe4 Drivers/STM32F7xx_HAL_Driver/Src/stm32f7xx_ll_fmc.o
                0x0000000090005970                FMC_SDRAM_Init
 .text.FMC_SDRAM_Timing_Init
                0x0000000090005a54      0x100 Drivers/STM32F7xx_HAL_Driver/Src/stm32f7xx_ll_fmc.o
                0x0000000090005a54                FMC_SDRAM_Timing_Init
 .text.FMC_SDRAM_SendCommand
                0x0000000090005b54       0x48 Drivers/STM32F7xx_HAL_Driver/Src/stm32f7xx_ll_fmc.o
                0x0000000090005b54                FMC_SDRAM_SendCommand
 .text.FMC_SDRAM_ProgramRefreshRate
                0x0000000090005b9c       0x26 Drivers/STM32F7xx_HAL_Driver/Src/stm32f7xx_ll_fmc.o
                0x0000000090005b9c                FMC_SDRAM_ProgramRefreshRate
 *fill*         0x0000000090005bc2        0x2 
 .text._ZN15LCD_DISCO_F7508C2Ev
                0x0000000090005bc4       0x7c LCD_DISCO_F7508/LCD_DISCO_F7508.o
                0x0000000090005bc4                LCD_DISCO_F7508::LCD_DISCO_F7508()
                0x0000000090005bc4                LCD_DISCO_F7508::LCD_DISCO_F7508()
 .text._ZN15LCD_DISCO_F75088GetXSizeEv
                0x0000000090005c40       0x16 LCD_DISCO_F7508/LCD_DISCO_F7508.o
                0x0000000090005c40                LCD_DISCO_F7508::GetXSize()
 .text._ZN15LCD_DISCO_F75088GetYSizeEv
                0x0000000090005c56       0x16 LCD_DISCO_F7508/LCD_DISCO_F7508.o
                0x0000000090005c56                LCD_DISCO_F7508::GetYSize()
 .text._ZN15LCD_DISCO_F750812SetTextColorEm
                0x0000000090005c6c       0x18 LCD_DISCO_F7508/LCD_DISCO_F7508.o
                0x0000000090005c6c                LCD_DISCO_F7508::SetTextColor(unsigned long)
 .text._ZN15LCD_DISCO_F750812SetBackColorEm
                0x0000000090005c84       0x18 LCD_DISCO_F7508/LCD_DISCO_F7508.o
                0x0000000090005c84                LCD_DISCO_F7508::SetBackColor(unsigned long)
 .text._ZN15LCD_DISCO_F75087SetFontEP6_tFont
                0x0000000090005c9c       0x18 LCD_DISCO_F7508/LCD_DISCO_F7508.o
                0x0000000090005c9c                LCD_DISCO_F7508::SetFont(_tFont*)
 .text._ZN15LCD_DISCO_F75089DrawPixelEttm
                0x0000000090005cb4       0x26 LCD_DISCO_F7508/LCD_DISCO_F7508.o
                0x0000000090005cb4                LCD_DISCO_F7508::DrawPixel(unsigned short, unsigned short, unsigned long)
 .text._ZN15LCD_DISCO_F75085ClearEm
                0x0000000090005cda       0x18 LCD_DISCO_F7508/LCD_DISCO_F7508.o
                0x0000000090005cda                LCD_DISCO_F7508::Clear(unsigned long)
 .text._ZN15LCD_DISCO_F750815ClearStringLineEm
                0x0000000090005cf2       0x18 LCD_DISCO_F7508/LCD_DISCO_F7508.o
                0x0000000090005cf2                LCD_DISCO_F7508::ClearStringLine(unsigned long)
 .text._ZN15LCD_DISCO_F750815DisplayStringAtEttPh20Text_AlignModeTypdef
                0x0000000090005d0a       0x26 LCD_DISCO_F7508/LCD_DISCO_F7508.o
                0x0000000090005d0a                LCD_DISCO_F7508::DisplayStringAt(unsigned short, unsigned short, unsigned char*, Text_AlignModeTypdef)
 .text._ZN14TS_DISCO_F7508C2Ev
                0x0000000090005d30       0x1a TS_DISCO_F7508/TS_DISCO_F7508.o
                0x0000000090005d30                TS_DISCO_F7508::TS_DISCO_F7508()
                0x0000000090005d30                TS_DISCO_F7508::TS_DISCO_F7508()
 .text._ZN14TS_DISCO_F75084InitEtt
                0x0000000090005d4a       0x26 TS_DISCO_F7508/TS_DISCO_F7508.o
                0x0000000090005d4a                TS_DISCO_F7508::Init(unsigned short, unsigned short)
 .text._ZN14TS_DISCO_F75088GetStateEP15TS_StateTypeDef
                0x0000000090005d70       0x1a TS_DISCO_F7508/TS_DISCO_F7508.o
                0x0000000090005d70                TS_DISCO_F7508::GetState(TS_StateTypeDef*)
 *fill*         0x0000000090005d8a        0x2 
 .text.__errno  0x0000000090005d8c        0xc c:/st/stm32cubeide_1.6.0/stm32cubeide/plugins/com.st.stm32cube.ide.mcu.externaltools.gnu-tools-for-stm32.9-2020-q2-update.win32_1.5.0.202011040924/tools/bin/../lib/gcc/arm-none-eabi/9.3.1/../../../../arm-none-eabi/lib/thumb/v7e-m+fp/hard\libc_nano.a(lib_a-errno.o)
                0x0000000090005d8c                __errno
 .text.__libc_init_array
                0x0000000090005d98       0x48 c:/st/stm32cubeide_1.6.0/stm32cubeide/plugins/com.st.stm32cube.ide.mcu.externaltools.gnu-tools-for-stm32.9-2020-q2-update.win32_1.5.0.202011040924/tools/bin/../lib/gcc/arm-none-eabi/9.3.1/../../../../arm-none-eabi/lib/thumb/v7e-m+fp/hard\libc_nano.a(lib_a-init.o)
                0x0000000090005d98                __libc_init_array
 .text.memset   0x0000000090005de0       0x10 c:/st/stm32cubeide_1.6.0/stm32cubeide/plugins/com.st.stm32cube.ide.mcu.externaltools.gnu-tools-for-stm32.9-2020-q2-update.win32_1.5.0.202011040924/tools/bin/../lib/gcc/arm-none-eabi/9.3.1/../../../../arm-none-eabi/lib/thumb/v7e-m+fp/hard\libc_nano.a(lib_a-memset.o)
                0x0000000090005de0                memset
 .text.sprintf  0x0000000090005df0       0x40 c:/st/stm32cubeide_1.6.0/stm32cubeide/plugins/com.st.stm32cube.ide.mcu.externaltools.gnu-tools-for-stm32.9-2020-q2-update.win32_1.5.0.202011040924/tools/bin/../lib/gcc/arm-none-eabi/9.3.1/../../../../arm-none-eabi/lib/thumb/v7e-m+fp/hard\libc_nano.a(lib_a-sprintf.o)
                0x0000000090005df0                siprintf
                0x0000000090005df0                sprintf
 .text.__ssputs_r
                0x0000000090005e30       0xb6 c:/st/stm32cubeide_1.6.0/stm32cubeide/plugins/com.st.stm32cube.ide.mcu.externaltools.gnu-tools-for-stm32.9-2020-q2-update.win32_1.5.0.202011040924/tools/bin/../lib/gcc/arm-none-eabi/9.3.1/../../../../arm-none-eabi/lib/thumb/v7e-m+fp/hard\libc_nano.a(lib_a-nano-svfprintf.o)
                0x0000000090005e30                __ssputs_r
 *fill*         0x0000000090005ee6        0x2 
 .text._svfprintf_r
                0x0000000090005ee8      0x200 c:/st/stm32cubeide_1.6.0/stm32cubeide/plugins/com.st.stm32cube.ide.mcu.externaltools.gnu-tools-for-stm32.9-2020-q2-update.win32_1.5.0.202011040924/tools/bin/../lib/gcc/arm-none-eabi/9.3.1/../../../../arm-none-eabi/lib/thumb/v7e-m+fp/hard\libc_nano.a(lib_a-nano-svfprintf.o)
                0x0000000090005ee8                _svfiprintf_r
                0x0000000090005ee8                _svfprintf_r
 .text._printf_common
                0x00000000900060e8       0xda c:/st/stm32cubeide_1.6.0/stm32cubeide/plugins/com.st.stm32cube.ide.mcu.externaltools.gnu-tools-for-stm32.9-2020-q2-update.win32_1.5.0.202011040924/tools/bin/../lib/gcc/arm-none-eabi/9.3.1/../../../../arm-none-eabi/lib/thumb/v7e-m+fp/hard\libc_nano.a(lib_a-nano-vfprintf_i.o)
                0x00000000900060e8                _printf_common
 *fill*         0x00000000900061c2        0x2 
 .text._printf_i
                0x00000000900061c4      0x24c c:/st/stm32cubeide_1.6.0/stm32cubeide/plugins/com.st.stm32cube.ide.mcu.externaltools.gnu-tools-for-stm32.9-2020-q2-update.win32_1.5.0.202011040924/tools/bin/../lib/gcc/arm-none-eabi/9.3.1/../../../../arm-none-eabi/lib/thumb/v7e-m+fp/hard\libc_nano.a(lib_a-nano-vfprintf_i.o)
                0x00000000900061c4                _printf_i
 .text.memcpy   0x0000000090006410       0x1c c:/st/stm32cubeide_1.6.0/stm32cubeide/plugins/com.st.stm32cube.ide.mcu.externaltools.gnu-tools-for-stm32.9-2020-q2-update.win32_1.5.0.202011040924/tools/bin/../lib/gcc/arm-none-eabi/9.3.1/../../../../arm-none-eabi/lib/thumb/v7e-m+fp/hard\libc_nano.a(lib_a-memcpy-stub.o)
                0x0000000090006410                memcpy
 .text.memmove  0x000000009000642c       0x34 c:/st/stm32cubeide_1.6.0/stm32cubeide/plugins/com.st.stm32cube.ide.mcu.externaltools.gnu-tools-for-stm32.9-2020-q2-update.win32_1.5.0.202011040924/tools/bin/../lib/gcc/arm-none-eabi/9.3.1/../../../../arm-none-eabi/lib/thumb/v7e-m+fp/hard\libc_nano.a(lib_a-memmove.o)
                0x000000009000642c                memmove
 .text._free_r  0x0000000090006460       0xa0 c:/st/stm32cubeide_1.6.0/stm32cubeide/plugins/com.st.stm32cube.ide.mcu.externaltools.gnu-tools-for-stm32.9-2020-q2-update.win32_1.5.0.202011040924/tools/bin/../lib/gcc/arm-none-eabi/9.3.1/../../../../arm-none-eabi/lib/thumb/v7e-m+fp/hard\libc_nano.a(lib_a-nano-freer.o)
                0x0000000090006460                _free_r
 .text._malloc_r
                0x0000000090006500       0xb4 c:/st/stm32cubeide_1.6.0/stm32cubeide/plugins/com.st.stm32cube.ide.mcu.externaltools.gnu-tools-for-stm32.9-2020-q2-update.win32_1.5.0.202011040924/tools/bin/../lib/gcc/arm-none-eabi/9.3.1/../../../../arm-none-eabi/lib/thumb/v7e-m+fp/hard\libc_nano.a(lib_a-nano-mallocr.o)
                0x0000000090006500                _malloc_r
 .text._realloc_r
                0x00000000900065b4       0x4c c:/st/stm32cubeide_1.6.0/stm32cubeide/plugins/com.st.stm32cube.ide.mcu.externaltools.gnu-tools-for-stm32.9-2020-q2-update.win32_1.5.0.202011040924/tools/bin/../lib/gcc/arm-none-eabi/9.3.1/../../../../arm-none-eabi/lib/thumb/v7e-m+fp/hard\libc_nano.a(lib_a-nano-reallocr.o)
                0x00000000900065b4                _realloc_r
 .text._sbrk_r  0x0000000090006600       0x20 c:/st/stm32cubeide_1.6.0/stm32cubeide/plugins/com.st.stm32cube.ide.mcu.externaltools.gnu-tools-for-stm32.9-2020-q2-update.win32_1.5.0.202011040924/tools/bin/../lib/gcc/arm-none-eabi/9.3.1/../../../../arm-none-eabi/lib/thumb/v7e-m+fp/hard\libc_nano.a(lib_a-sbrkr.o)
                0x0000000090006600                _sbrk_r
 .text.__malloc_lock
                0x0000000090006620        0xc c:/st/stm32cubeide_1.6.0/stm32cubeide/plugins/com.st.stm32cube.ide.mcu.externaltools.gnu-tools-for-stm32.9-2020-q2-update.win32_1.5.0.202011040924/tools/bin/../lib/gcc/arm-none-eabi/9.3.1/../../../../arm-none-eabi/lib/thumb/v7e-m+fp/hard\libc_nano.a(lib_a-mlock.o)
                0x0000000090006620                __malloc_lock
 .text.__malloc_unlock
                0x000000009000662c        0xc c:/st/stm32cubeide_1.6.0/stm32cubeide/plugins/com.st.stm32cube.ide.mcu.externaltools.gnu-tools-for-stm32.9-2020-q2-update.win32_1.5.0.202011040924/tools/bin/../lib/gcc/arm-none-eabi/9.3.1/../../../../arm-none-eabi/lib/thumb/v7e-m+fp/hard\libc_nano.a(lib_a-mlock.o)
                0x000000009000662c                __malloc_unlock
 .text._malloc_usable_size_r
                0x0000000090006638       0x10 c:/st/stm32cubeide_1.6.0/stm32cubeide/plugins/com.st.stm32cube.ide.mcu.externaltools.gnu-tools-for-stm32.9-2020-q2-update.win32_1.5.0.202011040924/tools/bin/../lib/gcc/arm-none-eabi/9.3.1/../../../../arm-none-eabi/lib/thumb/v7e-m+fp/hard\libc_nano.a(lib_a-nano-msizer.o)
                0x0000000090006638                _malloc_usable_size_r
 .text.__retarget_lock_acquire_recursive
                0x0000000090006648        0x2 c:/st/stm32cubeide_1.6.0/stm32cubeide/plugins/com.st.stm32cube.ide.mcu.externaltools.gnu-tools-for-stm32.9-2020-q2-update.win32_1.5.0.202011040924/tools/bin/../lib/gcc/arm-none-eabi/9.3.1/../../../../arm-none-eabi/lib/thumb/v7e-m+fp/hard\libc_nano.a(lib_a-lock.o)
                0x0000000090006648                __retarget_lock_acquire_recursive
 .text.__retarget_lock_release_recursive
                0x000000009000664a        0x2 c:/st/stm32cubeide_1.6.0/stm32cubeide/plugins/com.st.stm32cube.ide.mcu.externaltools.gnu-tools-for-stm32.9-2020-q2-update.win32_1.5.0.202011040924/tools/bin/../lib/gcc/arm-none-eabi/9.3.1/../../../../arm-none-eabi/lib/thumb/v7e-m+fp/hard\libc_nano.a(lib_a-lock.o)
                0x000000009000664a                __retarget_lock_release_recursive
 *(.glue_7)
 .glue_7        0x000000009000664c        0x0 linker stubs
 *(.glue_7t)
 .glue_7t       0x000000009000664c        0x0 linker stubs
 *(.eh_frame)
 .eh_frame      0x000000009000664c        0x0 c:/st/stm32cubeide_1.6.0/stm32cubeide/plugins/com.st.stm32cube.ide.mcu.externaltools.gnu-tools-for-stm32.9-2020-q2-update.win32_1.5.0.202011040924/tools/bin/../lib/gcc/arm-none-eabi/9.3.1/thumb/v7e-m+fp/hard/crtbegin.o
 *(.init)
 .init          0x000000009000664c        0x4 c:/st/stm32cubeide_1.6.0/stm32cubeide/plugins/com.st.stm32cube.ide.mcu.externaltools.gnu-tools-for-stm32.9-2020-q2-update.win32_1.5.0.202011040924/tools/bin/../lib/gcc/arm-none-eabi/9.3.1/thumb/v7e-m+fp/hard/crti.o
                0x000000009000664c                _init
 .init          0x0000000090006650        0x8 c:/st/stm32cubeide_1.6.0/stm32cubeide/plugins/com.st.stm32cube.ide.mcu.externaltools.gnu-tools-for-stm32.9-2020-q2-update.win32_1.5.0.202011040924/tools/bin/../lib/gcc/arm-none-eabi/9.3.1/thumb/v7e-m+fp/hard/crtn.o
 *(.fini)
 .fini          0x0000000090006658        0x4 c:/st/stm32cubeide_1.6.0/stm32cubeide/plugins/com.st.stm32cube.ide.mcu.externaltools.gnu-tools-for-stm32.9-2020-q2-update.win32_1.5.0.202011040924/tools/bin/../lib/gcc/arm-none-eabi/9.3.1/thumb/v7e-m+fp/hard/crti.o
                0x0000000090006658                _fini
 .fini          0x000000009000665c        0x8 c:/st/stm32cubeide_1.6.0/stm32cubeide/plugins/com.st.stm32cube.ide.mcu.externaltools.gnu-tools-for-stm32.9-2020-q2-update.win32_1.5.0.202011040924/tools/bin/../lib/gcc/arm-none-eabi/9.3.1/thumb/v7e-m+fp/hard/crtn.o
                0x0000000090006664                . = ALIGN (0x4)
                0x0000000090006664                _etext = .

.vfp11_veneer   0x0000000090006664        0x0
 .vfp11_veneer  0x0000000090006664        0x0 linker stubs

.v4_bx          0x0000000090006664        0x0
 .v4_bx         0x0000000090006664        0x0 linker stubs

.iplt           0x0000000090006664        0x0
 .iplt          0x0000000090006664        0x0 c:/st/stm32cubeide_1.6.0/stm32cubeide/plugins/com.st.stm32cube.ide.mcu.externaltools.gnu-tools-for-stm32.9-2020-q2-update.win32_1.5.0.202011040924/tools/bin/../lib/gcc/arm-none-eabi/9.3.1/thumb/v7e-m+fp/hard/crtbegin.o

.rodata         0x0000000090006664     0x1fe8
                0x0000000090006664                . = ALIGN (0x4)
 *(.rodata)
 .rodata        0x0000000090006664       0x6f Core/Src/MainTask.o
 *(.rodata*)
 *fill*         0x00000000900066d3        0x1 
 .rodata.AHBPrescTable
                0x00000000900066d4       0x10 Core/Src/system_stm32f7xx.o
                0x00000000900066d4                AHBPrescTable
 .rodata.Font24_Table
                0x00000000900066e4     0x1ab8 Drivers/BSP/STM32F7508-Discovery/stm32f7508_discovery_lcd.o
                0x00000000900066e4                Font24_Table
 .rodata.Font12_Table
                0x000000009000819c      0x474 Drivers/BSP/STM32F7508-Discovery/stm32f7508_discovery_lcd.o
                0x000000009000819c                Font12_Table
 .rodata.flagBitshiftOffset.10500
                0x0000000090008610        0x8 Drivers/STM32F7xx_HAL_Driver/Src/stm32f7xx_hal_dma.o
 .rodata._svfprintf_r.str1.1
                0x0000000090008618       0x11 c:/st/stm32cubeide_1.6.0/stm32cubeide/plugins/com.st.stm32cube.ide.mcu.externaltools.gnu-tools-for-stm32.9-2020-q2-update.win32_1.5.0.202011040924/tools/bin/../lib/gcc/arm-none-eabi/9.3.1/../../../../arm-none-eabi/lib/thumb/v7e-m+fp/hard\libc_nano.a(lib_a-nano-svfprintf.o)
 .rodata._printf_i.str1.1
                0x0000000090008629       0x22 c:/st/stm32cubeide_1.6.0/stm32cubeide/plugins/com.st.stm32cube.ide.mcu.externaltools.gnu-tools-for-stm32.9-2020-q2-update.win32_1.5.0.202011040924/tools/bin/../lib/gcc/arm-none-eabi/9.3.1/../../../../arm-none-eabi/lib/thumb/v7e-m+fp/hard\libc_nano.a(lib_a-nano-vfprintf_i.o)
                0x000000009000864c                . = ALIGN (0x4)
 *fill*         0x000000009000864b        0x1 

.ARM.extab
 *(.ARM.extab* .gnu.linkonce.armextab.*)

.ARM            0x000000009000864c        0x8
                0x000000009000864c                __exidx_start = .
 *(.ARM.exidx*)
 .ARM.exidx     0x000000009000864c        0x8 c:/st/stm32cubeide_1.6.0/stm32cubeide/plugins/com.st.stm32cube.ide.mcu.externaltools.gnu-tools-for-stm32.9-2020-q2-update.win32_1.5.0.202011040924/tools/bin/../lib/gcc/arm-none-eabi/9.3.1/thumb/v7e-m+fp/hard\libgcc.a(_udivmoddi4.o)
                0x0000000090008654                __exidx_end = .

.rel.dyn        0x0000000090008654        0x0
 .rel.iplt      0x0000000090008654        0x0 c:/st/stm32cubeide_1.6.0/stm32cubeide/plugins/com.st.stm32cube.ide.mcu.externaltools.gnu-tools-for-stm32.9-2020-q2-update.win32_1.5.0.202011040924/tools/bin/../lib/gcc/arm-none-eabi/9.3.1/thumb/v7e-m+fp/hard/crtbegin.o

.preinit_array  0x0000000090008654        0x0
                0x0000000090008654                PROVIDE (__preinit_array_start = .)
 *(.preinit_array*)
                0x0000000090008654                PROVIDE (__preinit_array_end = .)

.init_array     0x0000000090008654        0x4
                0x0000000090008654                PROVIDE (__init_array_start = .)
 *(SORT_BY_NAME(.init_array.*))
 *(.init_array*)
 .init_array    0x0000000090008654        0x4 c:/st/stm32cubeide_1.6.0/stm32cubeide/plugins/com.st.stm32cube.ide.mcu.externaltools.gnu-tools-for-stm32.9-2020-q2-update.win32_1.5.0.202011040924/tools/bin/../lib/gcc/arm-none-eabi/9.3.1/thumb/v7e-m+fp/hard/crtbegin.o
                0x0000000090008658                PROVIDE (__init_array_end = .)

.fini_array     0x0000000090008658        0x4
                [!provide]                        PROVIDE (__fini_array_start = .)
 *(SORT_BY_NAME(.fini_array.*))
 *(.fini_array*)
 .fini_array    0x0000000090008658        0x4 c:/st/stm32cubeide_1.6.0/stm32cubeide/plugins/com.st.stm32cube.ide.mcu.externaltools.gnu-tools-for-stm32.9-2020-q2-update.win32_1.5.0.202011040924/tools/bin/../lib/gcc/arm-none-eabi/9.3.1/thumb/v7e-m+fp/hard/crtbegin.o
                [!provide]                        PROVIDE (__fini_array_end = .)
                0x000000009000865c                _sidata = LOADADDR (.data)

.data           0x0000000020000000       0xac load address 0x000000009000865c
                0x0000000020000000                . = ALIGN (0x4)
                0x0000000020000000                _sdata = .
 *(.data)
 *(.data*)
 .data.SystemCoreClock
                0x0000000020000000        0x4 Core/Src/system_stm32f7xx.o
                0x0000000020000000                SystemCoreClock
 .data.ft5336_ts_drv
                0x0000000020000004       0x28 Drivers/BSP/Components/ft5336/ft5336.o
                0x0000000020000004                ft5336_ts_drv
 .data.Font24   0x000000002000002c        0x8 Drivers/BSP/STM32F7508-Discovery/stm32f7508_discovery_lcd.o
                0x000000002000002c                Font24
 .data.Font12   0x0000000020000034        0x8 Drivers/BSP/STM32F7508-Discovery/stm32f7508_discovery_lcd.o
                0x0000000020000034                Font12
 .data.sdramstatus.10416
                0x000000002000003c        0x1 Drivers/BSP/STM32F7508-Discovery/stm32f7508_discovery_sdram.o
 *fill*         0x000000002000003d        0x3 
 .data.uwTickPrio
                0x0000000020000040        0x4 Drivers/STM32F7xx_HAL_Driver/Src/stm32f7xx_hal.o
                0x0000000020000040                uwTickPrio
 .data.uwTickFreq
                0x0000000020000044        0x1 Drivers/STM32F7xx_HAL_Driver/Src/stm32f7xx_hal.o
                0x0000000020000044                uwTickFreq
 *fill*         0x0000000020000045        0x3 
 .data._impure_ptr
                0x0000000020000048        0x4 c:/st/stm32cubeide_1.6.0/stm32cubeide/plugins/com.st.stm32cube.ide.mcu.externaltools.gnu-tools-for-stm32.9-2020-q2-update.win32_1.5.0.202011040924/tools/bin/../lib/gcc/arm-none-eabi/9.3.1/../../../../arm-none-eabi/lib/thumb/v7e-m+fp/hard\libc_nano.a(lib_a-impure.o)
                0x0000000020000048                _impure_ptr
 .data.impure_data
                0x000000002000004c       0x60 c:/st/stm32cubeide_1.6.0/stm32cubeide/plugins/com.st.stm32cube.ide.mcu.externaltools.gnu-tools-for-stm32.9-2020-q2-update.win32_1.5.0.202011040924/tools/bin/../lib/gcc/arm-none-eabi/9.3.1/../../../../arm-none-eabi/lib/thumb/v7e-m+fp/hard\libc_nano.a(lib_a-impure.o)
                0x00000000200000ac                . = ALIGN (0x4)
                0x00000000200000ac                _edata = .

.igot.plt       0x00000000200000ac        0x0 load address 0x0000000090008708
 .igot.plt      0x00000000200000ac        0x0 c:/st/stm32cubeide_1.6.0/stm32cubeide/plugins/com.st.stm32cube.ide.mcu.externaltools.gnu-tools-for-stm32.9-2020-q2-update.win32_1.5.0.202011040924/tools/bin/../lib/gcc/arm-none-eabi/9.3.1/thumb/v7e-m+fp/hard/crtbegin.o
                0x00000000200000ac                . = ALIGN (0x4)

.bss            0x00000000200000ac      0x30c load address 0x0000000090008708
                0x00000000200000ac                _sbss = .
                0x00000000200000ac                __bss_start__ = _sbss
 *(.bss)
 .bss           0x00000000200000ac       0x1c c:/st/stm32cubeide_1.6.0/stm32cubeide/plugins/com.st.stm32cube.ide.mcu.externaltools.gnu-tools-for-stm32.9-2020-q2-update.win32_1.5.0.202011040924/tools/bin/../lib/gcc/arm-none-eabi/9.3.1/thumb/v7e-m+fp/hard/crtbegin.o
 *(.bss*)
 .bss.__sbrk_heap_end
                0x00000000200000c8        0x4 Core/Src/sysmem.o
 .bss.ft5336_handle
                0x00000000200000cc        0x3 Drivers/BSP/Components/ft5336/ft5336.o
 *fill*         0x00000000200000cf        0x1 
 .bss.coord.5659
                0x00000000200000d0        0x2 Drivers/BSP/Components/ft5336/ft5336.o
 *fill*         0x00000000200000d2        0x2 
 .bss.hI2cAudioHandler
                0x00000000200000d4       0x4c Drivers/BSP/STM32F7508-Discovery/stm32f7508_discovery.o
 .bss.hDma2dHandler
                0x0000000020000120       0x40 Drivers/BSP/STM32F7508-Discovery/stm32f7508_discovery_lcd.o
 .bss.ActiveLayer
                0x0000000020000160        0x4 Drivers/BSP/STM32F7508-Discovery/stm32f7508_discovery_lcd.o
 .bss.DrawProp  0x0000000020000164       0x18 Drivers/BSP/STM32F7508-Discovery/stm32f7508_discovery_lcd.o
 .bss.periph_clk_init_struct.11003
                0x000000002000017c       0x84 Drivers/BSP/STM32F7508-Discovery/stm32f7508_discovery_lcd.o
 .bss.Timing    0x0000000020000200       0x1c Drivers/BSP/STM32F7508-Discovery/stm32f7508_discovery_sdram.o
 .bss.Command   0x000000002000021c       0x10 Drivers/BSP/STM32F7508-Discovery/stm32f7508_discovery_sdram.o
 .bss.dma_handle.10452
                0x000000002000022c       0x60 Drivers/BSP/STM32F7508-Discovery/stm32f7508_discovery_sdram.o
 .bss.tsDriver  0x000000002000028c        0x4 Drivers/BSP/STM32F7508-Discovery/stm32f7508_discovery_ts.o
 .bss.tsXBoundary
                0x0000000020000290        0x2 Drivers/BSP/STM32F7508-Discovery/stm32f7508_discovery_ts.o
 .bss.tsYBoundary
                0x0000000020000292        0x2 Drivers/BSP/STM32F7508-Discovery/stm32f7508_discovery_ts.o
 .bss.tsOrientation
                0x0000000020000294        0x1 Drivers/BSP/STM32F7508-Discovery/stm32f7508_discovery_ts.o
 .bss.I2cAddress
                0x0000000020000295        0x1 Drivers/BSP/STM32F7508-Discovery/stm32f7508_discovery_ts.o
 *fill*         0x0000000020000296        0x2 
 .bss._x.10568  0x0000000020000298       0x14 Drivers/BSP/STM32F7508-Discovery/stm32f7508_discovery_ts.o
 .bss._y.10569  0x00000000200002ac       0x14 Drivers/BSP/STM32F7508-Discovery/stm32f7508_discovery_ts.o
 .bss.__malloc_free_list
                0x00000000200002c0        0x4 c:/st/stm32cubeide_1.6.0/stm32cubeide/plugins/com.st.stm32cube.ide.mcu.externaltools.gnu-tools-for-stm32.9-2020-q2-update.win32_1.5.0.202011040924/tools/bin/../lib/gcc/arm-none-eabi/9.3.1/../../../../arm-none-eabi/lib/thumb/v7e-m+fp/hard\libc_nano.a(lib_a-nano-mallocr.o)
                0x00000000200002c0                __malloc_free_list
 .bss.__malloc_sbrk_start
                0x00000000200002c4        0x4 c:/st/stm32cubeide_1.6.0/stm32cubeide/plugins/com.st.stm32cube.ide.mcu.externaltools.gnu-tools-for-stm32.9-2020-q2-update.win32_1.5.0.202011040924/tools/bin/../lib/gcc/arm-none-eabi/9.3.1/../../../../arm-none-eabi/lib/thumb/v7e-m+fp/hard\libc_nano.a(lib_a-nano-mallocr.o)
                0x00000000200002c4                __malloc_sbrk_start
 *(COMMON)
 COMMON         0x00000000200002c8       0xa8 Drivers/BSP/STM32F7508-Discovery/stm32f7508_discovery_lcd.o
                0x00000000200002c8                hLtdcHandler
 COMMON         0x0000000020000370       0x34 Drivers/BSP/STM32F7508-Discovery/stm32f7508_discovery_sdram.o
                0x0000000020000370                sdramHandle
 COMMON         0x00000000200003a4        0x4 Drivers/STM32F7xx_HAL_Driver/Src/stm32f7xx_hal.o
                0x00000000200003a4                uwTick
 COMMON         0x00000000200003a8        0x4 c:/st/stm32cubeide_1.6.0/stm32cubeide/plugins/com.st.stm32cube.ide.mcu.externaltools.gnu-tools-for-stm32.9-2020-q2-update.win32_1.5.0.202011040924/tools/bin/../lib/gcc/arm-none-eabi/9.3.1/../../../../arm-none-eabi/lib/thumb/v7e-m+fp/hard\libc_nano.a(lib_a-reent.o)
                0x00000000200003a8                errno
 COMMON         0x00000000200003ac        0x9 c:/st/stm32cubeide_1.6.0/stm32cubeide/plugins/com.st.stm32cube.ide.mcu.externaltools.gnu-tools-for-stm32.9-2020-q2-update.win32_1.5.0.202011040924/tools/bin/../lib/gcc/arm-none-eabi/9.3.1/../../../../arm-none-eabi/lib/thumb/v7e-m+fp/hard\libc_nano.a(lib_a-lock.o)
                0x00000000200003ac                __lock___atexit_recursive_mutex
                0x00000000200003ad                __lock___arc4random_mutex
                0x00000000200003ae                __lock___env_recursive_mutex
                0x00000000200003af                __lock___sinit_recursive_mutex
                0x00000000200003b0                __lock___malloc_recursive_mutex
                0x00000000200003b1                __lock___at_quick_exit_mutex
                0x00000000200003b2                __lock___dd_hash_mutex
                0x00000000200003b3                __lock___tz_mutex
                0x00000000200003b4                __lock___sfp_recursive_mutex
                0x00000000200003b8                . = ALIGN (0x4)
 *fill*         0x00000000200003b5        0x3 
                0x00000000200003b8                _ebss = .
                0x00000000200003b8                __bss_end__ = _ebss

._user_heap_stack
                0x00000000200003b8      0xc00 load address 0x0000000090008708
                0x00000000200003b8                . = ALIGN (0x8)
                [!provide]                        PROVIDE (end = .)
                0x00000000200003b8                PROVIDE (_end = .)
                0x00000000200007b8                . = (. + _Min_Heap_Size)
 *fill*         0x00000000200003b8      0x400 
                0x0000000020000fb8                . = (. + _Min_Stack_Size)
 *fill*         0x00000000200007b8      0x800 
                0x0000000020000fb8                . = ALIGN (0x8)

/DISCARD/
 libc.a(*)
 libm.a(*)
 libgcc.a(*)

.ARM.attributes
                0x0000000000000000       0x30
 *(.ARM.attributes)
 .ARM.attributes
                0x0000000000000000       0x1e c:/st/stm32cubeide_1.6.0/stm32cubeide/plugins/com.st.stm32cube.ide.mcu.externaltools.gnu-tools-for-stm32.9-2020-q2-update.win32_1.5.0.202011040924/tools/bin/../lib/gcc/arm-none-eabi/9.3.1/thumb/v7e-m+fp/hard/crti.o
 .ARM.attributes
                0x000000000000001e       0x34 c:/st/stm32cubeide_1.6.0/stm32cubeide/plugins/com.st.stm32cube.ide.mcu.externaltools.gnu-tools-for-stm32.9-2020-q2-update.win32_1.5.0.202011040924/tools/bin/../lib/gcc/arm-none-eabi/9.3.1/thumb/v7e-m+fp/hard/crtbegin.o
 .ARM.attributes
                0x0000000000000052       0x34 Core/Src/MainTask.o
 .ARM.attributes
                0x0000000000000086       0x34 Core/Src/main.o
 .ARM.attributes
                0x00000000000000ba       0x34 Core/Src/stm32f7xx_hal_msp.o
 .ARM.attributes
                0x00000000000000ee       0x34 Core/Src/stm32f7xx_it.o
 .ARM.attributes
                0x0000000000000122       0x34 Core/Src/sysmem.o
 .ARM.attributes
                0x0000000000000156       0x34 Core/Src/system_stm32f7xx.o
 .ARM.attributes
                0x000000000000018a       0x21 Core/Startup/startup_stm32f750n8hx.o
 .ARM.attributes
                0x00000000000001ab       0x34 Drivers/BSP/Components/ft5336/ft5336.o
 .ARM.attributes
                0x00000000000001df       0x34 Drivers/BSP/STM32F7508-Discovery/stm32f7508_discovery.o
 .ARM.attributes
                0x0000000000000213       0x34 Drivers/BSP/STM32F7508-Discovery/stm32f7508_discovery_lcd.o
 .ARM.attributes
                0x0000000000000247       0x34 Drivers/BSP/STM32F7508-Discovery/stm32f7508_discovery_sdram.o
 .ARM.attributes
                0x000000000000027b       0x34 Drivers/BSP/STM32F7508-Discovery/stm32f7508_discovery_ts.o
 .ARM.attributes
                0x00000000000002af       0x34 Drivers/STM32F7xx_HAL_Driver/Src/stm32f7xx_hal.o
 .ARM.attributes
                0x00000000000002e3       0x34 Drivers/STM32F7xx_HAL_Driver/Src/stm32f7xx_hal_cortex.o
 .ARM.attributes
                0x0000000000000317       0x34 Drivers/STM32F7xx_HAL_Driver/Src/stm32f7xx_hal_dma.o
 .ARM.attributes
                0x000000000000034b       0x34 Drivers/STM32F7xx_HAL_Driver/Src/stm32f7xx_hal_dma2d.o
 .ARM.attributes
                0x000000000000037f       0x34 Drivers/STM32F7xx_HAL_Driver/Src/stm32f7xx_hal_gpio.o
 .ARM.attributes
                0x00000000000003b3       0x34 Drivers/STM32F7xx_HAL_Driver/Src/stm32f7xx_hal_i2c.o
 .ARM.attributes
                0x00000000000003e7       0x34 Drivers/STM32F7xx_HAL_Driver/Src/stm32f7xx_hal_ltdc.o
 .ARM.attributes
                0x000000000000041b       0x34 Drivers/STM32F7xx_HAL_Driver/Src/stm32f7xx_hal_pwr_ex.o
 .ARM.attributes
                0x000000000000044f       0x34 Drivers/STM32F7xx_HAL_Driver/Src/stm32f7xx_hal_rcc.o
 .ARM.attributes
                0x0000000000000483       0x34 Drivers/STM32F7xx_HAL_Driver/Src/stm32f7xx_hal_rcc_ex.o
 .ARM.attributes
                0x00000000000004b7       0x34 Drivers/STM32F7xx_HAL_Driver/Src/stm32f7xx_hal_sdram.o
 .ARM.attributes
                0x00000000000004eb       0x34 Drivers/STM32F7xx_HAL_Driver/Src/stm32f7xx_ll_fmc.o
 .ARM.attributes
                0x000000000000051f       0x34 LCD_DISCO_F7508/LCD_DISCO_F7508.o
 .ARM.attributes
                0x0000000000000553       0x34 TS_DISCO_F7508/TS_DISCO_F7508.o
 .ARM.attributes
                0x0000000000000587       0x34 c:/st/stm32cubeide_1.6.0/stm32cubeide/plugins/com.st.stm32cube.ide.mcu.externaltools.gnu-tools-for-stm32.9-2020-q2-update.win32_1.5.0.202011040924/tools/bin/../lib/gcc/arm-none-eabi/9.3.1/../../../../arm-none-eabi/lib/thumb/v7e-m+fp/hard\libc_nano.a(lib_a-errno.o)
 .ARM.attributes
                0x00000000000005bb       0x32 c:/st/stm32cubeide_1.6.0/stm32cubeide/plugins/com.st.stm32cube.ide.mcu.externaltools.gnu-tools-for-stm32.9-2020-q2-update.win32_1.5.0.202011040924/tools/bin/../lib/gcc/arm-none-eabi/9.3.1/../../../../arm-none-eabi/lib/thumb/v7e-m+fp/hard\libc_nano.a(lib_a-impure.o)
 .ARM.attributes
                0x00000000000005ed       0x34 c:/st/stm32cubeide_1.6.0/stm32cubeide/plugins/com.st.stm32cube.ide.mcu.externaltools.gnu-tools-for-stm32.9-2020-q2-update.win32_1.5.0.202011040924/tools/bin/../lib/gcc/arm-none-eabi/9.3.1/../../../../arm-none-eabi/lib/thumb/v7e-m+fp/hard\libc_nano.a(lib_a-init.o)
 .ARM.attributes
                0x0000000000000621       0x34 c:/st/stm32cubeide_1.6.0/stm32cubeide/plugins/com.st.stm32cube.ide.mcu.externaltools.gnu-tools-for-stm32.9-2020-q2-update.win32_1.5.0.202011040924/tools/bin/../lib/gcc/arm-none-eabi/9.3.1/../../../../arm-none-eabi/lib/thumb/v7e-m+fp/hard\libc_nano.a(lib_a-memset.o)
 .ARM.attributes
                0x0000000000000655       0x34 c:/st/stm32cubeide_1.6.0/stm32cubeide/plugins/com.st.stm32cube.ide.mcu.externaltools.gnu-tools-for-stm32.9-2020-q2-update.win32_1.5.0.202011040924/tools/bin/../lib/gcc/arm-none-eabi/9.3.1/../../../../arm-none-eabi/lib/thumb/v7e-m+fp/hard\libc_nano.a(lib_a-sprintf.o)
 .ARM.attributes
                0x0000000000000689       0x34 c:/st/stm32cubeide_1.6.0/stm32cubeide/plugins/com.st.stm32cube.ide.mcu.externaltools.gnu-tools-for-stm32.9-2020-q2-update.win32_1.5.0.202011040924/tools/bin/../lib/gcc/arm-none-eabi/9.3.1/../../../../arm-none-eabi/lib/thumb/v7e-m+fp/hard\libc_nano.a(lib_a-nano-svfprintf.o)
 .ARM.attributes
                0x00000000000006bd       0x34 c:/st/stm32cubeide_1.6.0/stm32cubeide/plugins/com.st.stm32cube.ide.mcu.externaltools.gnu-tools-for-stm32.9-2020-q2-update.win32_1.5.0.202011040924/tools/bin/../lib/gcc/arm-none-eabi/9.3.1/../../../../arm-none-eabi/lib/thumb/v7e-m+fp/hard\libc_nano.a(lib_a-nano-vfprintf_i.o)
 .ARM.attributes
                0x00000000000006f1       0x1c c:/st/stm32cubeide_1.6.0/stm32cubeide/plugins/com.st.stm32cube.ide.mcu.externaltools.gnu-tools-for-stm32.9-2020-q2-update.win32_1.5.0.202011040924/tools/bin/../lib/gcc/arm-none-eabi/9.3.1/../../../../arm-none-eabi/lib/thumb/v7e-m+fp/hard\libc_nano.a(lib_a-memchr.o)
 .ARM.attributes
                0x000000000000070d       0x34 c:/st/stm32cubeide_1.6.0/stm32cubeide/plugins/com.st.stm32cube.ide.mcu.externaltools.gnu-tools-for-stm32.9-2020-q2-update.win32_1.5.0.202011040924/tools/bin/../lib/gcc/arm-none-eabi/9.3.1/../../../../arm-none-eabi/lib/thumb/v7e-m+fp/hard\libc_nano.a(lib_a-memcpy-stub.o)
 .ARM.attributes
                0x0000000000000741       0x34 c:/st/stm32cubeide_1.6.0/stm32cubeide/plugins/com.st.stm32cube.ide.mcu.externaltools.gnu-tools-for-stm32.9-2020-q2-update.win32_1.5.0.202011040924/tools/bin/../lib/gcc/arm-none-eabi/9.3.1/../../../../arm-none-eabi/lib/thumb/v7e-m+fp/hard\libc_nano.a(lib_a-memmove.o)
 .ARM.attributes
                0x0000000000000775       0x34 c:/st/stm32cubeide_1.6.0/stm32cubeide/plugins/com.st.stm32cube.ide.mcu.externaltools.gnu-tools-for-stm32.9-2020-q2-update.win32_1.5.0.202011040924/tools/bin/../lib/gcc/arm-none-eabi/9.3.1/../../../../arm-none-eabi/lib/thumb/v7e-m+fp/hard\libc_nano.a(lib_a-nano-freer.o)
 .ARM.attributes
                0x00000000000007a9       0x34 c:/st/stm32cubeide_1.6.0/stm32cubeide/plugins/com.st.stm32cube.ide.mcu.externaltools.gnu-tools-for-stm32.9-2020-q2-update.win32_1.5.0.202011040924/tools/bin/../lib/gcc/arm-none-eabi/9.3.1/../../../../arm-none-eabi/lib/thumb/v7e-m+fp/hard\libc_nano.a(lib_a-nano-mallocr.o)
 .ARM.attributes
                0x00000000000007dd       0x34 c:/st/stm32cubeide_1.6.0/stm32cubeide/plugins/com.st.stm32cube.ide.mcu.externaltools.gnu-tools-for-stm32.9-2020-q2-update.win32_1.5.0.202011040924/tools/bin/../lib/gcc/arm-none-eabi/9.3.1/../../../../arm-none-eabi/lib/thumb/v7e-m+fp/hard\libc_nano.a(lib_a-nano-reallocr.o)
 .ARM.attributes
                0x0000000000000811       0x34 c:/st/stm32cubeide_1.6.0/stm32cubeide/plugins/com.st.stm32cube.ide.mcu.externaltools.gnu-tools-for-stm32.9-2020-q2-update.win32_1.5.0.202011040924/tools/bin/../lib/gcc/arm-none-eabi/9.3.1/../../../../arm-none-eabi/lib/thumb/v7e-m+fp/hard\libc_nano.a(lib_a-sbrkr.o)
 .ARM.attributes
                0x0000000000000845       0x34 c:/st/stm32cubeide_1.6.0/stm32cubeide/plugins/com.st.stm32cube.ide.mcu.externaltools.gnu-tools-for-stm32.9-2020-q2-update.win32_1.5.0.202011040924/tools/bin/../lib/gcc/arm-none-eabi/9.3.1/../../../../arm-none-eabi/lib/thumb/v7e-m+fp/hard\libc_nano.a(lib_a-mlock.o)
 .ARM.attributes
                0x0000000000000879       0x34 c:/st/stm32cubeide_1.6.0/stm32cubeide/plugins/com.st.stm32cube.ide.mcu.externaltools.gnu-tools-for-stm32.9-2020-q2-update.win32_1.5.0.202011040924/tools/bin/../lib/gcc/arm-none-eabi/9.3.1/../../../../arm-none-eabi/lib/thumb/v7e-m+fp/hard\libc_nano.a(lib_a-nano-msizer.o)
 .ARM.attributes
                0x00000000000008ad       0x34 c:/st/stm32cubeide_1.6.0/stm32cubeide/plugins/com.st.stm32cube.ide.mcu.externaltools.gnu-tools-for-stm32.9-2020-q2-update.win32_1.5.0.202011040924/tools/bin/../lib/gcc/arm-none-eabi/9.3.1/../../../../arm-none-eabi/lib/thumb/v7e-m+fp/hard\libc_nano.a(lib_a-reent.o)
 .ARM.attributes
                0x00000000000008e1       0x34 c:/st/stm32cubeide_1.6.0/stm32cubeide/plugins/com.st.stm32cube.ide.mcu.externaltools.gnu-tools-for-stm32.9-2020-q2-update.win32_1.5.0.202011040924/tools/bin/../lib/gcc/arm-none-eabi/9.3.1/../../../../arm-none-eabi/lib/thumb/v7e-m+fp/hard\libc_nano.a(lib_a-lock.o)
 .ARM.attributes
                0x0000000000000915       0x1e c:/st/stm32cubeide_1.6.0/stm32cubeide/plugins/com.st.stm32cube.ide.mcu.externaltools.gnu-tools-for-stm32.9-2020-q2-update.win32_1.5.0.202011040924/tools/bin/../lib/gcc/arm-none-eabi/9.3.1/thumb/v7e-m+fp/hard\libgcc.a(_aeabi_uldivmod.o)
 .ARM.attributes
                0x0000000000000933       0x34 c:/st/stm32cubeide_1.6.0/stm32cubeide/plugins/com.st.stm32cube.ide.mcu.externaltools.gnu-tools-for-stm32.9-2020-q2-update.win32_1.5.0.202011040924/tools/bin/../lib/gcc/arm-none-eabi/9.3.1/thumb/v7e-m+fp/hard\libgcc.a(_udivmoddi4.o)
 .ARM.attributes
                0x0000000000000967       0x1e c:/st/stm32cubeide_1.6.0/stm32cubeide/plugins/com.st.stm32cube.ide.mcu.externaltools.gnu-tools-for-stm32.9-2020-q2-update.win32_1.5.0.202011040924/tools/bin/../lib/gcc/arm-none-eabi/9.3.1/thumb/v7e-m+fp/hard\libgcc.a(_dvmd_tls.o)
 .ARM.attributes
                0x0000000000000985       0x1e c:/st/stm32cubeide_1.6.0/stm32cubeide/plugins/com.st.stm32cube.ide.mcu.externaltools.gnu-tools-for-stm32.9-2020-q2-update.win32_1.5.0.202011040924/tools/bin/../lib/gcc/arm-none-eabi/9.3.1/thumb/v7e-m+fp/hard/crtn.o
OUTPUT(stm32f7508_LCD_TS_Demo_Cpp.elf elf32-littlearm)
LOAD linker stubs
LOAD c:/st/stm32cubeide_1.6.0/stm32cubeide/plugins/com.st.stm32cube.ide.mcu.externaltools.gnu-tools-for-stm32.9-2020-q2-update.win32_1.5.0.202011040924/tools/bin/../lib/gcc/arm-none-eabi/9.3.1/../../../../arm-none-eabi/lib/thumb/v7e-m+fp/hard\libc.a
LOAD c:/st/stm32cubeide_1.6.0/stm32cubeide/plugins/com.st.stm32cube.ide.mcu.externaltools.gnu-tools-for-stm32.9-2020-q2-update.win32_1.5.0.202011040924/tools/bin/../lib/gcc/arm-none-eabi/9.3.1/../../../../arm-none-eabi/lib/thumb/v7e-m+fp/hard\libm.a
LOAD c:/st/stm32cubeide_1.6.0/stm32cubeide/plugins/com.st.stm32cube.ide.mcu.externaltools.gnu-tools-for-stm32.9-2020-q2-update.win32_1.5.0.202011040924/tools/bin/../lib/gcc/arm-none-eabi/9.3.1/thumb/v7e-m+fp/hard\libgcc.a

.debug_info     0x0000000000000000    0x16199
 .debug_info    0x0000000000000000     0x178d Core/Src/MainTask.o
 .debug_info    0x000000000000178d      0x9ce Core/Src/main.o
 .debug_info    0x000000000000215b      0x53e Core/Src/stm32f7xx_hal_msp.o
 .debug_info    0x0000000000002699      0x3a2 Core/Src/stm32f7xx_it.o
 .debug_info    0x0000000000002a3b      0xa25 Core/Src/sysmem.o
 .debug_info    0x0000000000003460      0x7ad Core/Src/system_stm32f7xx.o
 .debug_info    0x0000000000003c0d       0x22 Core/Startup/startup_stm32f750n8hx.o
 .debug_info    0x0000000000003c2f      0x5dc Drivers/BSP/Components/ft5336/ft5336.o
 .debug_info    0x000000000000420b     0x1b46 Drivers/BSP/STM32F7508-Discovery/stm32f7508_discovery.o
 .debug_info    0x0000000000005d51     0x248f Drivers/BSP/STM32F7508-Discovery/stm32f7508_discovery_lcd.o
 .debug_info    0x00000000000081e0      0xfee Drivers/BSP/STM32F7508-Discovery/stm32f7508_discovery_sdram.o
 .debug_info    0x00000000000091ce      0xa48 Drivers/BSP/STM32F7508-Discovery/stm32f7508_discovery_ts.o
 .debug_info    0x0000000000009c16      0xac0 Drivers/STM32F7xx_HAL_Driver/Src/stm32f7xx_hal.o
 .debug_info    0x000000000000a6d6     0x111c Drivers/STM32F7xx_HAL_Driver/Src/stm32f7xx_hal_cortex.o
 .debug_info    0x000000000000b7f2      0x9f1 Drivers/STM32F7xx_HAL_Driver/Src/stm32f7xx_hal_dma.o
 .debug_info    0x000000000000c1e3     0x1067 Drivers/STM32F7xx_HAL_Driver/Src/stm32f7xx_hal_dma2d.o
 .debug_info    0x000000000000d24a      0x868 Drivers/STM32F7xx_HAL_Driver/Src/stm32f7xx_hal_gpio.o
 .debug_info    0x000000000000dab2     0x221e Drivers/STM32F7xx_HAL_Driver/Src/stm32f7xx_hal_i2c.o
 .debug_info    0x000000000000fcd0     0x1205 Drivers/STM32F7xx_HAL_Driver/Src/stm32f7xx_hal_ltdc.o
 .debug_info    0x0000000000010ed5      0x9f6 Drivers/STM32F7xx_HAL_Driver/Src/stm32f7xx_hal_pwr_ex.o
 .debug_info    0x00000000000118cb      0x9cc Drivers/STM32F7xx_HAL_Driver/Src/stm32f7xx_hal_rcc.o
 .debug_info    0x0000000000012297      0x82c Drivers/STM32F7xx_HAL_Driver/Src/stm32f7xx_hal_rcc_ex.o
 .debug_info    0x0000000000012ac3      0xd5f Drivers/STM32F7xx_HAL_Driver/Src/stm32f7xx_hal_sdram.o
 .debug_info    0x0000000000013822      0xd81 Drivers/STM32F7xx_HAL_Driver/Src/stm32f7xx_ll_fmc.o
 .debug_info    0x00000000000145a3     0x14fa LCD_DISCO_F7508/LCD_DISCO_F7508.o
 .debug_info    0x0000000000015a9d      0x6fc TS_DISCO_F7508/TS_DISCO_F7508.o

.debug_abbrev   0x0000000000000000     0x3495
 .debug_abbrev  0x0000000000000000      0x27c Core/Src/MainTask.o
 .debug_abbrev  0x000000000000027c      0x1e4 Core/Src/main.o
 .debug_abbrev  0x0000000000000460      0x15f Core/Src/stm32f7xx_hal_msp.o
 .debug_abbrev  0x00000000000005bf      0x114 Core/Src/stm32f7xx_it.o
 .debug_abbrev  0x00000000000006d3      0x1bf Core/Src/sysmem.o
 .debug_abbrev  0x0000000000000892      0x165 Core/Src/system_stm32f7xx.o
 .debug_abbrev  0x00000000000009f7       0x12 Core/Startup/startup_stm32f750n8hx.o
 .debug_abbrev  0x0000000000000a09      0x212 Drivers/BSP/Components/ft5336/ft5336.o
 .debug_abbrev  0x0000000000000c1b      0x2bd Drivers/BSP/STM32F7508-Discovery/stm32f7508_discovery.o
 .debug_abbrev  0x0000000000000ed8      0x2ff Drivers/BSP/STM32F7508-Discovery/stm32f7508_discovery_lcd.o
 .debug_abbrev  0x00000000000011d7      0x244 Drivers/BSP/STM32F7508-Discovery/stm32f7508_discovery_sdram.o
 .debug_abbrev  0x000000000000141b      0x259 Drivers/BSP/STM32F7508-Discovery/stm32f7508_discovery_ts.o
 .debug_abbrev  0x0000000000001674      0x1ed Drivers/STM32F7xx_HAL_Driver/Src/stm32f7xx_hal.o
 .debug_abbrev  0x0000000000001861      0x33c Drivers/STM32F7xx_HAL_Driver/Src/stm32f7xx_hal_cortex.o
 .debug_abbrev  0x0000000000001b9d      0x259 Drivers/STM32F7xx_HAL_Driver/Src/stm32f7xx_hal_dma.o
 .debug_abbrev  0x0000000000001df6      0x23f Drivers/STM32F7xx_HAL_Driver/Src/stm32f7xx_hal_dma2d.o
 .debug_abbrev  0x0000000000002035      0x1f1 Drivers/STM32F7xx_HAL_Driver/Src/stm32f7xx_hal_gpio.o
 .debug_abbrev  0x0000000000002226      0x256 Drivers/STM32F7xx_HAL_Driver/Src/stm32f7xx_hal_i2c.o
 .debug_abbrev  0x000000000000247c      0x239 Drivers/STM32F7xx_HAL_Driver/Src/stm32f7xx_hal_ltdc.o
 .debug_abbrev  0x00000000000026b5      0x1dc Drivers/STM32F7xx_HAL_Driver/Src/stm32f7xx_hal_pwr_ex.o
 .debug_abbrev  0x0000000000002891      0x246 Drivers/STM32F7xx_HAL_Driver/Src/stm32f7xx_hal_rcc.o
 .debug_abbrev  0x0000000000002ad7      0x1d1 Drivers/STM32F7xx_HAL_Driver/Src/stm32f7xx_hal_rcc_ex.o
 .debug_abbrev  0x0000000000002ca8      0x221 Drivers/STM32F7xx_HAL_Driver/Src/stm32f7xx_hal_sdram.o
 .debug_abbrev  0x0000000000002ec9      0x18e Drivers/STM32F7xx_HAL_Driver/Src/stm32f7xx_ll_fmc.o
 .debug_abbrev  0x0000000000003057      0x249 LCD_DISCO_F7508/LCD_DISCO_F7508.o
 .debug_abbrev  0x00000000000032a0      0x1f5 TS_DISCO_F7508/TS_DISCO_F7508.o

.debug_aranges  0x0000000000000000     0x1268
 .debug_aranges
                0x0000000000000000       0x20 Core/Src/MainTask.o
 .debug_aranges
                0x0000000000000020       0x38 Core/Src/main.o
 .debug_aranges
                0x0000000000000058       0x20 Core/Src/stm32f7xx_hal_msp.o
 .debug_aranges
                0x0000000000000078       0x60 Core/Src/stm32f7xx_it.o
 .debug_aranges
                0x00000000000000d8       0x20 Core/Src/sysmem.o
 .debug_aranges
                0x00000000000000f8       0x28 Core/Src/system_stm32f7xx.o
 .debug_aranges
                0x0000000000000120       0x28 Core/Startup/startup_stm32f750n8hx.o
 .debug_aranges
                0x0000000000000148       0x90 Drivers/BSP/Components/ft5336/ft5336.o
 .debug_aranges
                0x00000000000001d8      0x128 Drivers/BSP/STM32F7508-Discovery/stm32f7508_discovery.o
 .debug_aranges
                0x0000000000000300      0x1d8 Drivers/BSP/STM32F7508-Discovery/stm32f7508_discovery_lcd.o
 .debug_aranges
                0x00000000000004d8       0x68 Drivers/BSP/STM32F7508-Discovery/stm32f7508_discovery_sdram.o
 .debug_aranges
                0x0000000000000540       0x58 Drivers/BSP/STM32F7508-Discovery/stm32f7508_discovery_ts.o
 .debug_aranges
                0x0000000000000598      0x100 Drivers/STM32F7xx_HAL_Driver/Src/stm32f7xx_hal.o
 .debug_aranges
                0x0000000000000698      0x118 Drivers/STM32F7xx_HAL_Driver/Src/stm32f7xx_hal_cortex.o
 .debug_aranges
                0x00000000000007b0       0x90 Drivers/STM32F7xx_HAL_Driver/Src/stm32f7xx_hal_dma.o
 .debug_aranges
                0x0000000000000840      0x118 Drivers/STM32F7xx_HAL_Driver/Src/stm32f7xx_hal_dma2d.o
 .debug_aranges
                0x0000000000000958       0x58 Drivers/STM32F7xx_HAL_Driver/Src/stm32f7xx_hal_gpio.o
 .debug_aranges
                0x00000000000009b0      0x290 Drivers/STM32F7xx_HAL_Driver/Src/stm32f7xx_hal_i2c.o
 .debug_aranges
                0x0000000000000c40      0x158 Drivers/STM32F7xx_HAL_Driver/Src/stm32f7xx_hal_ltdc.o
 .debug_aranges
                0x0000000000000d98       0x80 Drivers/STM32F7xx_HAL_Driver/Src/stm32f7xx_hal_pwr_ex.o
 .debug_aranges
                0x0000000000000e18       0x88 Drivers/STM32F7xx_HAL_Driver/Src/stm32f7xx_hal_rcc.o
 .debug_aranges
                0x0000000000000ea0       0x50 Drivers/STM32F7xx_HAL_Driver/Src/stm32f7xx_hal_rcc_ex.o
 .debug_aranges
                0x0000000000000ef0       0xd0 Drivers/STM32F7xx_HAL_Driver/Src/stm32f7xx_hal_sdram.o
 .debug_aranges
                0x0000000000000fc0       0xc8 Drivers/STM32F7xx_HAL_Driver/Src/stm32f7xx_ll_fmc.o
 .debug_aranges
                0x0000000000001088      0x178 LCD_DISCO_F7508/LCD_DISCO_F7508.o
 .debug_aranges
                0x0000000000001200       0x68 TS_DISCO_F7508/TS_DISCO_F7508.o

.debug_ranges   0x0000000000000000     0x10d0
 .debug_ranges  0x0000000000000000       0x10 Core/Src/MainTask.o
 .debug_ranges  0x0000000000000010       0x28 Core/Src/main.o
 .debug_ranges  0x0000000000000038       0x10 Core/Src/stm32f7xx_hal_msp.o
 .debug_ranges  0x0000000000000048       0x50 Core/Src/stm32f7xx_it.o
 .debug_ranges  0x0000000000000098       0x10 Core/Src/sysmem.o
 .debug_ranges  0x00000000000000a8       0x18 Core/Src/system_stm32f7xx.o
 .debug_ranges  0x00000000000000c0       0x20 Core/Startup/startup_stm32f750n8hx.o
 .debug_ranges  0x00000000000000e0       0x80 Drivers/BSP/Components/ft5336/ft5336.o
 .debug_ranges  0x0000000000000160      0x118 Drivers/BSP/STM32F7508-Discovery/stm32f7508_discovery.o
 .debug_ranges  0x0000000000000278      0x1c8 Drivers/BSP/STM32F7508-Discovery/stm32f7508_discovery_lcd.o
 .debug_ranges  0x0000000000000440       0x58 Drivers/BSP/STM32F7508-Discovery/stm32f7508_discovery_sdram.o
 .debug_ranges  0x0000000000000498       0x48 Drivers/BSP/STM32F7508-Discovery/stm32f7508_discovery_ts.o
 .debug_ranges  0x00000000000004e0       0xf0 Drivers/STM32F7xx_HAL_Driver/Src/stm32f7xx_hal.o
 .debug_ranges  0x00000000000005d0      0x108 Drivers/STM32F7xx_HAL_Driver/Src/stm32f7xx_hal_cortex.o
 .debug_ranges  0x00000000000006d8       0x80 Drivers/STM32F7xx_HAL_Driver/Src/stm32f7xx_hal_dma.o
 .debug_ranges  0x0000000000000758      0x108 Drivers/STM32F7xx_HAL_Driver/Src/stm32f7xx_hal_dma2d.o
 .debug_ranges  0x0000000000000860       0x48 Drivers/STM32F7xx_HAL_Driver/Src/stm32f7xx_hal_gpio.o
 .debug_ranges  0x00000000000008a8      0x280 Drivers/STM32F7xx_HAL_Driver/Src/stm32f7xx_hal_i2c.o
 .debug_ranges  0x0000000000000b28      0x148 Drivers/STM32F7xx_HAL_Driver/Src/stm32f7xx_hal_ltdc.o
 .debug_ranges  0x0000000000000c70       0x70 Drivers/STM32F7xx_HAL_Driver/Src/stm32f7xx_hal_pwr_ex.o
 .debug_ranges  0x0000000000000ce0       0x78 Drivers/STM32F7xx_HAL_Driver/Src/stm32f7xx_hal_rcc.o
 .debug_ranges  0x0000000000000d58       0x40 Drivers/STM32F7xx_HAL_Driver/Src/stm32f7xx_hal_rcc_ex.o
 .debug_ranges  0x0000000000000d98       0xc0 Drivers/STM32F7xx_HAL_Driver/Src/stm32f7xx_hal_sdram.o
 .debug_ranges  0x0000000000000e58       0xb8 Drivers/STM32F7xx_HAL_Driver/Src/stm32f7xx_ll_fmc.o
 .debug_ranges  0x0000000000000f10      0x168 LCD_DISCO_F7508/LCD_DISCO_F7508.o
 .debug_ranges  0x0000000000001078       0x58 TS_DISCO_F7508/TS_DISCO_F7508.o

.debug_macro    0x0000000000000000    0x2e432
 .debug_macro   0x0000000000000000      0x4c2 Core/Src/MainTask.o
 .debug_macro   0x00000000000004c2      0xb86 Core/Src/MainTask.o
 .debug_macro   0x0000000000001048      0x2ff Core/Src/MainTask.o
 .debug_macro   0x0000000000001347       0x2e Core/Src/MainTask.o
 .debug_macro   0x0000000000001375       0x3b Core/Src/MainTask.o
 .debug_macro   0x00000000000013b0       0x1c Core/Src/MainTask.o
 .debug_macro   0x00000000000013cc       0x22 Core/Src/MainTask.o
 .debug_macro   0x00000000000013ee       0x8e Core/Src/MainTask.o
 .debug_macro   0x000000000000147c       0x51 Core/Src/MainTask.o
 .debug_macro   0x00000000000014cd      0x103 Core/Src/MainTask.o
 .debug_macro   0x00000000000015d0       0x6a Core/Src/MainTask.o
 .debug_macro   0x000000000000163a      0x1df Core/Src/MainTask.o
 .debug_macro   0x0000000000001819       0x1c Core/Src/MainTask.o
 .debug_macro   0x0000000000001835       0x22 Core/Src/MainTask.o
 .debug_macro   0x0000000000001857       0xdf Core/Src/MainTask.o
 .debug_macro   0x0000000000001936     0x12cd Core/Src/MainTask.o
 .debug_macro   0x0000000000002c03      0x11f Core/Src/MainTask.o
 .debug_macro   0x0000000000002d22       0x19 Core/Src/MainTask.o
 .debug_macro   0x0000000000002d3b    0x19826 Core/Src/MainTask.o
 .debug_macro   0x000000000001c561       0x43 Core/Src/MainTask.o
 .debug_macro   0x000000000001c5a4     0x36c9 Core/Src/MainTask.o
 .debug_macro   0x000000000001fc6d      0x17b Core/Src/MainTask.o
 .debug_macro   0x000000000001fde8       0x63 Core/Src/MainTask.o
 .debug_macro   0x000000000001fe4b     0x1939 Core/Src/MainTask.o
 .debug_macro   0x0000000000021784      0x6c4 Core/Src/MainTask.o
 .debug_macro   0x0000000000021e48      0x117 Core/Src/MainTask.o
 .debug_macro   0x0000000000021f5f      0x1fe Core/Src/MainTask.o
 .debug_macro   0x000000000002215d       0x27 Core/Src/MainTask.o
 .debug_macro   0x0000000000022184      0x24f Core/Src/MainTask.o
 .debug_macro   0x00000000000223d3       0x41 Core/Src/MainTask.o
 .debug_macro   0x0000000000022414       0x58 Core/Src/MainTask.o
 .debug_macro   0x000000000002246c      0x236 Core/Src/MainTask.o
 .debug_macro   0x00000000000226a2      0x416 Core/Src/MainTask.o
 .debug_macro   0x0000000000022ab8      0x153 Core/Src/MainTask.o
 .debug_macro   0x0000000000022c0b      0x107 Core/Src/MainTask.o
 .debug_macro   0x0000000000022d12      0x20f Core/Src/MainTask.o
 .debug_macro   0x0000000000022f21      0x22c Core/Src/MainTask.o
 .debug_macro   0x000000000002314d      0x125 Core/Src/MainTask.o
 .debug_macro   0x0000000000023272      0x231 Core/Src/MainTask.o
 .debug_macro   0x00000000000234a3       0x12 Core/Src/MainTask.o
 .debug_macro   0x00000000000234b5      0x514 Core/Src/MainTask.o
 .debug_macro   0x00000000000239c9       0x11 Core/Src/MainTask.o
 .debug_macro   0x00000000000239da      0x22c Core/Src/MainTask.o
 .debug_macro   0x0000000000023c06       0x61 Core/Src/MainTask.o
 .debug_macro   0x0000000000023c67       0xa5 Core/Src/MainTask.o
 .debug_macro   0x0000000000023d0c      0x1d8 Core/Src/MainTask.o
 .debug_macro   0x0000000000023ee4      0x198 Core/Src/MainTask.o
 .debug_macro   0x000000000002407c       0xd6 Core/Src/MainTask.o
 .debug_macro   0x0000000000024152      0x12f Core/Src/MainTask.o
 .debug_macro   0x0000000000024281      0x108 Core/Src/MainTask.o
 .debug_macro   0x0000000000024389       0x35 Core/Src/MainTask.o
 .debug_macro   0x00000000000243be      0x2d4 Core/Src/MainTask.o
 .debug_macro   0x0000000000024692      0x447 Core/Src/MainTask.o
 .debug_macro   0x0000000000024ad9      0x773 Core/Src/MainTask.o
 .debug_macro   0x000000000002524c      0x1d5 Core/Src/MainTask.o
 .debug_macro   0x0000000000025421      0xa60 Core/Src/MainTask.o
 .debug_macro   0x0000000000025e81       0x59 Core/Src/MainTask.o
 .debug_macro   0x0000000000025eda      0x558 Core/Src/MainTask.o
 .debug_macro   0x0000000000026432       0x44 Core/Src/MainTask.o
 .debug_macro   0x0000000000026476      0x14e Core/Src/MainTask.o
 .debug_macro   0x00000000000265c4      0x260 Core/Src/MainTask.o
 .debug_macro   0x0000000000026824       0x7c Core/Src/MainTask.o
 .debug_macro   0x00000000000268a0       0x16 Core/Src/MainTask.o
 .debug_macro   0x00000000000268b6       0xbe Core/Src/MainTask.o
 .debug_macro   0x0000000000026974      0x178 Core/Src/MainTask.o
 .debug_macro   0x0000000000026aec      0x891 Core/Src/MainTask.o
 .debug_macro   0x000000000002737d       0x52 Core/Src/MainTask.o
 .debug_macro   0x00000000000273cf       0x18 Core/Src/MainTask.o
 .debug_macro   0x00000000000273e7       0x3c Core/Src/MainTask.o
 .debug_macro   0x0000000000027423       0x34 Core/Src/MainTask.o
 .debug_macro   0x0000000000027457       0x16 Core/Src/MainTask.o
 .debug_macro   0x000000000002746d       0x43 Core/Src/MainTask.o
 .debug_macro   0x00000000000274b0       0x34 Core/Src/MainTask.o
 .debug_macro   0x00000000000274e4       0x10 Core/Src/MainTask.o
 .debug_macro   0x00000000000274f4       0x58 Core/Src/MainTask.o
 .debug_macro   0x000000000002754c       0x71 Core/Src/MainTask.o
 .debug_macro   0x00000000000275bd       0x16 Core/Src/MainTask.o
 .debug_macro   0x00000000000275d3      0x12a Core/Src/MainTask.o
 .debug_macro   0x00000000000276fd      0x356 Core/Src/MainTask.o
 .debug_macro   0x0000000000027a53       0x10 Core/Src/MainTask.o
 .debug_macro   0x0000000000027a63       0x35 Core/Src/MainTask.o
 .debug_macro   0x0000000000027a98       0x20 Core/Src/MainTask.o
 .debug_macro   0x0000000000027ab8       0x1c Core/Src/MainTask.o
 .debug_macro   0x0000000000027ad4       0x10 Core/Src/MainTask.o
 .debug_macro   0x0000000000027ae4       0x10 Core/Src/MainTask.o
 .debug_macro   0x0000000000027af4       0x1c Core/Src/MainTask.o
 .debug_macro   0x0000000000027b10       0x52 Core/Src/MainTask.o
 .debug_macro   0x0000000000027b62       0x22 Core/Src/MainTask.o
 .debug_macro   0x0000000000027b84       0x10 Core/Src/MainTask.o
 .debug_macro   0x0000000000027b94       0x40 Core/Src/MainTask.o
 .debug_macro   0x0000000000027bd4       0xd5 Core/Src/MainTask.o
 .debug_macro   0x0000000000027ca9       0x1c Core/Src/MainTask.o
 .debug_macro   0x0000000000027cc5       0x3d Core/Src/MainTask.o
 .debug_macro   0x0000000000027d02       0x16 Core/Src/MainTask.o
 .debug_macro   0x0000000000027d18      0x137 Core/Src/MainTask.o
 .debug_macro   0x0000000000027e4f       0x40 Core/Src/MainTask.o
 .debug_macro   0x0000000000027e8f       0xa0 Core/Src/MainTask.o
 .debug_macro   0x0000000000027f2f       0x10 Core/Src/MainTask.o
 .debug_macro   0x0000000000027f3f      0x11a Core/Src/MainTask.o
 .debug_macro   0x0000000000028059       0x10 Core/Src/MainTask.o
 .debug_macro   0x0000000000028069      0x39e Core/Src/MainTask.o
 .debug_macro   0x0000000000028407       0x2e Core/Src/MainTask.o
 .debug_macro   0x0000000000028435      0x2c9 Core/Src/main.o
 .debug_macro   0x00000000000286fe      0xab4 Core/Src/main.o
 .debug_macro   0x00000000000291b2     0x12cd Core/Src/main.o
 .debug_macro   0x000000000002a47f      0x174 Core/Src/main.o
 .debug_macro   0x000000000002a5f3      0x2c9 Core/Src/stm32f7xx_hal_msp.o
 .debug_macro   0x000000000002a8bc      0x2d3 Core/Src/stm32f7xx_it.o
 .debug_macro   0x000000000002ab8f       0xff Core/Src/sysmem.o
 .debug_macro   0x000000000002ac8e      0x23b Core/Src/sysmem.o
 .debug_macro   0x000000000002aec9      0x281 Core/Src/system_stm32f7xx.o
 .debug_macro   0x000000000002b14a       0x7b Drivers/BSP/Components/ft5336/ft5336.o
 .debug_macro   0x000000000002b1c5      0x2a8 Drivers/BSP/STM32F7508-Discovery/stm32f7508_discovery.o
 .debug_macro   0x000000000002b46d      0x25a Drivers/BSP/STM32F7508-Discovery/stm32f7508_discovery.o
 .debug_macro   0x000000000002b6c7      0x2de Drivers/BSP/STM32F7508-Discovery/stm32f7508_discovery_lcd.o
 .debug_macro   0x000000000002b9a5       0x9a Drivers/BSP/STM32F7508-Discovery/stm32f7508_discovery_lcd.o