core_list_join.c:112:8:cmp_idx	0	static
core_list_join.c:63:8:calc_func	32	static
core_list_join.c:101:8:cmp_complex	24	static
core_list_join.c:120:6:copy_info	0	static
core_list_join.c:282:12:core_list_insert_new	20	static
core_list_join.c:316:12:core_list_remove	0	static
core_list_join.c:345:12:core_list_undo_remove	8	static
core_list_join.c:370:12:core_list_find	0	static
core_list_join.c:395:12:core_list_reverse	0	static
core_list_join.c:426:12:core_list_mergesort	48	static
core_list_join.c:132:8:core_bench_list	56	static
core_list_join.c:213:12:core_list_init	56	static
