stm32f7508_discovery_qspi.c:108:9:BSP_QSPI_Init	16	static,ignoring_inline_asm
stm32f7508_discovery_qspi.c:155:9:BSP_QSPI_DeInit	8	static
stm32f7508_discovery_qspi.c:178:9:BSP_QSPI_Read	80	static
stm32f7508_discovery_qspi.c:224:9:BSP_QSPI_Write	96	static
stm32f7508_discovery_qspi.c:298:9:BSP_QSPI_Erase_Block	72	static
stm32f7508_discovery_qspi.c:340:9:BSP_QSPI_Erase_Chip	64	static
stm32f7508_discovery_qspi.c:380:9:BSP_QSPI_GetStatus	72	static
stm32f7508_discovery_qspi.c:433:9:BSP_QSPI_GetInfo	16	static
stm32f7508_discovery_qspi.c:449:9:BSP_QSPI_EnableMemoryMappedMode	72	static
stm32f7508_discovery_qspi.c:494:13:BSP_QSPI_MspInit	64	static
stm32f7508_discovery_qspi.c:560:13:BSP_QSPI_MspDeInit	16	static
stm32f7508_discovery_qspi.c:588:16:QSPI_ResetMemory	72	static
stm32f7508_discovery_qspi.c:630:16:QSPI_DummyCyclesCfg	88	static,ignoring_inline_asm
stm32f7508_discovery_qspi.c:689:16:QSPI_WriteEnable	96	static
stm32f7508_discovery_qspi.c:735:16:QSPI_AutoPollingMemReady	96	static
