stm32f7508_discovery_audio.c:163:9:BSP_AUDIO_OUT_Init	32	static
stm32f7508_discovery_audio.c:216:9:BSP_AUDIO_OUT_Play	16	static
stm32f7508_discovery_audio.c:238:6:BSP_AUDIO_OUT_ChangeBuffer	16	static
stm32f7508_discovery_audio.c:251:9:BSP_AUDIO_OUT_Pause	8	static
stm32f7508_discovery_audio.c:275:9:BSP_AUDIO_OUT_Resume	8	static
stm32f7508_discovery_audio.c:301:9:BSP_AUDIO_OUT_Stop	16	static
stm32f7508_discovery_audio.c:329:9:BSP_AUDIO_OUT_SetVolume	16	static
stm32f7508_discovery_audio.c:349:9:BSP_AUDIO_OUT_SetMute	16	static
stm32f7508_discovery_audio.c:370:9:BSP_AUDIO_OUT_SetOutputMode	16	static
stm32f7508_discovery_audio.c:391:6:BSP_AUDIO_OUT_SetFrequency	16	static
stm32f7508_discovery_audio.c:418:6:BSP_AUDIO_OUT_SetAudioFrameSlot	16	static
stm32f7508_discovery_audio.c:435:6:BSP_AUDIO_OUT_DeInit	8	static
stm32f7508_discovery_audio.c:447:6:HAL_SAI_TxCpltCallback	16	static
stm32f7508_discovery_audio.c:459:6:HAL_SAI_TxHalfCpltCallback	16	static
stm32f7508_discovery_audio.c:471:6:HAL_SAI_ErrorCallback	24	static
stm32f7508_discovery_audio.c:495:13:BSP_AUDIO_OUT_TransferComplete_CallBack	4	static
stm32f7508_discovery_audio.c:503:13:BSP_AUDIO_OUT_HalfTransfer_CallBack	4	static
stm32f7508_discovery_audio.c:511:13:BSP_AUDIO_OUT_Error_CallBack	4	static
stm32f7508_discovery_audio.c:521:13:BSP_AUDIO_OUT_MspInit	56	static
stm32f7508_discovery_audio.c:604:13:BSP_AUDIO_OUT_MspDeInit	40	static
stm32f7508_discovery_audio.c:649:13:BSP_AUDIO_OUT_ClockConfig	160	static
stm32f7508_discovery_audio.c:698:13:SAIx_Out_Init	16	static
stm32f7508_discovery_audio.c:754:13:SAIx_Out_DeInit	8	static
stm32f7508_discovery_audio.c:780:9:BSP_AUDIO_IN_Init	24	static
stm32f7508_discovery_audio.c:793:9:BSP_AUDIO_IN_InitEx	48	static
stm32f7508_discovery_audio.c:871:9:BSP_AUDIO_IN_OUT_Init	48	static
stm32f7508_discovery_audio.c:955:10:BSP_AUDIO_IN_Record	24	static
stm32f7508_discovery_audio.c:977:9:BSP_AUDIO_IN_Stop	16	static
stm32f7508_discovery_audio.c:1003:9:BSP_AUDIO_IN_Pause	8	static
stm32f7508_discovery_audio.c:1015:9:BSP_AUDIO_IN_Resume	8	static
stm32f7508_discovery_audio.c:1028:9:BSP_AUDIO_IN_SetVolume	16	static
stm32f7508_discovery_audio.c:1048:6:BSP_AUDIO_IN_DeInit	8	static
stm32f7508_discovery_audio.c:1060:6:HAL_SAI_RxCpltCallback	16	static
stm32f7508_discovery_audio.c:1071:6:HAL_SAI_RxHalfCpltCallback	16	static
stm32f7508_discovery_audio.c:1082:13:BSP_AUDIO_IN_TransferComplete_CallBack	4	static
stm32f7508_discovery_audio.c:1093:13:BSP_AUDIO_IN_HalfTransfer_CallBack	4	static
stm32f7508_discovery_audio.c:1104:13:BSP_AUDIO_IN_Error_CallBack	4	static
stm32f7508_discovery_audio.c:1116:13:BSP_AUDIO_IN_MspInit	56	static
stm32f7508_discovery_audio.c:1189:13:BSP_AUDIO_IN_MspDeInit	40	static
stm32f7508_discovery_audio.c:1231:13:SAIx_In_Init	24	static
stm32f7508_discovery_audio.c:1336:13:SAIx_In_DeInit	8	static
