stm32f7xx_hal_nor.c:294:13:HAL_NOR_MspInit	0	static
stm32f7xx_hal_nor.c:200:19:HAL_NOR_Init	16	static
stm32f7xx_hal_nor.c:310:13:HAL_NOR_MspDeInit	0	static
stm32f7xx_hal_nor.c:261:19:HAL_NOR_DeInit	8	static
stm32f7xx_hal_nor.c:327:13:HAL_NOR_MspWait	0	static
stm32f7xx_hal_nor.c:363:19:HAL_NOR_Read_ID	12	static,ignoring_inline_asm
stm32f7xx_hal_nor.c:423:19:HAL_NOR_ReturnToReadMode	0	static,ignoring_inline_asm
stm32f7xx_hal_nor.c:473:19:HAL_NOR_Read	16	static,ignoring_inline_asm
stm32f7xx_hal_nor.c:532:19:HAL_NOR_Program	16	static,ignoring_inline_asm
stm32f7xx_hal_nor.c:592:19:HAL_NOR_ReadBuffer	20	static,ignoring_inline_asm
stm32f7xx_hal_nor.c:657:19:HAL_NOR_ProgramBuffer	20	static,ignoring_inline_asm
stm32f7xx_hal_nor.c:737:19:HAL_NOR_Erase_Block	16	static,ignoring_inline_asm
stm32f7xx_hal_nor.c:796:19:HAL_NOR_Erase_Chip	8	static,ignoring_inline_asm
stm32f7xx_hal_nor.c:854:19:HAL_NOR_Read_CFI	12	static,ignoring_inline_asm
stm32f7xx_hal_nor.c:1030:19:HAL_NOR_WriteOperation_Enable	16	static
stm32f7xx_hal_nor.c:1053:19:HAL_NOR_WriteOperation_Disable	8	static
stm32f7xx_hal_nor.c:1098:22:HAL_NOR_GetState	0	static
stm32f7xx_hal_nor.c:1112:23:HAL_NOR_GetStatus	24	static
